Archive member included to satisfy reference by file (symbol)

app/libapp.a(main.c.obj)      (--whole-archive)
app/libapp.a(base_station.c.obj)
                              (--whole-archive)
app/libapp.a(scratch.c.obj)   (--whole-archive)
zephyr/libzephyr.a(validate_libc.c.obj)
                              (--whole-archive)
zephyr/libzephyr.a(heap.c.obj)
                              (--whole-archive)
zephyr/libzephyr.a(mem_blocks.c.obj)
                              (--whole-archive)
zephyr/libzephyr.a(cbprintf_packaged.c.obj)
                              (--whole-archive)
zephyr/libzephyr.a(clock.c.obj)
                              (--whole-archive)
zephyr/libzephyr.a(printk.c.obj)
                              (--whole-archive)
zephyr/libzephyr.a(sem.c.obj)
                              (--whole-archive)
zephyr/libzephyr.a(thread_entry.c.obj)
                              (--whole-archive)
zephyr/libzephyr.a(cbprintf_complete.c.obj)
                              (--whole-archive)
zephyr/libzephyr.a(assert.c.obj)
                              (--whole-archive)
zephyr/libzephyr.a(dec.c.obj)
                              (--whole-archive)
zephyr/libzephyr.a(hex.c.obj)
                              (--whole-archive)
zephyr/libzephyr.a(rb.c.obj)  (--whole-archive)
zephyr/libzephyr.a(timeutil.c.obj)
                              (--whole-archive)
zephyr/libzephyr.a(bitarray.c.obj)
                              (--whole-archive)
zephyr/libzephyr.a(bitmask.c.obj)
                              (--whole-archive)
zephyr/libzephyr.a(getopt.c.obj)
                              (--whole-archive)
zephyr/libzephyr.a(getopt_common.c.obj)
                              (--whole-archive)
zephyr/libzephyr.a(ring_buffer.c.obj)
                              (--whole-archive)
zephyr/libzephyr.a(last_section_id.c.obj)
                              (--whole-archive)
zephyr/libzephyr.a(configs.c.obj)
                              (--whole-archive)
zephyr/libzephyr.a(soc.c.obj)
                              (--whole-archive)
zephyr/libzephyr.a(tracing_none.c.obj)
                              (--whole-archive)
zephyr/libzephyr.a(cdc_acm_serial.c.obj)
                              (--whole-archive)
zephyr/arch/common/libarch__common.a(sw_isr_common.c.obj)
                              (--whole-archive)
zephyr/arch/common/libarch__common.a(init.c.obj)
                              (--whole-archive)
zephyr/arch/common/libarch__common.a(xip.c.obj)
                              (--whole-archive)
zephyr/arch/arch/arm/core/libarch__arm__core.a(fatal.c.obj)
                              (--whole-archive)
zephyr/arch/arch/arm/core/libarch__arm__core.a(nmi.c.obj)
                              (--whole-archive)
zephyr/arch/arch/arm/core/libarch__arm__core.a(nmi_on_reset.S.obj)
                              (--whole-archive)
zephyr/arch/arch/arm/core/libarch__arm__core.a(tls.c.obj)
                              (--whole-archive)
zephyr/arch/arch/arm/core/cortex_m/libarch__arm__core__cortex_m.a(exc_exit.c.obj)
                              (--whole-archive)
zephyr/arch/arch/arm/core/cortex_m/libarch__arm__core__cortex_m.a(fault.c.obj)
                              (--whole-archive)
zephyr/arch/arch/arm/core/cortex_m/libarch__arm__core__cortex_m.a(fault_s.S.obj)
                              (--whole-archive)
zephyr/arch/arch/arm/core/cortex_m/libarch__arm__core__cortex_m.a(fpu.c.obj)
                              (--whole-archive)
zephyr/arch/arch/arm/core/cortex_m/libarch__arm__core__cortex_m.a(reset.S.obj)
                              (--whole-archive)
zephyr/arch/arch/arm/core/cortex_m/libarch__arm__core__cortex_m.a(scb.c.obj)
                              (--whole-archive)
zephyr/arch/arch/arm/core/cortex_m/libarch__arm__core__cortex_m.a(thread_abort.c.obj)
                              (--whole-archive)
zephyr/arch/arch/arm/core/cortex_m/libarch__arm__core__cortex_m.a(vector_table.S.obj)
                              (--whole-archive)
zephyr/arch/arch/arm/core/cortex_m/libarch__arm__core__cortex_m.a(swap_helper.S.obj)
                              (--whole-archive)
zephyr/arch/arch/arm/core/cortex_m/libarch__arm__core__cortex_m.a(irq_manage.c.obj)
                              (--whole-archive)
zephyr/arch/arch/arm/core/cortex_m/libarch__arm__core__cortex_m.a(prep_c.c.obj)
                              (--whole-archive)
zephyr/arch/arch/arm/core/cortex_m/libarch__arm__core__cortex_m.a(thread.c.obj)
                              (--whole-archive)
zephyr/arch/arch/arm/core/cortex_m/libarch__arm__core__cortex_m.a(cpu_idle.c.obj)
                              (--whole-archive)
zephyr/arch/arch/arm/core/cortex_m/libarch__arm__core__cortex_m.a(irq_init.c.obj)
                              (--whole-archive)
zephyr/arch/arch/arm/core/cortex_m/libarch__arm__core__cortex_m.a(isr_wrapper.c.obj)
                              (--whole-archive)
zephyr/arch/arch/arm/core/cortex_m/libarch__arm__core__cortex_m.a(__aeabi_read_tp.S.obj)
[...]
Memory Configuration

Name             Origin             Length             Attributes
FLASH            0x0000000010000000 0x0000000000400000 xr
RAM              0x0000000020000000 0x0000000000082000 xw
IDT_LIST         0x00000000ffff7fff 0x0000000000008000 xw
*default*        0x0000000000000000 0xffffffffffffffff

Linker script and memory map

                0x0000000010004cfc                vfprintf = __l_vfprintf
                0x0000000000000000                vfscanf = __l_vfscanf
LOAD zephyr/CMakeFiles/zephyr_pre0.dir/misc/empty_file.c.obj
LOAD zephyr/CMakeFiles/offsets.dir/./arch/arm/core/offsets/offsets.c.obj
LOAD app/libapp.a
LOAD zephyr/libzephyr.a
LOAD zephyr/arch/common/libarch__common.a
LOAD zephyr/arch/arch/arm/core/libarch__arm__core.a
LOAD zephyr/arch/arch/arm/core/cortex_m/libarch__arm__core__cortex_m.a
LOAD zephyr/arch/arch/arm/core/cortex_m/cmse/libarch__arm__core__cortex_m__cmse.a
LOAD zephyr/lib/libc/picolibc/liblib__libc__picolibc.a
LOAD zephyr/lib/libc/common/liblib__libc__common.a
LOAD zephyr/lib/posix/c_lib_ext/liblib__posix__c_lib_ext.a
LOAD zephyr/lib/net_buf/liblib__net_buf.a
LOAD zephyr/soc/soc/rp2350a/rp2350/libsoc__raspberrypi__rpi_pico__rp2350.a
LOAD zephyr/subsys/usb/device_next/libsubsys__usb__device_next.a
LOAD zephyr/drivers/usb/udc/libdrivers__usb__udc.a
LOAD zephyr/drivers/clock_control/libdrivers__clock_control.a
LOAD zephyr/drivers/console/libdrivers__console.a
LOAD zephyr/drivers/gpio/libdrivers__gpio.a
LOAD zephyr/drivers/hwinfo/libdrivers__hwinfo.a
LOAD zephyr/drivers/pinctrl/libdrivers__pinctrl.a
LOAD zephyr/drivers/reset/libdrivers__reset.a
LOAD zephyr/drivers/serial/libdrivers__serial.a
LOAD zephyr/drivers/timer/libdrivers__timer.a
LOAD modules/hal_rpi_pico/libmodules__hal_rpi_pico.a
LOAD zephyr/kernel/libkernel.a
LOAD zephyr/arch/common/libisr_tables.a
LOAD /Users/joshdean/zephyr-sdk-0.17.4/arm-zephyr-eabi/bin/../lib/gcc/../../picolibc/arm-zephyr-eabi/lib/thumb/v8-m.main/nofp/libc.a
LOAD /Users/joshdean/zephyr-sdk-0.17.4/arm-zephyr-eabi/bin/../lib/gcc/arm-zephyr-eabi/12.2.0/thumb/v8-m.main/nofp/libgcc.a
                0x0000000000000004                _region_min_align = 0x4

.rel.plt        0x0000000010000000        0x0
 *(SORT_BY_ALIGNMENT(.rel.plt))
                [!provide]                        PROVIDE (__rel_iplt_start = .)
 *(SORT_BY_ALIGNMENT(.rel.iplt))
 .rel.iplt      0x0000000010000000        0x0 app/libapp.a(base_station.c.obj)
                [!provide]                        PROVIDE (__rel_iplt_end = .)

.rela.plt       0x0000000000000000        0x0
 *(SORT_BY_ALIGNMENT(.rela.plt))
                [!provide]                        PROVIDE (__rela_iplt_start = .)
 *(SORT_BY_ALIGNMENT(.rela.iplt))
                [!provide]                        PROVIDE (__rela_iplt_end = .)

.rel.dyn
 *(SORT_BY_ALIGNMENT(.rel.*))

.rela.dyn
 *(SORT_BY_ALIGNMENT(.rela.*))

/DISCARD/
 *(SORT_BY_ALIGNMENT(.plt))

/DISCARD/
 *(SORT_BY_ALIGNMENT(.iplt))
                0x0000000010000000                __rom_region_start = 0x10000000

rom_start       0x0000000010000000      0x12c
                0x0000000010000000                __rom_start_address = .
 FILL mask 0x00
                0x0000000010000000                . = (. + (0x0 - (. - __rom_start_address)))
                0x0000000010000000                . = ALIGN (0x4)
                0x0000000010000000                . = ALIGN (0x80)
                0x0000000010000000                . = ALIGN (0x200)
                0x0000000010000000                _vector_start = .
 *(SORT_BY_ALIGNMENT(.exc_vector_table))
 *(SORT_BY_ALIGNMENT(.exc_vector_table.*))
 .exc_vector_table._vector_table_section
                0x0000000010000000       0x40 zephyr/arch/arch/arm/core/cortex_m/libarch__arm__core__cortex_m.a(vector_table.S.obj)
                0x0000000010000000                _vector_table
 *(SORT_BY_ALIGNMENT(.vectors))
                0x0000000010000110                _vector_end = .
                0x0000000010000040                . = ALIGN (0x4)
 *(SORT_BY_ALIGNMENT(.gnu.linkonce.irq_vector_table*))
 .gnu.linkonce.irq_vector_table
                0x0000000010000040       0xd0 zephyr/arch/common/libisr_tables.a(isr_tables.c.obj)
                0x0000000010000040                _irq_vector_table
                0x0000000010000110                _vector_end = .
                0x0000000010000110        0x4 LONG 0xffffded3
                0x0000000010000114        0x2 SHORT 0x142
                0x0000000010000116        0x2 SHORT 0x1021
                0x0000000010000118        0x4 LONG 0x203
                0x000000001000011c        0x4 LONG 0x10000000 ABSOLUTE (_vector_start)
                0x0000000010000120        0x2 SHORT 0x3ff
                0x0000000010000122        0x2 SHORT 0x0
                0x0000000010000124        0x4 LONG 0x0
                0x0000000010000128        0x4 LONG 0xab123579

text            0x0000000010000130     0x9608
                0x0000000010000130                __text_region_start = .
 *(SORT_BY_ALIGNMENT(.text))
 .text          0x0000000010000130      0x21c /Users/joshdean/zephyr-sdk-0.17.4/arm-zephyr-eabi/bin/../lib/gcc/arm-zephyr-eabi/12.2.0/thumb/v8-m.main/nofp/libgcc.a(_arm_addsubsf3.o)
                0x0000000010000130                __aeabi_frsub
                0x0000000010000138                __aeabi_fsub
                0x0000000010000138                __subsf3
                0x000000001000013c                __aeabi_fadd
                0x000000001000013c                __addsf3
                0x000000001000029c                __aeabi_ui2f
                0x000000001000029c                __floatunsisf
                0x00000000100002a4                __floatsisf
                0x00000000100002a4                __aeabi_i2f
                0x00000000100002c0                __aeabi_ul2f
                0x00000000100002c0                __floatundisf
                0x00000000100002d0                __aeabi_l2f
                0x00000000100002d0                __floatdisf
 .text          0x000000001000034c      0x2a0 /Users/joshdean/zephyr-sdk-0.17.4/arm-zephyr-eabi/bin/../lib/gcc/arm-zephyr-eabi/12.2.0/thumb/v8-m.main/nofp/libgcc.a(_arm_muldivsf3.o)
                0x000000001000034c                __mulsf3
                0x000000001000034c                __aeabi_fmul
                0x00000000100004b4                __divsf3
                0x00000000100004b4                __aeabi_fdiv
 .text          0x00000000100005ec       0x4c /Users/joshdean/zephyr-sdk-0.17.4/arm-zephyr-eabi/bin/../lib/gcc/arm-zephyr-eabi/12.2.0/thumb/v8-m.main/nofp/libgcc.a(_arm_fixsfsi.o)
                0x00000000100005ec                __fixsfsi
                0x00000000100005ec                __aeabi_f2iz
 .text          0x0000000010000638       0x30 /Users/joshdean/zephyr-sdk-0.17.4/arm-zephyr-eabi/bin/../lib/gcc/arm-zephyr-eabi/12.2.0/thumb/v8-m.main/nofp/libgcc.a(_aeabi_uldivmod.o)
                0x0000000010000638                __aeabi_uldivmod
 .text          0x0000000010000668        0x4 /Users/joshdean/zephyr-sdk-0.17.4/arm-zephyr-eabi/bin/../lib/gcc/arm-zephyr-eabi/12.2.0/thumb/v8-m.main/nofp/libgcc.a(_dvmd_tls.o)
                0x0000000010000668                __aeabi_ldiv0
                0x0000000010000668                __aeabi_idiv0
 .text          0x000000001000066c       0x14 /Users/joshdean/zephyr-sdk-0.17.4/arm-zephyr-eabi/bin/../lib/gcc/../../picolibc/arm-zephyr-eabi/lib/thumb/v8-m.main/nofp/libc.a(strcmp.S.o)
                0x000000001000066c                strcmp
 .text          0x0000000010000680      0x29c /Users/joshdean/zephyr-sdk-0.17.4/arm-zephyr-eabi/bin/../lib/gcc/arm-zephyr-eabi/12.2.0/thumb/v8-m.main/nofp/libgcc.a(_udivmoddi4.o)
                0x0000000010000680                __udivmoddi4
 *(SORT_BY_ALIGNMENT(.text.*))
 .text.reset_btn_isr
                0x000000001000091c       0x20 app/libapp.a(base_station.c.obj)
                0x000000001000091c                reset_btn_isr
 .text.logging_btn_isr
                0x000000001000093c       0x20 app/libapp.a(base_station.c.obj)
                0x000000001000093c                logging_btn_isr
 .text.init     0x000000001000095c       0x4c app/libapp.a(base_station.c.obj)
                0x000000001000095c                init
 .text.worker_task
                0x00000000100009a8       0x50 app/libapp.a(base_station.c.obj)
                0x00000000100009a8                worker_task
 .text.log_event
                0x00000000100009f8       0x34 app/libapp.a(base_station.c.obj)
                0x00000000100009f8                log_event
 .text.log_state
                0x0000000010000a2c       0x28 app/libapp.a(base_station.c.obj)
                0x0000000010000a2c                log_state
 .text.fsm_task
                0x0000000010000a54       0x50 app/libapp.a(base_station.c.obj)
                0x0000000010000a54                fsm_task
 .text.char_out
                0x0000000010000aa4        0xc zephyr/libzephyr.a(printk.c.obj)
 .text.__printk_hook_install
                0x0000000010000ab0        0xc zephyr/libzephyr.a(printk.c.obj)
                0x0000000010000ab0                __printk_hook_install
 .text.vprintk  0x0000000010000abc       0x30 zephyr/libzephyr.a(printk.c.obj)
                0x0000000010000abc                vprintk
 .text.z_thread_entry
                0x0000000010000aec       0x34 zephyr/libzephyr.a(thread_entry.c.obj)
                0x0000000010000aec                z_thread_entry
 .text.cdc_acm_serial_init_device
                0x0000000010000b20       0x8c zephyr/libzephyr.a(cdc_acm_serial.c.obj)
 .text.arch_bss_zero
                0x0000000010000bac       0x18 zephyr/arch/common/libarch__common.a(init.c.obj)
                0x0000000010000bac                arch_bss_zero
 .text.arch_data_copy
                0x0000000010000bc4       0x38 zephyr/arch/common/libarch__common.a(xip.c.obj)
                0x0000000010000bc4                arch_data_copy
 .text.z_arm_fatal_error
                0x0000000010000bfc       0x60 zephyr/arch/arch/arm/core/libarch__arm__core.a(fatal.c.obj)
                0x0000000010000bfc                z_arm_fatal_error
 .text.z_SysNmiOnReset
                0x0000000010000c5c        0x8 zephyr/arch/arch/arm/core/libarch__arm__core.a(nmi_on_reset.S.obj)
                0x0000000010000c5c                z_SysNmiOnReset
 .text.arch_tls_stack_setup
                0x0000000010000c64       0x40 zephyr/arch/arch/arm/core/libarch__arm__core.a(tls.c.obj)
                0x0000000010000c64                arch_tls_stack_setup
 .text._HandlerModeExit
                0x0000000010000ca4       0x20 zephyr/arch/arch/arm/core/cortex_m/libarch__arm__core__cortex_m.a(exc_exit.c.obj)
                0x0000000010000ca4                z_arm_exc_exit
                0x0000000010000ca4                z_arm_int_exit
 .text.usage_fault.constprop.0
                0x0000000010000cc4       0xa8 zephyr/arch/arch/arm/core/cortex_m/libarch__arm__core__cortex_m.a(fault.c.obj)
 .text.bus_fault.constprop.0
                0x0000000010000d6c       0xb8 zephyr/arch/arch/arm/core/cortex_m/libarch__arm__core__cortex_m.a(fault.c.obj)
 .text.mem_manage_fault.constprop.0
                0x0000000010000e24       0xbc zephyr/arch/arch/arm/core/cortex_m/libarch__arm__core__cortex_m.a(fault.c.obj)
 .text.z_arm_fault
                0x0000000010000ee0      0x1a0 zephyr/arch/arch/arm/core/cortex_m/libarch__arm__core__cortex_m.a(fault.c.obj)
                0x0000000010000ee0                z_arm_fault
 .text.z_arm_fault_init
                0x0000000010001080       0x18 zephyr/arch/arch/arm/core/cortex_m/libarch__arm__core__cortex_m.a(fault.c.obj)
                0x0000000010001080                z_arm_fault_init
 .text.__fault  0x0000000010001098       0x14 zephyr/arch/arch/arm/core/cortex_m/libarch__arm__core__cortex_m.a(fault_s.S.obj)
                0x0000000010001098                z_arm_bus_fault
                0x0000000010001098                z_arm_usage_fault
                0x0000000010001098                z_arm_mpu_fault
                0x0000000010001098                z_arm_exc_spurious
                0x0000000010001098                z_arm_debug_monitor
                0x0000000010001098                z_arm_hard_fault
 .text._reset_section
                0x00000000100010ac       0x38 zephyr/arch/arch/arm/core/cortex_m/libarch__arm__core__cortex_m.a(reset.S.obj)
                0x00000000100010ac                z_arm_reset
                0x00000000100010ac                __start
 .text.z_impl_k_thread_abort
                0x00000000100010e4       0x2c zephyr/arch/arch/arm/core/cortex_m/libarch__arm__core__cortex_m.a(thread_abort.c.obj)
                0x00000000100010e4                z_impl_k_thread_abort
 .text.z_arm_pendsv
                0x0000000010001110       0x54 zephyr/arch/arch/arm/core/cortex_m/libarch__arm__core__cortex_m.a(swap_helper.S.obj)
                0x0000000010001110                z_arm_pendsv
 .text.z_arm_svc
                0x0000000010001164       0x24 zephyr/arch/arch/arm/core/cortex_m/libarch__arm__core__cortex_m.a(swap_helper.S.obj)
                0x0000000010001164                z_arm_svc
 .text.arm_irq_enable
                0x0000000010001188       0x1c zephyr/arch/arch/arm/core/cortex_m/libarch__arm__core__cortex_m.a(irq_manage.c.obj)
                0x0000000010001188                arm_irq_enable
 .text.arm_irq_disable
                0x00000000100011a4       0x28 zephyr/arch/arch/arm/core/cortex_m/libarch__arm__core__cortex_m.a(irq_manage.c.obj)
                0x00000000100011a4                arm_irq_disable
 .text.arm_irq_priority_set
                0x00000000100011cc       0x2c zephyr/arch/arch/arm/core/cortex_m/libarch__arm__core__cortex_m.a(irq_manage.c.obj)
                0x00000000100011cc                arm_irq_priority_set
 .text.relocate_vector_table
                0x00000000100011f8       0x1c zephyr/arch/arch/arm/core/cortex_m/libarch__arm__core__cortex_m.a(prep_c.c.obj)
                0x00000000100011f8                relocate_vector_table
 .text.z_prep_c
                0x0000000010001214       0x38 zephyr/arch/arch/arm/core/cortex_m/libarch__arm__core__cortex_m.a(prep_c.c.obj)
                0x0000000010001214                z_prep_c
 .text.arch_new_thread
                0x000000001000124c       0x38 zephyr/arch/arch/arm/core/cortex_m/libarch__arm__core__cortex_m.a(thread.c.obj)
                0x000000001000124c                arch_new_thread
 .text.arch_switch_to_main_thread
                0x0000000010001284       0x38 zephyr/arch/arch/arm/core/cortex_m/libarch__arm__core__cortex_m.a(thread.c.obj)
                0x0000000010001284                arch_switch_to_main_thread
 .text.z_arm_cpu_idle_init
                0x00000000100012bc        0xc zephyr/arch/arch/arm/core/cortex_m/libarch__arm__core__cortex_m.a(cpu_idle.c.obj)
                0x00000000100012bc                z_arm_cpu_idle_init
 .text.z_arm_interrupt_init
                0x00000000100012c8       0x18 zephyr/arch/arch/arm/core/cortex_m/libarch__arm__core__cortex_m.a(irq_init.c.obj)
                0x00000000100012c8                z_arm_interrupt_init
 .text._isr_wrapper
                0x00000000100012e0       0x24 zephyr/arch/arch/arm/core/cortex_m/libarch__arm__core__cortex_m.a(isr_wrapper.c.obj)
                0x00000000100012e0                _isr_wrapper
 .text.__aeabi_read_tp
                0x0000000010001304        0xc zephyr/arch/arch/arm/core/cortex_m/libarch__arm__core__cortex_m.a(__aeabi_read_tp.S.obj)
                0x0000000010001304                __aeabi_read_tp
 .text.z_impl_zephyr_fputc
                0x0000000010001310       0x10 zephyr/lib/libc/picolibc/liblib__libc__picolibc.a(stdio.c.obj)
                0x0000000010001310                z_impl_zephyr_fputc
 .text.__stdout_hook_install
                0x0000000010001320       0x18 zephyr/lib/libc/picolibc/liblib__libc__picolibc.a(stdio.c.obj)
                0x0000000010001320                __stdout_hook_install
 .text.abort    0x0000000010001338       0x1c zephyr/lib/libc/common/liblib__libc__common.a(abort.c.obj)
                0x0000000010001338                abort
 .text.malloc_prepare
                0x0000000010001354       0x24 zephyr/lib/libc/common/liblib__libc__common.a(malloc.c.obj)
 .text.net_buf_destroy
                0x0000000010001378       0x38 zephyr/lib/net_buf/liblib__net_buf.a(buf.c.obj)
 .text.net_buf_pool_get
                0x00000000100013b0       0x10 zephyr/lib/net_buf/liblib__net_buf.a(buf.c.obj)
                0x00000000100013b0                net_buf_pool_get
 .text.net_buf_alloc_len
                0x00000000100013c0       0xfc zephyr/lib/net_buf/liblib__net_buf.a(buf.c.obj)
                0x00000000100013c0                net_buf_alloc_len
 .text.net_buf_unref
                0x00000000100014bc       0x3c zephyr/lib/net_buf/liblib__net_buf.a(buf.c.obj)
                0x00000000100014bc                net_buf_unref
 .text.nonstd_request
                0x00000000100014f8       0xa4 zephyr/subsys/usb/device_next/libsubsys__usb__device_next.a(usbd_ch9.c.obj)
 .text.usbd_handle_ctrl_xfer
                0x000000001000159c      0x914 zephyr/subsys/usb/device_next/libsubsys__usb__device_next.a(usbd_ch9.c.obj)
                0x000000001000159c                usbd_handle_ctrl_xfer
 .text.usbd_event_carrier
                0x0000000010001eb0       0x48 zephyr/subsys/usb/device_next/libsubsys__usb__device_next.a(usbd_core.c.obj)
 .text.usbd_thread
                0x0000000010001ef8      0x194 zephyr/subsys/usb/device_next/libsubsys__usb__device_next.a(usbd_core.c.obj)
 .text.usbd_pre_init
                0x000000001000208c       0x94 zephyr/subsys/usb/device_next/libsubsys__usb__device_next.a(usbd_core.c.obj)
 .text.usbd_device_init_core
                0x0000000010002120       0x30 zephyr/subsys/usb/device_next/libsubsys__usb__device_next.a(usbd_core.c.obj)
                0x0000000010002120                usbd_device_init_core
 .text.usbd_class_node_get.part.0
                0x0000000010002150       0x2c zephyr/subsys/usb/device_next/libsubsys__usb__device_next.a(usbd_class.c.obj)
 .text.msg_work_handler
                0x000000001000217c       0x90 zephyr/subsys/usb/device_next/libsubsys__usb__device_next.a(usbd_msg.c.obj)
 .text.usbd_msg_pub
                0x000000001000220c       0x70 zephyr/subsys/usb/device_next/libsubsys__usb__device_next.a(usbd_msg.c.obj)
 .text.usbd_cdc_acm_ctd
                0x000000001000227c       0x60 zephyr/subsys/usb/device_next/libsubsys__usb__device_next.a(usbd_cdc_acm.c.obj)
 .text.usbd_cdc_acm_cth
                0x00000000100022dc       0x44 zephyr/subsys/usb/device_next/libsubsys__usb__device_next.a(usbd_cdc_acm.c.obj)
 .text.cdc_acm_poll_out
                0x0000000010002320       0x6c zephyr/subsys/usb/device_next/libsubsys__usb__device_next.a(usbd_cdc_acm.c.obj)
 .text.usbd_cdc_acm_preinit
                0x000000001000238c       0x4c zephyr/subsys/usb/device_next/libsubsys__usb__device_next.a(usbd_cdc_acm.c.obj)
 .text.udc_ep_buf_alloc
                0x00000000100023d8       0x30 zephyr/drivers/usb/udc/libdrivers__usb__udc.a(udc_common.c.obj)
                0x00000000100023d8                udc_ep_buf_alloc
 .text.udc_rpi_pico_make_thread_0
                0x0000000010002408       0x4c zephyr/drivers/usb/udc/libdrivers__usb__udc.a(udc_rpi_pico.c.obj)
 .text.udc_rpi_pico_enable
                0x0000000010002454       0xb0 zephyr/drivers/usb/udc/libdrivers__usb__udc.a(udc_rpi_pico.c.obj)
 .text.rpi_pico_isr_handler
                0x0000000010002504      0x3b8 zephyr/drivers/usb/udc/libdrivers__usb__udc.a(udc_rpi_pico.c.obj)
 .text.rpi_pico_rosc_write.constprop.0
                0x00000000100028bc       0x28 zephyr/drivers/clock_control/libdrivers__clock_control.a(clock_control_rpi_pico.c.obj)
 .text.rpi_pico_get_clock_src.isra.0
                0x00000000100028e4       0x9c zephyr/drivers/clock_control/libdrivers__clock_control.a(clock_control_rpi_pico.c.obj)
 .text.rpi_pico_calc_clock_freq
                0x0000000010002980      0x104 zephyr/drivers/clock_control/libdrivers__clock_control.a(clock_control_rpi_pico.c.obj)
 .text.clock_control_rpi_pico_init
                0x0000000010002a84      0x1d8 zephyr/drivers/clock_control/libdrivers__clock_control.a(clock_control_rpi_pico.c.obj)
 .text.uart_console_init
                0x0000000010002c5c       0x28 zephyr/drivers/console/libdrivers__console.a(uart_console.c.obj)
 .text.console_out
                0x0000000010002c84       0x28 zephyr/drivers/console/libdrivers__console.a(uart_console.c.obj)
 .text.gpio_rpi_get_pending_int
                0x0000000010002cac       0x30 zephyr/drivers/gpio/libdrivers__gpio.a(gpio_rpi_pico.c.obj)
 .text.gpio_rpi_configure
                0x0000000010002cdc       0xcc zephyr/drivers/gpio/libdrivers__gpio.a(gpio_rpi_pico.c.obj)
 .text.gpio_rpi_isr
                0x0000000010002da8       0x88 zephyr/drivers/gpio/libdrivers__gpio.a(gpio_rpi_pico.c.obj)
 .text.reset_rpi_status
                0x0000000010002e30       0x1c zephyr/drivers/reset/libdrivers__reset.a(reset_rpi_pico.c.obj)
 .text.reset_rpi_line_assert
                0x0000000010002e4c       0x10 zephyr/drivers/reset/libdrivers__reset.a(reset_rpi_pico.c.obj)
 .text.reset_rpi_line_deassert
                0x0000000010002e5c       0x1c zephyr/drivers/reset/libdrivers__reset.a(reset_rpi_pico.c.obj)
 .text.reset_rpi_line_toggle
                0x0000000010002e78       0x24 zephyr/drivers/reset/libdrivers__reset.a(reset_rpi_pico.c.obj)
 .text.pl011_runtime_configure_internal
                0x0000000010002e9c      0x138 zephyr/drivers/serial/libdrivers__serial.a(uart_pl011.c.obj)
 .text.elapsed  0x0000000010002fd4       0x4c zephyr/drivers/timer/libdrivers__timer.a(cortex_m_systick.c.obj)
 .text.sys_clock_driver_init
                0x0000000010003020       0x34 zephyr/drivers/timer/libdrivers__timer.a(cortex_m_systick.c.obj)
 .text.sys_clock_isr
                0x0000000010003054       0x60 zephyr/drivers/timer/libdrivers__timer.a(cortex_m_systick.c.obj)
                0x0000000010003054                sys_clock_isr
 .text.sys_clock_set_timeout
                0x00000000100030b4       0xfc zephyr/drivers/timer/libdrivers__timer.a(cortex_m_systick.c.obj)
                0x00000000100030b4                sys_clock_set_timeout
 .text.sys_clock_elapsed
                0x00000000100031b0       0x3c zephyr/drivers/timer/libdrivers__timer.a(cortex_m_systick.c.obj)
                0x00000000100031b0                sys_clock_elapsed
 .text.clock_configure_internal
                0x00000000100031ec       0xa4 modules/hal_rpi_pico/libmodules__hal_rpi_pico.a(clocks.c.obj)
 .text.pll_init
                0x0000000010003290       0xb4 modules/hal_rpi_pico/libmodules__hal_rpi_pico.a(pll.c.obj)
                0x0000000010003290                pll_init
 .text.xosc_init
                0x0000000010003344       0x28 modules/hal_rpi_pico/libmodules__hal_rpi_pico.a(xosc.c.obj)
                0x0000000010003344                xosc_init
 .text._gpio_set_irq_enabled
                0x000000001000336c       0x30 modules/hal_rpi_pico/libmodules__hal_rpi_pico.a(gpio.c.obj)
 .text.gpio_set_function
                0x000000001000339c       0x38 modules/hal_rpi_pico/libmodules__hal_rpi_pico.a(gpio.c.obj)
                0x000000001000339c                gpio_set_function
 .text.gpio_set_pulls
                0x00000000100033d4       0x24 modules/hal_rpi_pico/libmodules__hal_rpi_pico.a(gpio.c.obj)
                0x00000000100033d4                gpio_set_pulls
 .text.gpio_set_input_hysteresis_enabled
                0x00000000100033f8       0x1c modules/hal_rpi_pico/libmodules__hal_rpi_pico.a(gpio.c.obj)
                0x00000000100033f8                gpio_set_input_hysteresis_enabled
 .text.gpio_set_slew_rate
                0x0000000010003414       0x1c modules/hal_rpi_pico/libmodules__hal_rpi_pico.a(gpio.c.obj)
                0x0000000010003414                gpio_set_slew_rate
 .text.gpio_set_drive_strength
                0x0000000010003430       0x20 modules/hal_rpi_pico/libmodules__hal_rpi_pico.a(gpio.c.obj)
                0x0000000010003430                gpio_set_drive_strength
 .text.gpio_set_irq_enabled
                0x0000000010003450       0x20 modules/hal_rpi_pico/libmodules__hal_rpi_pico.a(gpio.c.obj)
                0x0000000010003450                gpio_set_irq_enabled
 .text.gpio_set_input_enabled
                0x0000000010003470       0x1c modules/hal_rpi_pico/libmodules__hal_rpi_pico.a(gpio.c.obj)
                0x0000000010003470                gpio_set_input_enabled
 .text.runtime_init_per_core_enable_coprocessors
                0x000000001000348c       0x1c modules/hal_rpi_pico/libmodules__hal_rpi_pico.a(runtime_init.c.obj)
                0x000000001000348c                runtime_init_per_core_enable_coprocessors
 .text.z_fatal_error
                0x00000000100034a8       0x30 zephyr/kernel/libkernel.a(fatal.c.obj)
                0x00000000100034a8                z_fatal_error
 .text.z_sys_init_run_level
                0x00000000100034d8       0x30 zephyr/kernel/libkernel.a(init.c.obj)
 .text.bg_thread_main
                0x0000000010003508       0xc0 zephyr/kernel/libkernel.a(init.c.obj)
 .text.z_init_cpu
                0x00000000100035c8       0x68 zephyr/kernel/libkernel.a(init.c.obj)
                0x00000000100035c8                z_init_cpu
 .text.z_cstart
                0x0000000010003630       0xb4 zephyr/kernel/libkernel.a(init.c.obj)
                0x0000000010003630                z_cstart
 .text.statics_init
                0x00000000100036e4       0x24 zephyr/kernel/libkernel.a(kheap.c.obj)
 .text.k_heap_aligned_alloc
                0x0000000010003708       0x1c zephyr/kernel/libkernel.a(kheap.c.obj)
                0x0000000010003708                k_heap_aligned_alloc
 .text.init_mem_slab_obj_core_list
                0x0000000010003724       0x24 zephyr/kernel/libkernel.a(mem_slab.c.obj)
 .text.k_mem_slab_alloc
                0x0000000010003748       0x5c zephyr/kernel/libkernel.a(mem_slab.c.obj)
                0x0000000010003748                k_mem_slab_alloc
 .text.put_msg_in_queue
                0x00000000100037a4       0xe0 zephyr/kernel/libkernel.a(msg_q.c.obj)
 .text.z_impl_k_msgq_get
                0x0000000010003884       0xc8 zephyr/kernel/libkernel.a(msg_q.c.obj)
                0x0000000010003884                z_impl_k_msgq_get
 .text.z_impl_k_mutex_lock
                0x000000001000394c       0xf0 zephyr/kernel/libkernel.a(mutex.c.obj)
                0x000000001000394c                z_impl_k_mutex_lock
 .text.z_impl_k_mutex_unlock
                0x0000000010003a3c       0xa0 zephyr/kernel/libkernel.a(mutex.c.obj)
                0x0000000010003a3c                z_impl_k_mutex_unlock
 .text.z_impl_k_queue_get
                0x0000000010003adc       0x64 zephyr/kernel/libkernel.a(queue.c.obj)
                0x0000000010003adc                z_impl_k_queue_get
 .text.z_impl_k_sem_give
                0x0000000010003b40       0x74 zephyr/kernel/libkernel.a(sem.c.obj)
                0x0000000010003b40                z_impl_k_sem_give
 .text.z_impl_k_sem_take
                0x0000000010003bb4       0x4c zephyr/kernel/libkernel.a(sem.c.obj)
                0x0000000010003bb4                z_impl_k_sem_take
 .text.z_impl_k_sem_reset
                0x0000000010003c00       0x80 zephyr/kernel/libkernel.a(sem.c.obj)
                0x0000000010003c00                z_impl_k_sem_reset
 .text.work_queue_main
                0x0000000010003c80      0x14c zephyr/kernel/libkernel.a(work.c.obj)
 .text.submit_to_queue_locked
                0x0000000010003dcc       0xb8 zephyr/kernel/libkernel.a(work.c.obj)
 .text.k_work_submit
                0x0000000010003e84        0xc zephyr/kernel/libkernel.a(work.c.obj)
                0x0000000010003e84                k_work_submit
 .text.k_work_queue_start
                0x0000000010003e90       0x80 zephyr/kernel/libkernel.a(work.c.obj)
                0x0000000010003e90                k_work_queue_start
 .text.k_work_schedule_for_queue
                0x0000000010003f10       0x54 zephyr/kernel/libkernel.a(work.c.obj)
                0x0000000010003f10                k_work_schedule_for_queue
 .text.k_work_schedule
                0x0000000010003f64        0xc zephyr/kernel/libkernel.a(work.c.obj)
                0x0000000010003f64                k_work_schedule
 .text.k_work_reschedule_for_queue
                0x0000000010003f70       0x5c zephyr/kernel/libkernel.a(work.c.obj)
                0x0000000010003f70                k_work_reschedule_for_queue
 .text.k_work_reschedule
                0x0000000010003fcc        0xc zephyr/kernel/libkernel.a(work.c.obj)
                0x0000000010003fcc                k_work_reschedule
 .text.z_setup_new_thread
                0x0000000010003fd8       0x74 zephyr/kernel/libkernel.a(thread.c.obj)
                0x0000000010003fd8                z_setup_new_thread
 .text.z_impl_k_thread_create
                0x000000001000404c       0x58 zephyr/kernel/libkernel.a(thread.c.obj)
                0x000000001000404c                z_impl_k_thread_create
 .text.z_dummy_thread_init
                0x00000000100040a4       0x14 zephyr/kernel/libkernel.a(thread.c.obj)
                0x00000000100040a4                z_dummy_thread_init
 .text.z_swap_irqlock
                0x00000000100040b8       0x34 zephyr/kernel/libkernel.a(sched.c.obj)
 .text.ready_thread
                0x00000000100040ec       0x84 zephyr/kernel/libkernel.a(sched.c.obj)
 .text.unready_thread
                0x0000000010004170       0x54 zephyr/kernel/libkernel.a(sched.c.obj)
 .text.add_thread_timeout
                0x00000000100041c4       0x1c zephyr/kernel/libkernel.a(sched.c.obj)
 .text.move_current_to_end_of_prio_q
                0x00000000100041e0       0x70 zephyr/kernel/libkernel.a(sched.c.obj)
                0x00000000100041e0                move_current_to_end_of_prio_q
 .text.z_pend_curr
                0x0000000010004250       0x44 zephyr/kernel/libkernel.a(sched.c.obj)
                0x0000000010004250                z_pend_curr
 .text.z_thread_prio_set
                0x0000000010004294       0xe4 zephyr/kernel/libkernel.a(sched.c.obj)
                0x0000000010004294                z_thread_prio_set
 .text.z_reschedule
                0x0000000010004378       0x24 zephyr/kernel/libkernel.a(sched.c.obj)
                0x0000000010004378                z_reschedule
 .text.z_reschedule_irqlock
                0x000000001000439c       0x28 zephyr/kernel/libkernel.a(sched.c.obj)
                0x000000001000439c                z_reschedule_irqlock
 .text.k_sched_lock
                0x00000000100043c4       0x28 zephyr/kernel/libkernel.a(sched.c.obj)
                0x00000000100043c4                k_sched_lock
 .text.k_sched_unlock
                0x00000000100043ec       0x68 zephyr/kernel/libkernel.a(sched.c.obj)
                0x00000000100043ec                k_sched_unlock
 .text.z_sched_init
                0x0000000010004454       0x10 zephyr/kernel/libkernel.a(sched.c.obj)
                0x0000000010004454                z_sched_init
 .text.z_impl_k_yield
                0x0000000010004464       0x88 zephyr/kernel/libkernel.a(sched.c.obj)
                0x0000000010004464                z_impl_k_yield
 .text.z_tick_sleep
                0x00000000100044ec       0x78 zephyr/kernel/libkernel.a(sched.c.obj)
 .text.z_impl_k_wakeup
                0x0000000010004564       0x48 zephyr/kernel/libkernel.a(sched.c.obj)
                0x0000000010004564                z_impl_k_wakeup
 .text.z_impl_k_sched_current_thread_query
                0x00000000100045ac        0xc zephyr/kernel/libkernel.a(sched.c.obj)
                0x00000000100045ac                z_impl_k_sched_current_thread_query
 .text.z_thread_abort
                0x00000000100045b8      0x140 zephyr/kernel/libkernel.a(sched.c.obj)
                0x00000000100045b8                z_thread_abort
 .text.z_sched_wait
                0x00000000100046f8       0x24 zephyr/kernel/libkernel.a(sched.c.obj)
                0x00000000100046f8                z_sched_wait
 .text.z_time_slice_size
                0x000000001000471c       0x40 zephyr/kernel/libkernel.a(timeslicing.c.obj)
 .text.slice_timeout
                0x000000001000475c       0x20 zephyr/kernel/libkernel.a(timeslicing.c.obj)
 .text.z_reset_time_slice
                0x000000001000477c       0x48 zephyr/kernel/libkernel.a(timeslicing.c.obj)
                0x000000001000477c                z_reset_time_slice
 .text.z_time_slice
                0x00000000100047c4       0x5c zephyr/kernel/libkernel.a(timeslicing.c.obj)
                0x00000000100047c4                z_time_slice
 .text.first    0x0000000010004820       0x10 zephyr/kernel/libkernel.a(timeout.c.obj)
 .text.elapsed  0x0000000010004830       0x14 zephyr/kernel/libkernel.a(timeout.c.obj)
 .text.remove_timeout
                0x0000000010004844       0x38 zephyr/kernel/libkernel.a(timeout.c.obj)
 .text.z_add_timeout
                0x000000001000487c      0x120 zephyr/kernel/libkernel.a(timeout.c.obj)
                0x000000001000487c                z_add_timeout
 .text.sys_clock_announce
                0x000000001000499c       0xbc zephyr/kernel/libkernel.a(timeout.c.obj)
                0x000000001000499c                sys_clock_announce
 .text.sys_clock_tick_get
                0x0000000010004a58       0x30 zephyr/kernel/libkernel.a(timeout.c.obj)
                0x0000000010004a58                sys_clock_tick_get
 .text.z_timer_expiration_handler
                0x0000000010004a88      0x104 zephyr/kernel/libkernel.a(timer.c.obj)
                0x0000000010004a88                z_timer_expiration_handler
 .text.z_impl_k_timer_start
                0x0000000010004b8c       0x70 zephyr/kernel/libkernel.a(timer.c.obj)
                0x0000000010004b8c                z_impl_k_timer_start
 .text.k_event_post_internal
                0x0000000010004bfc       0x6c zephyr/kernel/libkernel.a(events.c.obj)
 .text.z_thread_alloc_helper
                0x0000000010004c68       0x4c zephyr/kernel/libkernel.a(mempool.c.obj)
 .text.z_thread_malloc
                0x0000000010004cb4       0x10 zephyr/kernel/libkernel.a(mempool.c.obj)
                0x0000000010004cb4                z_thread_malloc
 .text.boot_banner
                0x0000000010004cc4        0xc zephyr/kernel/libkernel.a(banner.c.obj)
                0x0000000010004cc4                boot_banner
 .text.k_sys_work_q_init
                0x0000000010004cd0       0x2c zephyr/kernel/libkernel.a(system_work_q.c.obj)
 .text.__l_vfprintf
                0x0000000010004cfc      0x4b4 /Users/joshdean/zephyr-sdk-0.17.4/arm-zephyr-eabi/bin/../lib/gcc/../../picolibc/arm-zephyr-eabi/lib/thumb/v8-m.main/nofp/libc.a(libc_tinystdio_vflprintf.c.o)
                0x0000000010004cfc                __l_vfprintf
 .text._OffsetAbsSyms
                0x00000000100051b0        0x2 zephyr/CMakeFiles/offsets.dir/./arch/arm/core/offsets/offsets.c.obj
                0x00000000100051b0                _OffsetAbsSyms
 .text.timer_handler
                0x00000000100051b2        0x2 app/libapp.a(base_station.c.obj)
                0x00000000100051b2                timer_handler
 .text.init_btn
                0x00000000100051b4       0x9a app/libapp.a(base_station.c.obj)
                0x00000000100051b4                init_btn
 .text.get_next_state
                0x000000001000524e       0x3e app/libapp.a(base_station.c.obj)
                0x000000001000524e                get_next_state
 .text.chunk_field
                0x000000001000528c       0x16 zephyr/libzephyr.a(heap.c.obj)
 .text.chunk_set
                0x00000000100052a2       0x16 zephyr/libzephyr.a(heap.c.obj)
 .text.chunk_size
                0x00000000100052b8        0xc zephyr/libzephyr.a(heap.c.obj)
 .text.set_chunk_used
                0x00000000100052c4       0x30 zephyr/libzephyr.a(heap.c.obj)
 .text.set_chunk_size
                0x00000000100052f4        0x8 zephyr/libzephyr.a(heap.c.obj)
 .text.mem_to_chunkid
                0x00000000100052fc       0x14 zephyr/libzephyr.a(heap.c.obj)
 .text.bucket_idx
                0x0000000010005310       0x1e zephyr/libzephyr.a(heap.c.obj)
 .text.free_list_remove_bidx
                0x000000001000532e       0x5c zephyr/libzephyr.a(heap.c.obj)
 .text.free_list_remove
                0x000000001000538a       0x2e zephyr/libzephyr.a(heap.c.obj)
 .text.alloc_chunk
                0x00000000100053b8       0x72 zephyr/libzephyr.a(heap.c.obj)
 .text.split_chunks
                0x000000001000542a       0x4e zephyr/libzephyr.a(heap.c.obj)
 .text.merge_chunks
                0x0000000010005478       0x3c zephyr/libzephyr.a(heap.c.obj)
 .text.free_list_add
                0x00000000100054b4       0x84 zephyr/libzephyr.a(heap.c.obj)
 .text.free_chunk
                0x0000000010005538       0x84 zephyr/libzephyr.a(heap.c.obj)
 .text.sys_heap_free
                0x00000000100055bc       0x24 zephyr/libzephyr.a(heap.c.obj)
                0x00000000100055bc                sys_heap_free
 .text.sys_heap_alloc
                0x00000000100055e0       0x76 zephyr/libzephyr.a(heap.c.obj)
                0x00000000100055e0                sys_heap_alloc
 .text.sys_heap_noalign_alloc
                0x0000000010005656        0x6 zephyr/libzephyr.a(heap.c.obj)
                0x0000000010005656                sys_heap_noalign_alloc
 .text.sys_heap_aligned_alloc
                0x000000001000565c       0xf8 zephyr/libzephyr.a(heap.c.obj)
                0x000000001000565c                sys_heap_aligned_alloc
 .text.sys_heap_init
                0x0000000010005754       0xb0 zephyr/libzephyr.a(heap.c.obj)
                0x0000000010005754                sys_heap_init
 .text.sys_mem_blocks_free
                0x0000000010005804       0x58 zephyr/libzephyr.a(mem_blocks.c.obj)
                0x0000000010005804                sys_mem_blocks_free
 .text.sys_mem_blocks_alloc
                0x000000001000585c       0x4e zephyr/libzephyr.a(mem_blocks.c.obj)
                0x000000001000585c                sys_mem_blocks_alloc
 .text.arch_printk_char_out
                0x00000000100058aa        0x4 zephyr/libzephyr.a(printk.c.obj)
                0x00000000100058aa                arch_printk_char_out
 .text.printk   0x00000000100058ae       0x1a zephyr/libzephyr.a(printk.c.obj)
                0x00000000100058ae                printk
 .text.setup_bundle_data.constprop.0
                0x00000000100058c8       0x3a zephyr/libzephyr.a(bitarray.c.obj)
 .text.set_region
                0x0000000010005902       0x90 zephyr/libzephyr.a(bitarray.c.obj)
 .text.match_region
                0x0000000010005992       0x8c zephyr/libzephyr.a(bitarray.c.obj)
 .text.sys_bitarray_alloc
                0x0000000010005a1e       0xc8 zephyr/libzephyr.a(bitarray.c.obj)
                0x0000000010005a1e                sys_bitarray_alloc
 .text.sys_bitarray_free
                0x0000000010005ae6       0x96 zephyr/libzephyr.a(bitarray.c.obj)
                0x0000000010005ae6                sys_bitarray_free
 .text.bitmask_find_gap
                0x0000000010005b7c       0x76 zephyr/libzephyr.a(bitmask.c.obj)
                0x0000000010005b7c                bitmask_find_gap
 .text.ring_buf_area_claim
                0x0000000010005bf2       0x30 zephyr/libzephyr.a(ring_buffer.c.obj)
                0x0000000010005bf2                ring_buf_area_claim
 .text.ring_buf_put_claim
                0x0000000010005c22       0x1e zephyr/libzephyr.a(ring_buffer.c.obj)
 .text.ring_buf_get_claim
                0x0000000010005c40       0x1e zephyr/libzephyr.a(ring_buffer.c.obj)
 .text.ring_buf_area_finish
                0x0000000010005c5e       0x32 zephyr/libzephyr.a(ring_buffer.c.obj)
                0x0000000010005c5e                ring_buf_area_finish
 .text.ring_buf_put
                0x0000000010005c90       0x40 zephyr/libzephyr.a(ring_buffer.c.obj)
                0x0000000010005c90                ring_buf_put
 .text.ring_buf_get
                0x0000000010005cd0       0x44 zephyr/libzephyr.a(ring_buffer.c.obj)
                0x0000000010005cd0                ring_buf_get
 .text._ConfigAbsSyms
                0x0000000010005d14        0x2 zephyr/libzephyr.a(configs.c.obj)
                0x0000000010005d14                _ConfigAbsSyms
 .text.arch_early_memset
                0x0000000010005d16        0x4 zephyr/arch/common/libarch__common.a(init.c.obj)
                0x0000000010005d16                arch_early_memset
 .text.arch_early_memcpy
                0x0000000010005d1a        0x4 zephyr/arch/common/libarch__common.a(init.c.obj)
                0x0000000010005d1a                arch_early_memcpy
 .text.z_do_kernel_oops
                0x0000000010005d1e        0x8 zephyr/arch/arch/arm/core/libarch__arm__core.a(fatal.c.obj)
                0x0000000010005d1e                z_do_kernel_oops
 .text.z_arm_nmi
                0x0000000010005d26        0xe zephyr/arch/arch/arm/core/libarch__arm__core.a(nmi.c.obj)
                0x0000000010005d26                z_arm_nmi
 .text.z_irq_spurious
                0x0000000010005d34        0x8 zephyr/arch/arch/arm/core/cortex_m/libarch__arm__core__cortex_m.a(irq_manage.c.obj)
                0x0000000010005d34                z_irq_spurious
 .text.arch_coprocessors_disable
                0x0000000010005d3c        0x6 zephyr/arch/arch/arm/core/cortex_m/libarch__arm__core__cortex_m.a(thread.c.obj)
                0x0000000010005d3c                arch_coprocessors_disable
 .text.arch_irq_unlock_outlined
                0x0000000010005d42        0xe zephyr/arch/arch/arm/core/cortex_m/libarch__arm__core__cortex_m.a(thread.c.obj)
                0x0000000010005d42                arch_irq_unlock_outlined
 .text.arch_cpu_idle
                0x0000000010005d50       0x1a zephyr/arch/arch/arm/core/cortex_m/libarch__arm__core__cortex_m.a(cpu_idle.c.obj)
                0x0000000010005d50                arch_cpu_idle
 .text.__assert_no_args
                0x0000000010005d6a        0x6 zephyr/lib/libc/picolibc/liblib__libc__picolibc.a(assert.c.obj)
                0x0000000010005d6a                __assert_no_args
 .text.picolibc_put
                0x0000000010005d70        0xa zephyr/lib/libc/picolibc/liblib__libc__picolibc.a(stdio.c.obj)
 .text.net_buf_frag_insert
                0x0000000010005d7a       0x16 zephyr/lib/net_buf/liblib__net_buf.a(buf.c.obj)
                0x0000000010005d7a                net_buf_frag_insert
 .text.net_buf_frag_add
                0x0000000010005d90       0x22 zephyr/lib/net_buf/liblib__net_buf.a(buf.c.obj)
                0x0000000010005d90                net_buf_frag_add
 .text.net_buf_frag_del
                0x0000000010005db2       0x18 zephyr/lib/net_buf/liblib__net_buf.a(buf.c.obj)
                0x0000000010005db2                net_buf_frag_del
 .text.net_buf_simple_add
                0x0000000010005dca        0xc zephyr/lib/net_buf/liblib__net_buf.a(buf_simple.c.obj)
                0x0000000010005dca                net_buf_simple_add
 .text.net_buf_simple_add_mem
                0x0000000010005dd6       0x12 zephyr/lib/net_buf/liblib__net_buf.a(buf_simple.c.obj)
                0x0000000010005dd6                net_buf_simple_add_mem
 .text.net_buf_simple_add_u8
                0x0000000010005de8       0x10 zephyr/lib/net_buf/liblib__net_buf.a(buf_simple.c.obj)
                0x0000000010005de8                net_buf_simple_add_u8
 .text.net_buf_simple_add_le16
                0x0000000010005df8       0x14 zephyr/lib/net_buf/liblib__net_buf.a(buf_simple.c.obj)
                0x0000000010005df8                net_buf_simple_add_le16
 .text.net_buf_simple_remove_mem
                0x0000000010005e0c        0xe zephyr/lib/net_buf/liblib__net_buf.a(buf_simple.c.obj)
                0x0000000010005e0c                net_buf_simple_remove_mem
 .text.net_buf_simple_pull
                0x0000000010005e1a       0x10 zephyr/lib/net_buf/liblib__net_buf.a(buf_simple.c.obj)
                0x0000000010005e1a                net_buf_simple_pull
 .text.net_buf_simple_tailroom
                0x0000000010005e2a       0x10 zephyr/lib/net_buf/liblib__net_buf.a(buf_simple.c.obj)
                0x0000000010005e2a                net_buf_simple_tailroom
 .text.soc_reset_hook
                0x0000000010005e3a        0x4 zephyr/soc/soc/rp2350a/rp2350/libsoc__raspberrypi__rpi_pico__rp2350.a(soc.c.obj)
                0x0000000010005e3a                soc_reset_hook
 .text.usbd_device_lock
                0x0000000010005e3e        0xe zephyr/subsys/usb/device_next/libsubsys__usb__device_next.a(usbd_device.c.obj)
 .text.k_mutex_unlock.isra.0
                0x0000000010005e4c        0x4 zephyr/subsys/usb/device_next/libsubsys__usb__device_next.a(usbd_device.c.obj)
 .text.usbd_bus_speed
                0x0000000010005e50        0xa zephyr/subsys/usb/device_next/libsubsys__usb__device_next.a(usbd_device.c.obj)
                0x0000000010005e50                usbd_bus_speed
 .text.usbd_device_set_code_triple
                0x0000000010005e5a       0x48 zephyr/subsys/usb/device_next/libsubsys__usb__device_next.a(usbd_device.c.obj)
                0x0000000010005e5a                usbd_device_set_code_triple
 .text.usbd_is_suspended
                0x0000000010005ea2        0xa zephyr/subsys/usb/device_next/libsubsys__usb__device_next.a(usbd_device.c.obj)
                0x0000000010005ea2                usbd_is_suspended
 .text.usbd_init
                0x0000000010005eac       0x5e zephyr/subsys/usb/device_next/libsubsys__usb__device_next.a(usbd_device.c.obj)
                0x0000000010005eac                usbd_init
 .text.usbd_enable
                0x0000000010005f0a       0x5c zephyr/subsys/usb/device_next/libsubsys__usb__device_next.a(usbd_device.c.obj)
                0x0000000010005f0a                usbd_enable
 .text.usbd_device_get_vreq
                0x0000000010005f66       0x28 zephyr/subsys/usb/device_next/libsubsys__usb__device_next.a(usbd_device.c.obj)
                0x0000000010005f66                usbd_device_get_vreq
 .text.usbd_device_register_vreq
                0x0000000010005f8e       0x56 zephyr/subsys/usb/device_next/libsubsys__usb__device_next.a(usbd_device.c.obj)
                0x0000000010005f8e                usbd_device_register_vreq
 .text.usbd_get_descriptor
                0x0000000010005fe4       0x34 zephyr/subsys/usb/device_next/libsubsys__usb__device_next.a(usbd_desc.c.obj)
                0x0000000010005fe4                usbd_get_descriptor
 .text.usbd_add_descriptor
                0x0000000010006018      0x106 zephyr/subsys/usb/device_next/libsubsys__usb__device_next.a(usbd_desc.c.obj)
                0x0000000010006018                usbd_add_descriptor
 .text.usbd_str_desc_get_idx
                0x000000001000611e        0xa zephyr/subsys/usb/device_next/libsubsys__usb__device_next.a(usbd_desc.c.obj)
                0x000000001000611e                usbd_str_desc_get_idx
 .text.reqtype_is_to_host
                0x0000000010006128        0xc zephyr/subsys/usb/device_next/libsubsys__usb__device_next.a(usbd_ch9.c.obj)
 .text.sreq_feature_halt_notify
                0x0000000010006134       0x20 zephyr/subsys/usb/device_next/libsubsys__usb__device_next.a(usbd_ch9.c.obj)
 .text.udc_test_mode
                0x0000000010006154       0x40 zephyr/subsys/usb/device_next/libsubsys__usb__device_next.a(usbd_ch9.c.obj)
 .text.udc_set_address
                0x0000000010006194       0x32 zephyr/subsys/usb/device_next/libsubsys__usb__device_next.a(usbd_ch9.c.obj)
 .text.usbd_init_control_pipe
                0x00000000100061c6        0xc zephyr/subsys/usb/device_next/libsubsys__usb__device_next.a(usbd_ch9.c.obj)
                0x00000000100061c6                usbd_init_control_pipe
 .text.usbd_class_bcast_event
                0x00000000100061d2       0x44 zephyr/subsys/usb/device_next/libsubsys__usb__device_next.a(usbd_core.c.obj)
 .text.usbd_ep_bm_is_set.isra.0
                0x0000000010006216       0x12 zephyr/subsys/usb/device_next/libsubsys__usb__device_next.a(usbd_init.c.obj)
 .text.unassign_eps.constprop.0
                0x0000000010006228       0x8c zephyr/subsys/usb/device_next/libsubsys__usb__device_next.a(usbd_init.c.obj)
 .text.usbd_init_configurations
                0x00000000100062b4      0x1e2 zephyr/subsys/usb/device_next/libsubsys__usb__device_next.a(usbd_init.c.obj)
                0x00000000100062b4                usbd_init_configurations
 .text.usbd_device_lock
                0x0000000010006496        0xe zephyr/subsys/usb/device_next/libsubsys__usb__device_next.a(usbd_config.c.obj)
 .text.k_mutex_unlock.isra.0
                0x00000000100064a4        0x4 zephyr/subsys/usb/device_next/libsubsys__usb__device_next.a(usbd_config.c.obj)
 .text.usbd_config_get
                0x00000000100064a8       0x28 zephyr/subsys/usb/device_next/libsubsys__usb__device_next.a(usbd_config.c.obj)
                0x00000000100064a8                usbd_config_get
 .text.usbd_config_get_current
                0x00000000100064d0       0x24 zephyr/subsys/usb/device_next/libsubsys__usb__device_next.a(usbd_config.c.obj)
                0x00000000100064d0                usbd_config_get_current
 .text.usbd_config_exist
                0x00000000100064f4        0xe zephyr/subsys/usb/device_next/libsubsys__usb__device_next.a(usbd_config.c.obj)
                0x00000000100064f4                usbd_config_exist
 .text.usbd_config_set
                0x0000000010006502       0x98 zephyr/subsys/usb/device_next/libsubsys__usb__device_next.a(usbd_config.c.obj)
                0x0000000010006502                usbd_config_set
 .text.usbd_add_configuration
                0x000000001000659a       0xc2 zephyr/subsys/usb/device_next/libsubsys__usb__device_next.a(usbd_config.c.obj)
                0x000000001000659a                usbd_add_configuration
 .text.usbd_device_lock
                0x000000001000665c        0xe zephyr/subsys/usb/device_next/libsubsys__usb__device_next.a(usbd_class.c.obj)
 .text.usbd_class_desc_len
                0x000000001000666a       0x20 zephyr/subsys/usb/device_next/libsubsys__usb__device_next.a(usbd_class.c.obj)
                0x000000001000666a                usbd_class_desc_len
 .text.usbd_class_get_by_config
                0x000000001000668a       0x20 zephyr/subsys/usb/device_next/libsubsys__usb__device_next.a(usbd_class.c.obj)
                0x000000001000668a                usbd_class_get_by_config
 .text.usbd_class_get_by_iface
                0x00000000100066aa       0x20 zephyr/subsys/usb/device_next/libsubsys__usb__device_next.a(usbd_class.c.obj)
                0x00000000100066aa                usbd_class_get_by_iface
 .text.usbd_class_handle_xfer
                0x00000000100066ca       0x12 zephyr/subsys/usb/device_next/libsubsys__usb__device_next.a(usbd_class.c.obj)
                0x00000000100066ca                usbd_class_handle_xfer
 .text.usbd_class_get_by_ep
                0x00000000100066dc       0x46 zephyr/subsys/usb/device_next/libsubsys__usb__device_next.a(usbd_class.c.obj)
                0x00000000100066dc                usbd_class_get_by_ep
 .text.usbd_class_get_by_req
                0x0000000010006722       0x2e zephyr/subsys/usb/device_next/libsubsys__usb__device_next.a(usbd_class.c.obj)
                0x0000000010006722                usbd_class_get_by_req
 .text.usbd_register_class
                0x0000000010006750       0x90 zephyr/subsys/usb/device_next/libsubsys__usb__device_next.a(usbd_class.c.obj)
                0x0000000010006750                usbd_register_class
 .text.usbd_interface_modify
                0x00000000100067e0       0x98 zephyr/subsys/usb/device_next/libsubsys__usb__device_next.a(usbd_interface.c.obj)
 .text.usbd_interface_shutdown
                0x0000000010006878       0x54 zephyr/subsys/usb/device_next/libsubsys__usb__device_next.a(usbd_interface.c.obj)
                0x0000000010006878                usbd_interface_shutdown
 .text.usbd_interface_default
                0x00000000100068cc       0x50 zephyr/subsys/usb/device_next/libsubsys__usb__device_next.a(usbd_interface.c.obj)
                0x00000000100068cc                usbd_interface_default
 .text.usbd_interface_set
                0x000000001000691c       0x78 zephyr/subsys/usb/device_next/libsubsys__usb__device_next.a(usbd_interface.c.obj)
                0x000000001000691c                usbd_interface_set
 .text.usbd_ep_bm_clear
                0x0000000010006994       0x1c zephyr/subsys/usb/device_next/libsubsys__usb__device_next.a(usbd_endpoint.c.obj)
 .text.usbd_ep_enable
                0x00000000100069b0       0x38 zephyr/subsys/usb/device_next/libsubsys__usb__device_next.a(usbd_endpoint.c.obj)
                0x00000000100069b0                usbd_ep_enable
 .text.usbd_ep_disable
                0x00000000100069e8       0x2c zephyr/subsys/usb/device_next/libsubsys__usb__device_next.a(usbd_endpoint.c.obj)
                0x00000000100069e8                usbd_ep_disable
 .text.usbd_ep_ctrl_enqueue
                0x0000000010006a14       0x7c zephyr/subsys/usb/device_next/libsubsys__usb__device_next.a(usbd_endpoint.c.obj)
                0x0000000010006a14                usbd_ep_ctrl_enqueue
 .text.usbd_ep_buf_alloc
                0x0000000010006a90        0x8 zephyr/subsys/usb/device_next/libsubsys__usb__device_next.a(usbd_endpoint.c.obj)
                0x0000000010006a90                usbd_ep_buf_alloc
 .text.usbd_ep_enqueue
                0x0000000010006a98       0x30 zephyr/subsys/usb/device_next/libsubsys__usb__device_next.a(usbd_endpoint.c.obj)
                0x0000000010006a98                usbd_ep_enqueue
 .text.usbd_ep_buf_free
                0x0000000010006ac8        0x6 zephyr/subsys/usb/device_next/libsubsys__usb__device_next.a(usbd_endpoint.c.obj)
                0x0000000010006ac8                usbd_ep_buf_free
 .text.usbd_ep_dequeue
                0x0000000010006ace        0x6 zephyr/subsys/usb/device_next/libsubsys__usb__device_next.a(usbd_endpoint.c.obj)
                0x0000000010006ace                usbd_ep_dequeue
 .text.usbd_ep_set_halt
                0x0000000010006ad4       0x28 zephyr/subsys/usb/device_next/libsubsys__usb__device_next.a(usbd_endpoint.c.obj)
                0x0000000010006ad4                usbd_ep_set_halt
 .text.usbd_ep_clear_halt
                0x0000000010006afc       0x1e zephyr/subsys/usb/device_next/libsubsys__usb__device_next.a(usbd_endpoint.c.obj)
                0x0000000010006afc                usbd_ep_clear_halt
 .text.usbd_ep_is_halted
                0x0000000010006b1a       0x16 zephyr/subsys/usb/device_next/libsubsys__usb__device_next.a(usbd_endpoint.c.obj)
                0x0000000010006b1a                usbd_ep_is_halted
 .text.usbd_msg_pub_simple
                0x0000000010006b30       0x1c zephyr/subsys/usb/device_next/libsubsys__usb__device_next.a(usbd_msg.c.obj)
                0x0000000010006b30                usbd_msg_pub_simple
 .text.usbd_msg_pub_device
                0x0000000010006b4c       0x1c zephyr/subsys/usb/device_next/libsubsys__usb__device_next.a(usbd_msg.c.obj)
                0x0000000010006b4c                usbd_msg_pub_device
 .text.usbd_cdc_acm_update
                0x0000000010006b68        0x2 zephyr/subsys/usb/device_next/libsubsys__usb__device_next.a(usbd_cdc_acm.c.obj)
 .text.usbd_cdc_acm_get_desc
                0x0000000010006b6a        0x8 zephyr/subsys/usb/device_next/libsubsys__usb__device_next.a(usbd_cdc_acm.c.obj)
 .text.cdc_acm_update_uart_cfg
                0x0000000010006b72       0x4c zephyr/subsys/usb/device_next/libsubsys__usb__device_next.a(usbd_cdc_acm.c.obj)
 .text.cdc_acm_irq_tx_ready
                0x0000000010006bbe       0x18 zephyr/subsys/usb/device_next/libsubsys__usb__device_next.a(usbd_cdc_acm.c.obj)
 .text.cdc_acm_irq_rx_ready
                0x0000000010006bd6        0x8 zephyr/subsys/usb/device_next/libsubsys__usb__device_next.a(usbd_cdc_acm.c.obj)
 .text.cdc_acm_irq_is_pending
                0x0000000010006bde       0x12 zephyr/subsys/usb/device_next/libsubsys__usb__device_next.a(usbd_cdc_acm.c.obj)
 .text.cdc_acm_irq_callback_set
                0x0000000010006bf0        0x8 zephyr/subsys/usb/device_next/libsubsys__usb__device_next.a(usbd_cdc_acm.c.obj)
 .text.cdc_acm_line_ctrl_get
                0x0000000010006bf8       0x24 zephyr/subsys/usb/device_next/libsubsys__usb__device_next.a(usbd_cdc_acm.c.obj)
 .text.cdc_acm_configure
                0x0000000010006c1c       0x16 zephyr/subsys/usb/device_next/libsubsys__usb__device_next.a(usbd_cdc_acm.c.obj)
 .text.atomic_test_bit
                0x0000000010006c32        0xc zephyr/subsys/usb/device_next/libsubsys__usb__device_next.a(usbd_cdc_acm.c.obj)
 .text.cdc_acm_irq_rx_enable
                0x0000000010006c3e       0x42 zephyr/subsys/usb/device_next/libsubsys__usb__device_next.a(usbd_cdc_acm.c.obj)
 .text.cdc_acm_fifo_read
                0x0000000010006c80       0x14 zephyr/subsys/usb/device_next/libsubsys__usb__device_next.a(usbd_cdc_acm.c.obj)
 .text.cdc_acm_poll_in
                0x0000000010006c94       0x2a zephyr/subsys/usb/device_next/libsubsys__usb__device_next.a(usbd_cdc_acm.c.obj)
 .text.cdc_acm_fifo_fill
                0x0000000010006cbe       0x2a zephyr/subsys/usb/device_next/libsubsys__usb__device_next.a(usbd_cdc_acm.c.obj)
 .text.cdc_acm_config_get
                0x0000000010006ce8        0xe zephyr/subsys/usb/device_next/libsubsys__usb__device_next.a(usbd_cdc_acm.c.obj)
 .text.usbd_cdc_acm_init
                0x0000000010006cf6       0x34 zephyr/subsys/usb/device_next/libsubsys__usb__device_next.a(usbd_cdc_acm.c.obj)
 .text.atomic_clear_bit
                0x0000000010006d2a       0x16 zephyr/subsys/usb/device_next/libsubsys__usb__device_next.a(usbd_cdc_acm.c.obj)
 .text.cdc_acm_irq_rx_disable
                0x0000000010006d40        0xa zephyr/subsys/usb/device_next/libsubsys__usb__device_next.a(usbd_cdc_acm.c.obj)
 .text.cdc_acm_irq_tx_disable
                0x0000000010006d4a        0xa zephyr/subsys/usb/device_next/libsubsys__usb__device_next.a(usbd_cdc_acm.c.obj)
 .text.usbd_cdc_acm_disable
                0x0000000010006d54       0x18 zephyr/subsys/usb/device_next/libsubsys__usb__device_next.a(usbd_cdc_acm.c.obj)
 .text.usbd_cdc_acm_resumed
                0x0000000010006d6c        0xc zephyr/subsys/usb/device_next/libsubsys__usb__device_next.a(usbd_cdc_acm.c.obj)
 .text.cdc_acm_tx_fifo_handler
                0x0000000010006d78       0xb8 zephyr/subsys/usb/device_next/libsubsys__usb__device_next.a(usbd_cdc_acm.c.obj)
 .text.cdc_acm_line_ctrl_set
                0x0000000010006e30       0xee zephyr/subsys/usb/device_next/libsubsys__usb__device_next.a(usbd_cdc_acm.c.obj)
 .text.usbd_cdc_acm_request
                0x0000000010006f1e       0xe8 zephyr/subsys/usb/device_next/libsubsys__usb__device_next.a(usbd_cdc_acm.c.obj)
 .text.cdc_acm_rx_fifo_handler
                0x0000000010007006       0x82 zephyr/subsys/usb/device_next/libsubsys__usb__device_next.a(usbd_cdc_acm.c.obj)
 .text.cdc_acm_irq_cb_handler
                0x0000000010007088       0xae zephyr/subsys/usb/device_next/libsubsys__usb__device_next.a(usbd_cdc_acm.c.obj)
 .text.cdc_acm_irq_update
                0x0000000010007136       0x46 zephyr/subsys/usb/device_next/libsubsys__usb__device_next.a(usbd_cdc_acm.c.obj)
 .text.usbd_cdc_acm_suspended
                0x000000001000717c       0x18 zephyr/subsys/usb/device_next/libsubsys__usb__device_next.a(usbd_cdc_acm.c.obj)
 .text.usbd_cdc_acm_enable
                0x0000000010007194       0x5c zephyr/subsys/usb/device_next/libsubsys__usb__device_next.a(usbd_cdc_acm.c.obj)
 .text.cdc_acm_irq_tx_enable
                0x00000000100071f0       0x2e zephyr/subsys/usb/device_next/libsubsys__usb__device_next.a(usbd_cdc_acm.c.obj)
 .text.udc_pool_data_unref
                0x000000001000721e       0x18 zephyr/drivers/usb/udc/libdrivers__usb__udc.a(udc_common.c.obj)
 .text.udc_pool_data_alloc
                0x0000000010007236       0x2e zephyr/drivers/usb/udc/libdrivers__usb__udc.a(udc_common.c.obj)
 .text.udc_buf_destroy
                0x0000000010007264       0x30 zephyr/drivers/usb/udc/libdrivers__usb__udc.a(udc_common.c.obj)
 .text.ep_check_config.constprop.0
                0x0000000010007294       0x68 zephyr/drivers/usb/udc/libdrivers__usb__udc.a(udc_common.c.obj)
 .text.udc_is_initialized.isra.0
                0x00000000100072fc        0xc zephyr/drivers/usb/udc/libdrivers__usb__udc.a(udc_common.c.obj)
 .text.udc_is_enabled.isra.0
                0x0000000010007308        0xc zephyr/drivers/usb/udc/libdrivers__usb__udc.a(udc_common.c.obj)
 .text.udc_set_suspended
                0x0000000010007314       0x2e zephyr/drivers/usb/udc/libdrivers__usb__udc.a(udc_common.c.obj)
                0x0000000010007314                udc_set_suspended
 .text.udc_get_ep_cfg
                0x0000000010007342       0x12 zephyr/drivers/usb/udc/libdrivers__usb__udc.a(udc_common.c.obj)
                0x0000000010007342                udc_get_ep_cfg
 .text.udc_ep_is_busy
                0x0000000010007354        0x8 zephyr/drivers/usb/udc/libdrivers__usb__udc.a(udc_common.c.obj)
                0x0000000010007354                udc_ep_is_busy
 .text.udc_ep_set_busy
                0x000000001000735c        0xa zephyr/drivers/usb/udc/libdrivers__usb__udc.a(udc_common.c.obj)
                0x000000001000735c                udc_ep_set_busy
 .text.udc_register_ep
                0x0000000010007366       0x2e zephyr/drivers/usb/udc/libdrivers__usb__udc.a(udc_common.c.obj)
                0x0000000010007366                udc_register_ep
 .text.udc_buf_get
                0x0000000010007394        0x8 zephyr/drivers/usb/udc/libdrivers__usb__udc.a(udc_common.c.obj)
                0x0000000010007394                udc_buf_get
 .text.udc_buf_get_all
                0x000000001000739c       0x2e zephyr/drivers/usb/udc/libdrivers__usb__udc.a(udc_common.c.obj)
                0x000000001000739c                udc_buf_get_all
 .text.udc_buf_peek
                0x00000000100073ca        0x4 zephyr/drivers/usb/udc/libdrivers__usb__udc.a(udc_common.c.obj)
                0x00000000100073ca                udc_buf_peek
 .text.udc_buf_put
                0x00000000100073ce        0x4 zephyr/drivers/usb/udc/libdrivers__usb__udc.a(udc_common.c.obj)
                0x00000000100073ce                udc_buf_put
 .text.udc_ep_buf_set_setup
                0x00000000100073d2        0xe zephyr/drivers/usb/udc/libdrivers__usb__udc.a(udc_common.c.obj)
                0x00000000100073d2                udc_ep_buf_set_setup
 .text.udc_ep_buf_has_zlp
                0x00000000100073e0        0x8 zephyr/drivers/usb/udc/libdrivers__usb__udc.a(udc_common.c.obj)
                0x00000000100073e0                udc_ep_buf_has_zlp
 .text.udc_ep_buf_clear_zlp
                0x00000000100073e8        0xa zephyr/drivers/usb/udc/libdrivers__usb__udc.a(udc_common.c.obj)
                0x00000000100073e8                udc_ep_buf_clear_zlp
 .text.udc_submit_event
                0x00000000100073f2       0x18 zephyr/drivers/usb/udc/libdrivers__usb__udc.a(udc_common.c.obj)
                0x00000000100073f2                udc_submit_event
 .text.udc_submit_ep_event
                0x000000001000740a       0x30 zephyr/drivers/usb/udc/libdrivers__usb__udc.a(udc_common.c.obj)
                0x000000001000740a                udc_submit_ep_event
 .text.udc_ep_try_config
                0x000000001000743a       0x88 zephyr/drivers/usb/udc/libdrivers__usb__udc.a(udc_common.c.obj)
                0x000000001000743a                udc_ep_try_config
 .text.udc_ep_enable_internal
                0x00000000100074c2       0x66 zephyr/drivers/usb/udc/libdrivers__usb__udc.a(udc_common.c.obj)
                0x00000000100074c2                udc_ep_enable_internal
 .text.udc_ep_enable
                0x0000000010007528       0x52 zephyr/drivers/usb/udc/libdrivers__usb__udc.a(udc_common.c.obj)
                0x0000000010007528                udc_ep_enable
 .text.udc_ep_disable_internal
                0x000000001000757a       0x3e zephyr/drivers/usb/udc/libdrivers__usb__udc.a(udc_common.c.obj)
                0x000000001000757a                udc_ep_disable_internal
 .text.udc_ep_disable
                0x00000000100075b8       0x38 zephyr/drivers/usb/udc/libdrivers__usb__udc.a(udc_common.c.obj)
                0x00000000100075b8                udc_ep_disable
 .text.udc_ep_set_halt
                0x00000000100075f0       0x56 zephyr/drivers/usb/udc/libdrivers__usb__udc.a(udc_common.c.obj)
                0x00000000100075f0                udc_ep_set_halt
 .text.udc_ep_clear_halt
                0x0000000010007646       0x62 zephyr/drivers/usb/udc/libdrivers__usb__udc.a(udc_common.c.obj)
                0x0000000010007646                udc_ep_clear_halt
 .text.udc_ep_enqueue
                0x00000000100076a8       0x50 zephyr/drivers/usb/udc/libdrivers__usb__udc.a(udc_common.c.obj)
                0x00000000100076a8                udc_ep_enqueue
 .text.udc_ep_dequeue
                0x00000000100076f8       0x42 zephyr/drivers/usb/udc/libdrivers__usb__udc.a(udc_common.c.obj)
                0x00000000100076f8                udc_ep_dequeue
 .text.udc_ctrl_alloc
                0x000000001000773a        0x4 zephyr/drivers/usb/udc/libdrivers__usb__udc.a(udc_common.c.obj)
                0x000000001000773a                udc_ctrl_alloc
 .text.udc_ep_buf_free
                0x000000001000773e       0x1c zephyr/drivers/usb/udc/libdrivers__usb__udc.a(udc_common.c.obj)
                0x000000001000773e                udc_ep_buf_free
 .text.udc_device_speed
                0x000000001000775a       0x2c zephyr/drivers/usb/udc/libdrivers__usb__udc.a(udc_common.c.obj)
                0x000000001000775a                udc_device_speed
 .text.udc_enable
                0x0000000010007786       0x52 zephyr/drivers/usb/udc/libdrivers__usb__udc.a(udc_common.c.obj)
                0x0000000010007786                udc_enable
 .text.udc_disable
                0x00000000100077d8       0x40 zephyr/drivers/usb/udc/libdrivers__usb__udc.a(udc_common.c.obj)
                0x00000000100077d8                udc_disable
 .text.udc_init
                0x0000000010007818       0x5e zephyr/drivers/usb/udc/libdrivers__usb__udc.a(udc_common.c.obj)
                0x0000000010007818                udc_init
 .text.udc_shutdown
                0x0000000010007876       0x4e zephyr/drivers/usb/udc/libdrivers__usb__udc.a(udc_common.c.obj)
                0x0000000010007876                udc_shutdown
 .text.udc_ctrl_submit_s_out_status
                0x00000000100078c4       0x4c zephyr/drivers/usb/udc/libdrivers__usb__udc.a(udc_common.c.obj)
                0x00000000100078c4                udc_ctrl_submit_s_out_status
 .text.udc_ctrl_submit_s_in_status
                0x0000000010007910       0x4c zephyr/drivers/usb/udc/libdrivers__usb__udc.a(udc_common.c.obj)
                0x0000000010007910                udc_ctrl_submit_s_in_status
 .text.udc_ctrl_submit_s_status
                0x000000001000795c       0x3e zephyr/drivers/usb/udc/libdrivers__usb__udc.a(udc_common.c.obj)
                0x000000001000795c                udc_ctrl_submit_s_status
 .text.udc_ctrl_submit_status
                0x000000001000799a        0xe zephyr/drivers/usb/udc/libdrivers__usb__udc.a(udc_common.c.obj)
                0x000000001000799a                udc_ctrl_submit_status
 .text.udc_ctrl_stage_is_data_out
                0x00000000100079a8        0xe zephyr/drivers/usb/udc/libdrivers__usb__udc.a(udc_common.c.obj)
                0x00000000100079a8                udc_ctrl_stage_is_data_out
 .text.udc_ctrl_stage_is_data_in
                0x00000000100079b6        0xe zephyr/drivers/usb/udc/libdrivers__usb__udc.a(udc_common.c.obj)
                0x00000000100079b6                udc_ctrl_stage_is_data_in
 .text.udc_ctrl_stage_is_status_out
                0x00000000100079c4        0xe zephyr/drivers/usb/udc/libdrivers__usb__udc.a(udc_common.c.obj)
                0x00000000100079c4                udc_ctrl_stage_is_status_out
 .text.udc_ctrl_stage_is_status_in
                0x00000000100079d2        0xe zephyr/drivers/usb/udc/libdrivers__usb__udc.a(udc_common.c.obj)
                0x00000000100079d2                udc_ctrl_stage_is_status_in
 .text.udc_ctrl_stage_is_no_data
                0x00000000100079e0        0xe zephyr/drivers/usb/udc/libdrivers__usb__udc.a(udc_common.c.obj)
                0x00000000100079e0                udc_ctrl_stage_is_no_data
 .text.udc_ctrl_update_stage
                0x00000000100079ee       0x84 zephyr/drivers/usb/udc/libdrivers__usb__udc.a(udc_common.c.obj)
                0x00000000100079ee                udc_ctrl_update_stage
 .text.udc_rpi_pico_set_address
                0x0000000010007a72        0xa zephyr/drivers/usb/udc/libdrivers__usb__udc.a(udc_rpi_pico.c.obj)
 .text.udc_rpi_pico_host_wakeup
                0x0000000010007a7c       0x20 zephyr/drivers/usb/udc/libdrivers__usb__udc.a(udc_rpi_pico.c.obj)
 .text.udc_rpi_pico_shutdown
                0x0000000010007a9c       0x14 zephyr/drivers/usb/udc/libdrivers__usb__udc.a(udc_rpi_pico.c.obj)
 .text.udc_rpi_pico_disable
                0x0000000010007ab0       0x2c zephyr/drivers/usb/udc/libdrivers__usb__udc.a(udc_rpi_pico.c.obj)
 .text.udc_rpi_pico_irq_disable_func_0
                0x0000000010007adc        0x6 zephyr/drivers/usb/udc/libdrivers__usb__udc.a(udc_rpi_pico.c.obj)
 .text.udc_rpi_pico_irq_enable_func_0
                0x0000000010007ae2       0x16 zephyr/drivers/usb/udc/libdrivers__usb__udc.a(udc_rpi_pico.c.obj)
 .text.udc_rpi_pico_init
                0x0000000010007af8       0x40 zephyr/drivers/usb/udc/libdrivers__usb__udc.a(udc_rpi_pico.c.obj)
 .text.atomic_clear
                0x0000000010007b38       0x14 zephyr/drivers/usb/udc/libdrivers__usb__udc.a(udc_rpi_pico.c.obj)
 .text.udc_rpi_pico_lock
                0x0000000010007b4c       0x1c zephyr/drivers/usb/udc/libdrivers__usb__udc.a(udc_rpi_pico.c.obj)
 .text.read_buf_ctrl_reg.isra.0
                0x0000000010007b68       0x1c zephyr/drivers/usb/udc/libdrivers__usb__udc.a(udc_rpi_pico.c.obj)
 .text.udc_rpi_pico_unlock
                0x0000000010007b84       0x12 zephyr/drivers/usb/udc/libdrivers__usb__udc.a(udc_rpi_pico.c.obj)
 .text.udc_rpi_pico_driver_preinit
                0x0000000010007b96      0x142 zephyr/drivers/usb/udc/libdrivers__usb__udc.a(udc_rpi_pico.c.obj)
 .text.k_event_post.isra.0
                0x0000000010007cd8        0x4 zephyr/drivers/usb/udc/libdrivers__usb__udc.a(udc_rpi_pico.c.obj)
 .text.atomic_set_bit
                0x0000000010007cdc       0x1e zephyr/drivers/usb/udc/libdrivers__usb__udc.a(udc_rpi_pico.c.obj)
 .text.write_buf_ctrl_reg.isra.0
                0x0000000010007cfa       0x1c zephyr/drivers/usb/udc/libdrivers__usb__udc.a(udc_rpi_pico.c.obj)
 .text.rpi_pico_prep_rx.constprop.0
                0x0000000010007d16       0x8e zephyr/drivers/usb/udc/libdrivers__usb__udc.a(udc_rpi_pico.c.obj)
 .text.rpi_pico_ctrl_feed_dout
                0x0000000010007da4       0x34 zephyr/drivers/usb/udc/libdrivers__usb__udc.a(udc_rpi_pico.c.obj)
 .text.rpi_pico_ep_cancel
                0x0000000010007dd8       0x6a zephyr/drivers/usb/udc/libdrivers__usb__udc.a(udc_rpi_pico.c.obj)
 .text.udc_rpi_pico_ep_set_halt
                0x0000000010007e42       0x8c zephyr/drivers/usb/udc/libdrivers__usb__udc.a(udc_rpi_pico.c.obj)
 .text.udc_rpi_pico_ep_dequeue
                0x0000000010007ece       0x3c zephyr/drivers/usb/udc/libdrivers__usb__udc.a(udc_rpi_pico.c.obj)
 .text.udc_rpi_pico_ep_enable
                0x0000000010007f0a       0x94 zephyr/drivers/usb/udc/libdrivers__usb__udc.a(udc_rpi_pico.c.obj)
 .text.rpi_pico_prep_tx
                0x0000000010007f9e       0xaa zephyr/drivers/usb/udc/libdrivers__usb__udc.a(udc_rpi_pico.c.obj)
 .text.rpi_pico_handle_xfer_next
                0x0000000010008048       0x52 zephyr/drivers/usb/udc/libdrivers__usb__udc.a(udc_rpi_pico.c.obj)
 .text.udc_rpi_pico_ep_clear_halt
                0x000000001000809a       0xc2 zephyr/drivers/usb/udc/libdrivers__usb__udc.a(udc_rpi_pico.c.obj)
 .text.udc_rpi_pico_ep_disable
                0x000000001000815c       0x66 zephyr/drivers/usb/udc/libdrivers__usb__udc.a(udc_rpi_pico.c.obj)
 .text.udc_rpi_pico_thread_0
                0x00000000100081c2      0x26c zephyr/drivers/usb/udc/libdrivers__usb__udc.a(udc_rpi_pico.c.obj)
 .text.udc_rpi_pico_ep_enqueue
                0x000000001000842e       0x42 zephyr/drivers/usb/udc/libdrivers__usb__udc.a(udc_rpi_pico.c.obj)
 .text.clock_control_rpi_pico_on
                0x0000000010008470       0x3c zephyr/drivers/clock_control/libdrivers__clock_control.a(clock_control_rpi_pico.c.obj)
 .text.clock_control_rpi_pico_off
                0x00000000100084ac       0x3c zephyr/drivers/clock_control/libdrivers__clock_control.a(clock_control_rpi_pico.c.obj)
 .text.rpi_pico_is_clock_enabled.isra.0
                0x00000000100084e8       0x70 zephyr/drivers/clock_control/libdrivers__clock_control.a(clock_control_rpi_pico.c.obj)
 .text.clock_control_rpi_pico_get_status
                0x0000000010008558       0x18 zephyr/drivers/clock_control/libdrivers__clock_control.a(clock_control_rpi_pico.c.obj)
 .text.clock_control_rpi_pico_get_rate
                0x0000000010008570       0x1e zephyr/drivers/clock_control/libdrivers__clock_control.a(clock_control_rpi_pico.c.obj)
 .text.rpi_pico_clkid_tuple_reorder_by_dependencies
                0x000000001000858e       0x4c zephyr/drivers/clock_control/libdrivers__clock_control.a(clock_control_rpi_pico.c.obj)
                0x000000001000858e                rpi_pico_clkid_tuple_reorder_by_dependencies
 .text.gpio_rpi_port_get_raw
                0x00000000100085da        0xa zephyr/drivers/gpio/libdrivers__gpio.a(gpio_rpi_pico.c.obj)
 .text.gpio_rpi_port_set_bits_raw
                0x00000000100085e4       0x24 zephyr/drivers/gpio/libdrivers__gpio.a(gpio_rpi_pico.c.obj)
 .text.gpio_rpi_port_clear_bits_raw
                0x0000000010008608       0x24 zephyr/drivers/gpio/libdrivers__gpio.a(gpio_rpi_pico.c.obj)
 .text.gpio_rpi_port_toggle_bits
                0x000000001000862c       0x16 zephyr/drivers/gpio/libdrivers__gpio.a(gpio_rpi_pico.c.obj)
 .text.gpio_rpi_manage_callback
                0x0000000010008642       0x52 zephyr/drivers/gpio/libdrivers__gpio.a(gpio_rpi_pico.c.obj)
 .text.gpio_rpi_bank_init
                0x0000000010008694        0xe zephyr/drivers/gpio/libdrivers__gpio.a(gpio_rpi_pico.c.obj)
 .text.gpio_rpi_pin_interrupt_configure
                0x00000000100086a2       0x42 zephyr/drivers/gpio/libdrivers__gpio.a(gpio_rpi_pico.c.obj)
 .text.bank_0_config_func
                0x00000000100086e4       0x16 zephyr/drivers/gpio/libdrivers__gpio.a(gpio_rpi_pico.c.obj)
 .text.gpio_rpi_port_set_masked_raw
                0x00000000100086fa       0x40 zephyr/drivers/gpio/libdrivers__gpio.a(gpio_rpi_pico.c.obj)
 .text.z_impl_hwinfo_get_device_id
                0x000000001000873a       0x38 zephyr/drivers/hwinfo/libdrivers__hwinfo.a(hwinfo_rpi_pico.c.obj)
                0x000000001000873a                z_impl_hwinfo_get_device_id
 .text.pinctrl_lookup_state
                0x0000000010008772       0x26 zephyr/drivers/pinctrl/libdrivers__pinctrl.a(common.c.obj)
                0x0000000010008772                pinctrl_lookup_state
 .text.pinctrl_configure_pins
                0x0000000010008798       0xc2 zephyr/drivers/pinctrl/libdrivers__pinctrl.a(pinctrl_rpi_pico.c.obj)
                0x0000000010008798                pinctrl_configure_pins
 .text.pwr_on_raspberrypi_pico_uart
                0x000000001000885a        0x4 zephyr/drivers/serial/libdrivers__serial.a(uart_pl011.c.obj)
 .text.clk_enable_raspberrypi_pico_uart
                0x000000001000885e        0x4 zephyr/drivers/serial/libdrivers__serial.a(uart_pl011.c.obj)
 .text.pl011_poll_in
                0x0000000010008862       0x2a zephyr/drivers/serial/libdrivers__serial.a(uart_pl011.c.obj)
 .text.pl011_poll_out
                0x000000001000888c        0xe zephyr/drivers/serial/libdrivers__serial.a(uart_pl011.c.obj)
 .text.pl011_err_check
                0x000000001000889a       0x24 zephyr/drivers/serial/libdrivers__serial.a(uart_pl011.c.obj)
 .text.pl011_runtime_config_get
                0x00000000100088be       0x10 zephyr/drivers/serial/libdrivers__serial.a(uart_pl011.c.obj)
 .text.pl011_fifo_fill
                0x00000000100088ce       0x1e zephyr/drivers/serial/libdrivers__serial.a(uart_pl011.c.obj)
 .text.pl011_fifo_read
                0x00000000100088ec       0x1e zephyr/drivers/serial/libdrivers__serial.a(uart_pl011.c.obj)
 .text.pl011_irq_tx_enable
                0x000000001000890a       0x4a zephyr/drivers/serial/libdrivers__serial.a(uart_pl011.c.obj)
 .text.pl011_irq_tx_disable
                0x0000000010008954       0x14 zephyr/drivers/serial/libdrivers__serial.a(uart_pl011.c.obj)
 .text.pl011_irq_tx_complete
                0x0000000010008968       0x10 zephyr/drivers/serial/libdrivers__serial.a(uart_pl011.c.obj)
 .text.pl011_irq_tx_ready
                0x0000000010008978       0x2c zephyr/drivers/serial/libdrivers__serial.a(uart_pl011.c.obj)
 .text.pl011_irq_rx_enable
                0x00000000100089a4        0xe zephyr/drivers/serial/libdrivers__serial.a(uart_pl011.c.obj)
 .text.pl011_irq_rx_disable
                0x00000000100089b2        0xe zephyr/drivers/serial/libdrivers__serial.a(uart_pl011.c.obj)
 .text.pl011_irq_rx_ready
                0x00000000100089c0       0x26 zephyr/drivers/serial/libdrivers__serial.a(uart_pl011.c.obj)
 .text.pl011_irq_err_enable
                0x00000000100089e6        0xe zephyr/drivers/serial/libdrivers__serial.a(uart_pl011.c.obj)
 .text.pl011_irq_err_disable
                0x00000000100089f4        0xe zephyr/drivers/serial/libdrivers__serial.a(uart_pl011.c.obj)
 .text.pl011_irq_is_pending
                0x0000000010008a02       0x1c zephyr/drivers/serial/libdrivers__serial.a(uart_pl011.c.obj)
 .text.pl011_irq_update
                0x0000000010008a1e        0x4 zephyr/drivers/serial/libdrivers__serial.a(uart_pl011.c.obj)
 .text.pl011_irq_callback_set
                0x0000000010008a22        0x8 zephyr/drivers/serial/libdrivers__serial.a(uart_pl011.c.obj)
 .text.pl011_isr
                0x0000000010008a2a       0x26 zephyr/drivers/serial/libdrivers__serial.a(uart_pl011.c.obj)
                0x0000000010008a2a                pl011_isr
 .text.pl011_irq_config_func_0
                0x0000000010008a50       0x16 zephyr/drivers/serial/libdrivers__serial.a(uart_pl011.c.obj)
 .text.pl011_runtime_configure
                0x0000000010008a66        0x6 zephyr/drivers/serial/libdrivers__serial.a(uart_pl011.c.obj)
 .text.pl011_init
                0x0000000010008a6c      0x112 zephyr/drivers/serial/libdrivers__serial.a(uart_pl011.c.obj)
 .text.clock_configure
                0x0000000010008b7e       0x52 modules/hal_rpi_pico/libmodules__hal_rpi_pico.a(clocks.c.obj)
                0x0000000010008b7e                clock_configure
 .text.tick_start
                0x0000000010008bd0       0x14 modules/hal_rpi_pico/libmodules__hal_rpi_pico.a(ticks.c.obj)
                0x0000000010008bd0                tick_start
 .text.gpio_set_irqover
                0x0000000010008be4       0x1e modules/hal_rpi_pico/libmodules__hal_rpi_pico.a(gpio.c.obj)
                0x0000000010008be4                gpio_set_irqover
 .text.gpio_set_inover
                0x0000000010008c02       0x1e modules/hal_rpi_pico/libmodules__hal_rpi_pico.a(gpio.c.obj)
                0x0000000010008c02                gpio_set_inover
 .text.gpio_set_outover
                0x0000000010008c20       0x1e modules/hal_rpi_pico/libmodules__hal_rpi_pico.a(gpio.c.obj)
                0x0000000010008c20                gpio_set_outover
 .text.gpio_set_oeover
                0x0000000010008c3e       0x1e modules/hal_rpi_pico/libmodules__hal_rpi_pico.a(gpio.c.obj)
                0x0000000010008c3e                gpio_set_oeover
 .text.gpio_init
                0x0000000010008c5c       0x12 modules/hal_rpi_pico/libmodules__hal_rpi_pico.a(gpio.c.obj)
                0x0000000010008c5c                gpio_init
 .text.flash_get_unique_id
                0x0000000010008c6e       0x3c modules/hal_rpi_pico/libmodules__hal_rpi_pico.a(flash.c.obj)
                0x0000000010008c6e                flash_get_unique_id
 .text.do_device_init
                0x0000000010008caa       0x30 zephyr/kernel/libkernel.a(device.c.obj)
                0x0000000010008caa                do_device_init
 .text.z_impl_device_is_ready
                0x0000000010008cda       0x16 zephyr/kernel/libkernel.a(device.c.obj)
                0x0000000010008cda                z_impl_device_is_ready
 .text.arch_system_halt
                0x0000000010008cf0       0x10 zephyr/kernel/libkernel.a(fatal.c.obj)
                0x0000000010008cf0                arch_system_halt
 .text.k_sys_fatal_error_handler
                0x0000000010008d00        0x6 zephyr/kernel/libkernel.a(fatal.c.obj)
                0x0000000010008d00                k_sys_fatal_error_handler
 .text.z_heap_alloc_helper
                0x0000000010008d06       0x84 zephyr/kernel/libkernel.a(kheap.c.obj)
 .text.k_heap_init
                0x0000000010008d8a       0x10 zephyr/kernel/libkernel.a(kheap.c.obj)
                0x0000000010008d8a                k_heap_init
 .text.k_heap_free
                0x0000000010008d9a       0x38 zephyr/kernel/libkernel.a(kheap.c.obj)
                0x0000000010008d9a                k_heap_free
 .text.create_free_list
                0x0000000010008dd2       0x34 zephyr/kernel/libkernel.a(mem_slab.c.obj)
 .text.k_mem_slab_free
                0x0000000010008e06       0x70 zephyr/kernel/libkernel.a(mem_slab.c.obj)
                0x0000000010008e06                k_mem_slab_free
 .text.idle     0x0000000010008e76       0x16 zephyr/kernel/libkernel.a(idle.c.obj)
                0x0000000010008e76                idle
 .text.unpend_thread_no_timeout
                0x0000000010008e8c       0x1a zephyr/kernel/libkernel.a(msg_q.c.obj)
 .text.z_impl_k_msgq_put
                0x0000000010008ea6        0xe zephyr/kernel/libkernel.a(msg_q.c.obj)
                0x0000000010008ea6                z_impl_k_msgq_put
 .text.adjust_owner_prio.isra.0
                0x0000000010008eb4       0x10 zephyr/kernel/libkernel.a(mutex.c.obj)
 .text.z_impl_k_mutex_init
                0x0000000010008ec4        0xe zephyr/kernel/libkernel.a(mutex.c.obj)
                0x0000000010008ec4                z_impl_k_mutex_init
 .text.unpend_thread_no_timeout
                0x0000000010008ed2       0x1a zephyr/kernel/libkernel.a(queue.c.obj)
 .text.queue_insert
                0x0000000010008eec       0xe2 zephyr/kernel/libkernel.a(queue.c.obj)
 .text.z_queue_node_peek
                0x0000000010008fce       0x18 zephyr/kernel/libkernel.a(queue.c.obj)
                0x0000000010008fce                z_queue_node_peek
 .text.z_impl_k_queue_init
                0x0000000010008fe6       0x18 zephyr/kernel/libkernel.a(queue.c.obj)
                0x0000000010008fe6                z_impl_k_queue_init
 .text.k_queue_append
                0x0000000010008ffe       0x16 zephyr/kernel/libkernel.a(queue.c.obj)
                0x0000000010008ffe                k_queue_append
 .text.k_queue_prepend
                0x0000000010009014       0x14 zephyr/kernel/libkernel.a(queue.c.obj)
                0x0000000010009014                k_queue_prepend
 .text.z_impl_k_queue_peek_head
                0x0000000010009028        0x8 zephyr/kernel/libkernel.a(queue.c.obj)
                0x0000000010009028                z_impl_k_queue_peek_head
 .text.flag_test_and_clear
                0x0000000010009030       0x16 zephyr/kernel/libkernel.a(work.c.obj)
 .text.unschedule_locked
                0x0000000010009046       0x1e zephyr/kernel/libkernel.a(work.c.obj)
 .text.notify_queue_locked.isra.0
                0x0000000010009064        0xe zephyr/kernel/libkernel.a(work.c.obj)
 .text.work_timeout
                0x0000000010009072       0x3c zephyr/kernel/libkernel.a(work.c.obj)
 .text.k_work_init
                0x00000000100090ae       0x12 zephyr/kernel/libkernel.a(work.c.obj)
                0x00000000100090ae                k_work_init
 .text.z_work_submit_to_queue
                0x00000000100090c0       0x26 zephyr/kernel/libkernel.a(work.c.obj)
                0x00000000100090c0                z_work_submit_to_queue
 .text.k_work_submit_to_queue
                0x00000000100090e6       0x20 zephyr/kernel/libkernel.a(work.c.obj)
                0x00000000100090e6                k_work_submit_to_queue
 .text.k_work_init_delayable
                0x0000000010009106       0x18 zephyr/kernel/libkernel.a(work.c.obj)
                0x0000000010009106                k_work_init_delayable
 .text.k_is_in_isr
                0x000000001000911e        0xc zephyr/kernel/libkernel.a(thread.c.obj)
                0x000000001000911e                k_is_in_isr
 .text.z_impl_k_thread_name_set
                0x000000001000912a        0x6 zephyr/kernel/libkernel.a(thread.c.obj)
                0x000000001000912a                z_impl_k_thread_name_set
 .text.sys_dlist_remove
                0x0000000010009130       0x10 zephyr/kernel/libkernel.a(sched.c.obj)
 .text.unpend_thread_no_timeout
                0x0000000010009140       0x14 zephyr/kernel/libkernel.a(sched.c.obj)
 .text.add_to_waitq_locked
                0x0000000010009154       0x50 zephyr/kernel/libkernel.a(sched.c.obj)
 .text.z_ready_thread
                0x00000000100091a4       0x1e zephyr/kernel/libkernel.a(sched.c.obj)
                0x00000000100091a4                z_ready_thread
 .text.z_unpend_thread_no_timeout
                0x00000000100091c2       0x22 zephyr/kernel/libkernel.a(sched.c.obj)
                0x00000000100091c2                z_unpend_thread_no_timeout
 .text.z_sched_wake_thread
                0x00000000100091e4       0x46 zephyr/kernel/libkernel.a(sched.c.obj)
                0x00000000100091e4                z_sched_wake_thread
 .text.z_thread_timeout
                0x000000001000922a        0x8 zephyr/kernel/libkernel.a(sched.c.obj)
                0x000000001000922a                z_thread_timeout
 .text.z_unpend_thread
                0x0000000010009232       0x10 zephyr/kernel/libkernel.a(sched.c.obj)
                0x0000000010009232                z_unpend_thread
 .text.z_unpend_all
                0x0000000010009242       0x26 zephyr/kernel/libkernel.a(sched.c.obj)
                0x0000000010009242                z_unpend_all
 .text.z_impl_k_sleep
                0x0000000010009268       0x3e zephyr/kernel/libkernel.a(sched.c.obj)
                0x0000000010009268                z_impl_k_sleep
 .text.z_sched_wake
                0x00000000100092a6       0x46 zephyr/kernel/libkernel.a(sched.c.obj)
                0x00000000100092a6                z_sched_wake
 .text.z_sched_waitq_walk
                0x00000000100092ec       0x44 zephyr/kernel/libkernel.a(sched.c.obj)
                0x00000000100092ec                z_sched_waitq_walk
 .text.next_timeout
                0x0000000010009330       0x2e zephyr/kernel/libkernel.a(timeout.c.obj)
 .text.z_abort_timeout
                0x000000001000935e       0x50 zephyr/kernel/libkernel.a(timeout.c.obj)
                0x000000001000935e                z_abort_timeout
 .text.sys_clock_tick_get_32
                0x00000000100093ae        0x8 zephyr/kernel/libkernel.a(timeout.c.obj)
                0x00000000100093ae                sys_clock_tick_get_32
 .text.z_impl_k_uptime_ticks
                0x00000000100093b6        0x4 zephyr/kernel/libkernel.a(timeout.c.obj)
                0x00000000100093b6                z_impl_k_uptime_ticks
 .text.sys_timepoint_calc
                0x00000000100093ba       0x4a zephyr/kernel/libkernel.a(timeout.c.obj)
                0x00000000100093ba                sys_timepoint_calc
 .text.sys_timepoint_timeout
                0x0000000010009404       0x42 zephyr/kernel/libkernel.a(timeout.c.obj)
                0x0000000010009404                sys_timepoint_timeout
 .text.k_timer_init
                0x0000000010009446       0x18 zephyr/kernel/libkernel.a(timer.c.obj)
                0x0000000010009446                k_timer_init
 .text.signal_poll_event
                0x000000001000945e       0x86 zephyr/kernel/libkernel.a(poll.c.obj)
 .text.k_poll_event_init
                0x00000000100094e4       0x1e zephyr/kernel/libkernel.a(poll.c.obj)
                0x00000000100094e4                k_poll_event_init
 .text.z_handle_obj_poll_events
                0x0000000010009502       0x3e zephyr/kernel/libkernel.a(poll.c.obj)
                0x0000000010009502                z_handle_obj_poll_events
 .text.z_impl_k_poll_signal_init
                0x0000000010009540        0xa zephyr/kernel/libkernel.a(poll.c.obj)
                0x0000000010009540                z_impl_k_poll_signal_init
 .text.k_event_wait_internal
                0x000000001000954a       0x86 zephyr/kernel/libkernel.a(events.c.obj)
 .text.event_walk_op
                0x00000000100095d0       0x3c zephyr/kernel/libkernel.a(events.c.obj)
 .text.z_impl_k_event_init
                0x000000001000960c        0xa zephyr/kernel/libkernel.a(events.c.obj)
                0x000000001000960c                z_impl_k_event_init
 .text.z_impl_k_event_post
                0x0000000010009616        0x6 zephyr/kernel/libkernel.a(events.c.obj)
                0x0000000010009616                z_impl_k_event_post
 .text.z_impl_k_event_clear
                0x000000001000961c        0x8 zephyr/kernel/libkernel.a(events.c.obj)
                0x000000001000961c                z_impl_k_event_clear
 .text.z_impl_k_event_wait
                0x0000000010009624        0x6 zephyr/kernel/libkernel.a(events.c.obj)
                0x0000000010009624                z_impl_k_event_wait
 .text.k_free   0x000000001000962a        0xe zephyr/kernel/libkernel.a(mempool.c.obj)
                0x000000001000962a                k_free
 .text.main     0x0000000010009638        0x6 zephyr/kernel/libkernel.a(main_weak.c.obj)
                0x0000000010009638                main
 .text.memcpy   0x000000001000963e       0x1a /Users/joshdean/zephyr-sdk-0.17.4/arm-zephyr-eabi/bin/../lib/gcc/../../picolibc/arm-zephyr-eabi/lib/thumb/v8-m.main/nofp/libc.a(memcpy.c.o)
                0x000000001000963e                memcpy
                0x000000001000963e                __aeabi_memcpy
                0x000000001000963e                __aeabi_memcpy4
                0x000000001000963e                __aeabi_memcpy8
 .text.memset   0x0000000010009658       0x10 /Users/joshdean/zephyr-sdk-0.17.4/arm-zephyr-eabi/bin/../lib/gcc/../../picolibc/arm-zephyr-eabi/lib/thumb/v8-m.main/nofp/libc.a(memset.c.o)
                0x0000000010009658                memset
 .text.strnlen  0x0000000010009668       0x18 /Users/joshdean/zephyr-sdk-0.17.4/arm-zephyr-eabi/bin/../lib/gcc/../../picolibc/arm-zephyr-eabi/lib/thumb/v8-m.main/nofp/libc.a(libc_string_strnlen.c.o)
                0x0000000010009668                strnlen
 .text.__ultoa_invert
                0x0000000010009680       0xac /Users/joshdean/zephyr-sdk-0.17.4/arm-zephyr-eabi/bin/../lib/gcc/../../picolibc/arm-zephyr-eabi/lib/thumb/v8-m.main/nofp/libc.a(libc_tinystdio_vflprintf.c.o)
 *fill*         0x000000001000972c        0x4 
 .text.__ultoa_invert.__stub
                0x0000000010009730        0x8 linker stubs
 *(SORT_BY_ALIGNMENT(.gnu.linkonce.t.*))
 *(SORT_BY_ALIGNMENT(.glue_7t))
 .glue_7t       0x0000000010009738        0x0 linker stubs
 *(SORT_BY_ALIGNMENT(.glue_7))
 .glue_7        0x0000000010009738        0x0 linker stubs
 *(SORT_BY_ALIGNMENT(.vfp11_veneer))
 .vfp11_veneer  0x0000000010009738        0x0 linker stubs
 *(SORT_BY_ALIGNMENT(.v4_bx))
 .v4_bx         0x0000000010009738        0x0 linker stubs
                0x0000000010009738                . = ALIGN (0x4)
                0x0000000010009738                __text_region_end = .

.ARM.exidx      0x0000000010009738        0x8
                0x0000000010009738                __exidx_start = .
 *(SORT_BY_ALIGNMENT(.ARM.exidx*) SORT_BY_ALIGNMENT(gnu.linkonce.armexidx.*))
 .ARM.exidx     0x0000000010009738        0x8 /Users/joshdean/zephyr-sdk-0.17.4/arm-zephyr-eabi/bin/../lib/gcc/arm-zephyr-eabi/12.2.0/thumb/v8-m.main/nofp/libgcc.a(_udivmoddi4.o)
                0x0000000010009740                __exidx_end = .
                0x0000000010009740                __rodata_region_start = .

initlevel       0x0000000010009740       0x70
                0x0000000010009740                __init_start = .
                0x0000000010009740                __init_EARLY_start = .
 *(SORT_BY_NAME(SORT_BY_ALIGNMENT(.z_init_EARLY_P_?_*)))
 *(SORT_BY_NAME(SORT_BY_ALIGNMENT(.z_init_EARLY_P_??_*)))
 *(SORT_BY_NAME(SORT_BY_ALIGNMENT(.z_init_EARLY_P_???_*)))
                0x0000000010009740                __init_PRE_KERNEL_1_start = .
 *(SORT_BY_NAME(SORT_BY_ALIGNMENT(.z_init_PRE_KERNEL_1_P_?_*)))
 *(SORT_BY_NAME(SORT_BY_ALIGNMENT(.z_init_PRE_KERNEL_1_P_??_*)))
 .z_init_PRE_KERNEL_1_P_30_SUB_00025_
                0x0000000010009740        0x8 zephyr/drivers/clock_control/libdrivers__clock_control.a(clock_control_rpi_pico.c.obj)
 .z_init_PRE_KERNEL_1_P_30_SUB_0_
                0x0000000010009748        0x8 zephyr/kernel/libkernel.a(kheap.c.obj)
 .z_init_PRE_KERNEL_1_P_30_SUB_0_
                0x0000000010009750        0x8 zephyr/kernel/libkernel.a(mem_slab.c.obj)
 .z_init_PRE_KERNEL_1_P_35_SUB_00027_
                0x0000000010009758        0x8 zephyr/drivers/reset/libdrivers__reset.a(reset_rpi_pico.c.obj)
 .z_init_PRE_KERNEL_1_P_50_SUB_00070_
                0x0000000010009760        0x8 zephyr/drivers/serial/libdrivers__serial.a(uart_pl011.c.obj)
 .z_init_PRE_KERNEL_1_P_50_SUB_00078_
                0x0000000010009768        0x8 zephyr/subsys/usb/device_next/libsubsys__usb__device_next.a(usbd_cdc_acm.c.obj)
 .z_init_PRE_KERNEL_1_P_60_SUB_0_
                0x0000000010009770        0x8 zephyr/drivers/console/libdrivers__console.a(uart_console.c.obj)
 *(SORT_BY_NAME(SORT_BY_ALIGNMENT(.z_init_PRE_KERNEL_1_P_???_*)))
                0x0000000010009778                __init_PRE_KERNEL_2_start = .
 *(SORT_BY_NAME(SORT_BY_ALIGNMENT(.z_init_PRE_KERNEL_2_P_?_*)))
 .z_init_PRE_KERNEL_2_P_0_SUB_0_