Archive member included to satisfy reference by file (symbol)

app/libapp.a(main.c.obj)      (--whole-archive)
app/libapp.a(to_delete.c.obj)
                              (--whole-archive)
zephyr/libzephyr.a(validate_libc.c.obj)
                              (--whole-archive)
zephyr/libzephyr.a(heap.c.obj)
                              (--whole-archive)
zephyr/libzephyr.a(mem_blocks.c.obj)
                              (--whole-archive)
zephyr/libzephyr.a(cbprintf_packaged.c.obj)
                              (--whole-archive)
zephyr/libzephyr.a(clock.c.obj)
                              (--whole-archive)
zephyr/libzephyr.a(printk.c.obj)
                              (--whole-archive)
zephyr/libzephyr.a(sem.c.obj)
                              (--whole-archive)
zephyr/libzephyr.a(thread_entry.c.obj)
                              (--whole-archive)
zephyr/libzephyr.a(cbprintf_complete.c.obj)
                              (--whole-archive)
zephyr/libzephyr.a(assert.c.obj)
                              (--whole-archive)
zephyr/libzephyr.a(dec.c.obj)
                              (--whole-archive)
zephyr/libzephyr.a(hex.c.obj)
                              (--whole-archive)
zephyr/libzephyr.a(rb.c.obj)  (--whole-archive)
zephyr/libzephyr.a(timeutil.c.obj)
                              (--whole-archive)
zephyr/libzephyr.a(bitarray.c.obj)
                              (--whole-archive)
zephyr/libzephyr.a(bitmask.c.obj)
                              (--whole-archive)
zephyr/libzephyr.a(getopt.c.obj)
                              (--whole-archive)
zephyr/libzephyr.a(getopt_common.c.obj)
                              (--whole-archive)
zephyr/libzephyr.a(ring_buffer.c.obj)
                              (--whole-archive)
zephyr/libzephyr.a(last_section_id.c.obj)
                              (--whole-archive)
zephyr/libzephyr.a(configs.c.obj)
                              (--whole-archive)
zephyr/libzephyr.a(soc.c.obj)
                              (--whole-archive)
zephyr/libzephyr.a(tracing_none.c.obj)
                              (--whole-archive)
zephyr/libzephyr.a(cdc_acm_serial.c.obj)
                              (--whole-archive)
zephyr/arch/common/libarch__common.a(sw_isr_common.c.obj)
                              (--whole-archive)
zephyr/arch/common/libarch__common.a(init.c.obj)
                              (--whole-archive)
zephyr/arch/common/libarch__common.a(xip.c.obj)
                              (--whole-archive)
zephyr/arch/arch/arm/core/libarch__arm__core.a(fatal.c.obj)
                              (--whole-archive)
zephyr/arch/arch/arm/core/libarch__arm__core.a(nmi.c.obj)
                              (--whole-archive)
zephyr/arch/arch/arm/core/libarch__arm__core.a(nmi_on_reset.S.obj)
                              (--whole-archive)
zephyr/arch/arch/arm/core/libarch__arm__core.a(tls.c.obj)
                              (--whole-archive)
zephyr/arch/arch/arm/core/cortex_m/libarch__arm__core__cortex_m.a(exc_exit.c.obj)
                              (--whole-archive)
zephyr/arch/arch/arm/core/cortex_m/libarch__arm__core__cortex_m.a(fault.c.obj)
                              (--whole-archive)
zephyr/arch/arch/arm/core/cortex_m/libarch__arm__core__cortex_m.a(fault_s.S.obj)
                              (--whole-archive)
zephyr/arch/arch/arm/core/cortex_m/libarch__arm__core__cortex_m.a(fpu.c.obj)
                              (--whole-archive)
zephyr/arch/arch/arm/core/cortex_m/libarch__arm__core__cortex_m.a(reset.S.obj)
                              (--whole-archive)
zephyr/arch/arch/arm/core/cortex_m/libarch__arm__core__cortex_m.a(scb.c.obj)
                              (--whole-archive)
zephyr/arch/arch/arm/core/cortex_m/libarch__arm__core__cortex_m.a(thread_abort.c.obj)
                              (--whole-archive)
zephyr/arch/arch/arm/core/cortex_m/libarch__arm__core__cortex_m.a(vector_table.S.obj)
                              (--whole-archive)
zephyr/arch/arch/arm/core/cortex_m/libarch__arm__core__cortex_m.a(swap_helper.S.obj)
                              (--whole-archive)
zephyr/arch/arch/arm/core/cortex_m/libarch__arm__core__cortex_m.a(irq_manage.c.obj)
                              (--whole-archive)
zephyr/arch/arch/arm/core/cortex_m/libarch__arm__core__cortex_m.a(prep_c.c.obj)
                              (--whole-archive)
zephyr/arch/arch/arm/core/cortex_m/libarch__arm__core__cortex_m.a(thread.c.obj)
                              (--whole-archive)
zephyr/arch/arch/arm/core/cortex_m/libarch__arm__core__cortex_m.a(cpu_idle.c.obj)
                              (--whole-archive)
zephyr/arch/arch/arm/core/cortex_m/libarch__arm__core__cortex_m.a(irq_init.c.obj)
                              (--whole-archive)
zephyr/arch/arch/arm/core/cortex_m/libarch__arm__core__cortex_m.a(isr_wrapper.c.obj)
                              (--whole-archive)
zephyr/arch/arch/arm/core/cortex_m/libarch__arm__core__cortex_m.a(__aeabi_read_tp.S.obj)
                              (--whole-archive)
[...]
Memory Configuration

Name             Origin             Length             Attributes
FLASH            0x0000000010000000 0x0000000000400000 xr
RAM              0x0000000020000000 0x0000000000082000 xw
IDT_LIST         0x00000000ffff7fff 0x0000000000008000 xw
*default*        0x0000000000000000 0xffffffffffffffff

Linker script and memory map

                0x0000000010004ae8                vfprintf = __l_vfprintf
                0x0000000000000000                vfscanf = __l_vfscanf
LOAD zephyr/CMakeFiles/zephyr_pre0.dir/misc/empty_file.c.obj
LOAD zephyr/CMakeFiles/offsets.dir/./arch/arm/core/offsets/offsets.c.obj
LOAD app/libapp.a
LOAD zephyr/libzephyr.a
LOAD zephyr/arch/common/libarch__common.a
LOAD zephyr/arch/arch/arm/core/libarch__arm__core.a
LOAD zephyr/arch/arch/arm/core/cortex_m/libarch__arm__core__cortex_m.a
LOAD zephyr/arch/arch/arm/core/cortex_m/cmse/libarch__arm__core__cortex_m__cmse.a
LOAD zephyr/lib/libc/picolibc/liblib__libc__picolibc.a
LOAD zephyr/lib/libc/common/liblib__libc__common.a
LOAD zephyr/lib/posix/c_lib_ext/liblib__posix__c_lib_ext.a
LOAD zephyr/lib/net_buf/liblib__net_buf.a
LOAD zephyr/soc/soc/rp2350a/rp2350/libsoc__raspberrypi__rpi_pico__rp2350.a
LOAD zephyr/subsys/usb/device_next/libsubsys__usb__device_next.a
LOAD zephyr/drivers/usb/udc/libdrivers__usb__udc.a
LOAD zephyr/drivers/clock_control/libdrivers__clock_control.a
LOAD zephyr/drivers/console/libdrivers__console.a
LOAD zephyr/drivers/gpio/libdrivers__gpio.a
LOAD zephyr/drivers/hwinfo/libdrivers__hwinfo.a
LOAD zephyr/drivers/pinctrl/libdrivers__pinctrl.a
LOAD zephyr/drivers/reset/libdrivers__reset.a
LOAD zephyr/drivers/serial/libdrivers__serial.a
LOAD zephyr/drivers/timer/libdrivers__timer.a
LOAD modules/hal_rpi_pico/libmodules__hal_rpi_pico.a
LOAD zephyr/kernel/libkernel.a
LOAD zephyr/arch/common/libisr_tables.a
LOAD /home/amine/zephyr-sdk-0.17.4/arm-zephyr-eabi/bin/../lib/gcc/../../picolibc/arm-zephyr-eabi/lib/thumb/v8-m.main/nofp/libc.a
LOAD /home/amine/zephyr-sdk-0.17.4/arm-zephyr-eabi/bin/../lib/gcc/arm-zephyr-eabi/12.2.0/thumb/v8-m.main/nofp/libgcc.a
                0x0000000000000004                _region_min_align = 0x4

.rel.plt        0x0000000010000000        0x0
 *(SORT_BY_ALIGNMENT(.rel.plt))
                [!provide]                        PROVIDE (__rel_iplt_start = .)
 *(SORT_BY_ALIGNMENT(.rel.iplt))
 .rel.iplt      0x0000000010000000        0x0 app/libapp.a(main.c.obj)
                [!provide]                        PROVIDE (__rel_iplt_end = .)

.rela.plt       0x0000000000000000        0x0
 *(SORT_BY_ALIGNMENT(.rela.plt))
                [!provide]                        PROVIDE (__rela_iplt_start = .)
 *(SORT_BY_ALIGNMENT(.rela.iplt))
                [!provide]                        PROVIDE (__rela_iplt_end = .)

.rel.dyn
 *(SORT_BY_ALIGNMENT(.rel.*))

.rela.dyn
 *(SORT_BY_ALIGNMENT(.rela.*))

/DISCARD/
 *(SORT_BY_ALIGNMENT(.plt))

/DISCARD/
 *(SORT_BY_ALIGNMENT(.iplt))
                0x0000000010000000                __rom_region_start = 0x10000000

rom_start       0x0000000010000000      0x12c
                0x0000000010000000                __rom_start_address = .
 FILL mask 0x00
                0x0000000010000000                . = (. + (0x0 - (. - __rom_start_address)))
                0x0000000010000000                . = ALIGN (0x4)
                0x0000000010000000                . = ALIGN (0x80)
                0x0000000010000000                . = ALIGN (0x200)
                0x0000000010000000                _vector_start = .
 *(SORT_BY_ALIGNMENT(.exc_vector_table))
 *(SORT_BY_ALIGNMENT(.exc_vector_table.*))
 .exc_vector_table._vector_table_section
                0x0000000010000000       0x40 zephyr/arch/arch/arm/core/cortex_m/libarch__arm__core__cortex_m.a(vector_table.S.obj)
                0x0000000010000000                _vector_table
 *(SORT_BY_ALIGNMENT(.vectors))
                0x0000000010000110                _vector_end = .
                0x0000000010000040                . = ALIGN (0x4)
 *(SORT_BY_ALIGNMENT(.gnu.linkonce.irq_vector_table*))
 .gnu.linkonce.irq_vector_table
                0x0000000010000040       0xd0 zephyr/arch/common/libisr_tables.a(isr_tables.c.obj)
                0x0000000010000040                _irq_vector_table
                0x0000000010000110                _vector_end = .
                0x0000000010000110        0x4 LONG 0xffffded3
                0x0000000010000114        0x2 SHORT 0x142
                0x0000000010000116        0x2 SHORT 0x1021
                0x0000000010000118        0x4 LONG 0x203
                0x000000001000011c        0x4 LONG 0x10000000 ABSOLUTE (_vector_start)
                0x0000000010000120        0x2 SHORT 0x3ff
                0x0000000010000122        0x2 SHORT 0x0
                0x0000000010000124        0x4 LONG 0x0
                0x0000000010000128        0x4 LONG 0xab123579

text            0x0000000010000130     0x91a8
                0x0000000010000130                __text_region_start = .
 *(SORT_BY_ALIGNMENT(.text))
 .text          0x0000000010000130      0x21c /home/amine/zephyr-sdk-0.17.4/arm-zephyr-eabi/bin/../lib/gcc/arm-zephyr-eabi/12.2.0/thumb/v8-m.main/nofp/libgcc.a(_arm_addsubsf3.o)
                0x0000000010000130                __aeabi_frsub
                0x0000000010000138                __subsf3
                0x0000000010000138                __aeabi_fsub
                0x000000001000013c                __aeabi_fadd
                0x000000001000013c                __addsf3
                0x000000001000029c                __aeabi_ui2f
                0x000000001000029c                __floatunsisf
                0x00000000100002a4                __aeabi_i2f
                0x00000000100002a4                __floatsisf
                0x00000000100002c0                __floatundisf
                0x00000000100002c0                __aeabi_ul2f
                0x00000000100002d0                __floatdisf
                0x00000000100002d0                __aeabi_l2f
 .text          0x000000001000034c      0x2a0 /home/amine/zephyr-sdk-0.17.4/arm-zephyr-eabi/bin/../lib/gcc/arm-zephyr-eabi/12.2.0/thumb/v8-m.main/nofp/libgcc.a(_arm_muldivsf3.o)
                0x000000001000034c                __mulsf3
                0x000000001000034c                __aeabi_fmul
                0x00000000100004b4                __divsf3
                0x00000000100004b4                __aeabi_fdiv
 .text          0x00000000100005ec       0x4c /home/amine/zephyr-sdk-0.17.4/arm-zephyr-eabi/bin/../lib/gcc/arm-zephyr-eabi/12.2.0/thumb/v8-m.main/nofp/libgcc.a(_arm_fixsfsi.o)
                0x00000000100005ec                __fixsfsi
                0x00000000100005ec                __aeabi_f2iz
 .text          0x0000000010000638       0x30 /home/amine/zephyr-sdk-0.17.4/arm-zephyr-eabi/bin/../lib/gcc/arm-zephyr-eabi/12.2.0/thumb/v8-m.main/nofp/libgcc.a(_aeabi_uldivmod.o)
                0x0000000010000638                __aeabi_uldivmod
 .text          0x0000000010000668        0x4 /home/amine/zephyr-sdk-0.17.4/arm-zephyr-eabi/bin/../lib/gcc/arm-zephyr-eabi/12.2.0/thumb/v8-m.main/nofp/libgcc.a(_dvmd_tls.o)
                0x0000000010000668                __aeabi_ldiv0
                0x0000000010000668                __aeabi_idiv0
 .text          0x000000001000066c       0x14 /home/amine/zephyr-sdk-0.17.4/arm-zephyr-eabi/bin/../lib/gcc/../../picolibc/arm-zephyr-eabi/lib/thumb/v8-m.main/nofp/libc.a(strcmp.S.o)
                0x000000001000066c                strcmp
 .text          0x0000000010000680      0x29c /home/amine/zephyr-sdk-0.17.4/arm-zephyr-eabi/bin/../lib/gcc/arm-zephyr-eabi/12.2.0/thumb/v8-m.main/nofp/libgcc.a(_udivmoddi4.o)
                0x0000000010000680                __udivmoddi4
 *(SORT_BY_ALIGNMENT(.text.*))
 .text.uart_send
                0x000000001000091c       0x1c app/libapp.a(main.c.obj)
 .text.button_isr
                0x0000000010000938        0xc app/libapp.a(main.c.obj)
 .text.button_task
                0x0000000010000944       0x30 app/libapp.a(main.c.obj)
                0x0000000010000944                button_task
 .text.main     0x0000000010000974       0xb8 app/libapp.a(main.c.obj)
                0x0000000010000974                main
 .text.char_out
                0x0000000010000a2c        0xc zephyr/libzephyr.a(printk.c.obj)
 .text.__printk_hook_install
                0x0000000010000a38        0xc zephyr/libzephyr.a(printk.c.obj)
                0x0000000010000a38                __printk_hook_install
 .text.vprintk  0x0000000010000a44       0x30 zephyr/libzephyr.a(printk.c.obj)
                0x0000000010000a44                vprintk
 .text.z_thread_entry
                0x0000000010000a74       0x34 zephyr/libzephyr.a(thread_entry.c.obj)
                0x0000000010000a74                z_thread_entry
 .text.cdc_acm_serial_init_device
                0x0000000010000aa8       0x8c zephyr/libzephyr.a(cdc_acm_serial.c.obj)
 .text.arch_bss_zero
                0x0000000010000b34       0x18 zephyr/arch/common/libarch__common.a(init.c.obj)
                0x0000000010000b34                arch_bss_zero
 .text.arch_data_copy
                0x0000000010000b4c       0x38 zephyr/arch/common/libarch__common.a(xip.c.obj)
                0x0000000010000b4c                arch_data_copy
 .text.z_arm_fatal_error
                0x0000000010000b84       0x60 zephyr/arch/arch/arm/core/libarch__arm__core.a(fatal.c.obj)
                0x0000000010000b84                z_arm_fatal_error
 .text.z_SysNmiOnReset
                0x0000000010000be4        0x8 zephyr/arch/arch/arm/core/libarch__arm__core.a(nmi_on_reset.S.obj)
                0x0000000010000be4                z_SysNmiOnReset
 .text.arch_tls_stack_setup
                0x0000000010000bec       0x40 zephyr/arch/arch/arm/core/libarch__arm__core.a(tls.c.obj)
                0x0000000010000bec                arch_tls_stack_setup
 .text._HandlerModeExit
                0x0000000010000c2c       0x20 zephyr/arch/arch/arm/core/cortex_m/libarch__arm__core__cortex_m.a(exc_exit.c.obj)
                0x0000000010000c2c                z_arm_exc_exit
                0x0000000010000c2c                z_arm_int_exit
 .text.usage_fault.constprop.0
                0x0000000010000c4c       0xa8 zephyr/arch/arch/arm/core/cortex_m/libarch__arm__core__cortex_m.a(fault.c.obj)
 .text.bus_fault.constprop.0
                0x0000000010000cf4       0xb8 zephyr/arch/arch/arm/core/cortex_m/libarch__arm__core__cortex_m.a(fault.c.obj)
 .text.mem_manage_fault.constprop.0
                0x0000000010000dac       0xbc zephyr/arch/arch/arm/core/cortex_m/libarch__arm__core__cortex_m.a(fault.c.obj)
 .text.z_arm_fault
                0x0000000010000e68      0x1a0 zephyr/arch/arch/arm/core/cortex_m/libarch__arm__core__cortex_m.a(fault.c.obj)
                0x0000000010000e68                z_arm_fault
 .text.z_arm_fault_init
                0x0000000010001008       0x18 zephyr/arch/arch/arm/core/cortex_m/libarch__arm__core__cortex_m.a(fault.c.obj)
                0x0000000010001008                z_arm_fault_init
 .text.__fault  0x0000000010001020       0x14 zephyr/arch/arch/arm/core/cortex_m/libarch__arm__core__cortex_m.a(fault_s.S.obj)
                0x0000000010001020                z_arm_bus_fault
                0x0000000010001020                z_arm_usage_fault
                0x0000000010001020                z_arm_mpu_fault
                0x0000000010001020                z_arm_exc_spurious
                0x0000000010001020                z_arm_debug_monitor
                0x0000000010001020                z_arm_hard_fault
 .text._reset_section
                0x0000000010001034       0x38 zephyr/arch/arch/arm/core/cortex_m/libarch__arm__core__cortex_m.a(reset.S.obj)
                0x0000000010001034                z_arm_reset
                0x0000000010001034                __start
 .text.z_impl_k_thread_abort
                0x000000001000106c       0x2c zephyr/arch/arch/arm/core/cortex_m/libarch__arm__core__cortex_m.a(thread_abort.c.obj)
                0x000000001000106c                z_impl_k_thread_abort
 .text.z_arm_pendsv
                0x0000000010001098       0x54 zephyr/arch/arch/arm/core/cortex_m/libarch__arm__core__cortex_m.a(swap_helper.S.obj)
                0x0000000010001098                z_arm_pendsv
 .text.z_arm_svc
                0x00000000100010ec       0x24 zephyr/arch/arch/arm/core/cortex_m/libarch__arm__core__cortex_m.a(swap_helper.S.obj)
                0x00000000100010ec                z_arm_svc
 .text.arm_irq_enable
                0x0000000010001110       0x1c zephyr/arch/arch/arm/core/cortex_m/libarch__arm__core__cortex_m.a(irq_manage.c.obj)
                0x0000000010001110                arm_irq_enable
 .text.arm_irq_disable
                0x000000001000112c       0x28 zephyr/arch/arch/arm/core/cortex_m/libarch__arm__core__cortex_m.a(irq_manage.c.obj)
                0x000000001000112c                arm_irq_disable
 .text.arm_irq_priority_set
                0x0000000010001154       0x2c zephyr/arch/arch/arm/core/cortex_m/libarch__arm__core__cortex_m.a(irq_manage.c.obj)
                0x0000000010001154                arm_irq_priority_set
 .text.relocate_vector_table
                0x0000000010001180       0x1c zephyr/arch/arch/arm/core/cortex_m/libarch__arm__core__cortex_m.a(prep_c.c.obj)
                0x0000000010001180                relocate_vector_table
 .text.z_prep_c
                0x000000001000119c       0x38 zephyr/arch/arch/arm/core/cortex_m/libarch__arm__core__cortex_m.a(prep_c.c.obj)
                0x000000001000119c                z_prep_c
 .text.arch_new_thread
                0x00000000100011d4       0x38 zephyr/arch/arch/arm/core/cortex_m/libarch__arm__core__cortex_m.a(thread.c.obj)
                0x00000000100011d4                arch_new_thread
 .text.arch_switch_to_main_thread
                0x000000001000120c       0x38 zephyr/arch/arch/arm/core/cortex_m/libarch__arm__core__cortex_m.a(thread.c.obj)
                0x000000001000120c                arch_switch_to_main_thread
 .text.z_arm_cpu_idle_init
                0x0000000010001244        0xc zephyr/arch/arch/arm/core/cortex_m/libarch__arm__core__cortex_m.a(cpu_idle.c.obj)
                0x0000000010001244                z_arm_cpu_idle_init
 .text.z_arm_interrupt_init
                0x0000000010001250       0x18 zephyr/arch/arch/arm/core/cortex_m/libarch__arm__core__cortex_m.a(irq_init.c.obj)
                0x0000000010001250                z_arm_interrupt_init
 .text._isr_wrapper
                0x0000000010001268       0x24 zephyr/arch/arch/arm/core/cortex_m/libarch__arm__core__cortex_m.a(isr_wrapper.c.obj)
                0x0000000010001268                _isr_wrapper
 .text.__aeabi_read_tp
                0x000000001000128c        0xc zephyr/arch/arch/arm/core/cortex_m/libarch__arm__core__cortex_m.a(__aeabi_read_tp.S.obj)
                0x000000001000128c                __aeabi_read_tp
 .text.z_impl_zephyr_fputc
                0x0000000010001298       0x10 zephyr/lib/libc/picolibc/liblib__libc__picolibc.a(stdio.c.obj)
                0x0000000010001298                z_impl_zephyr_fputc
 .text.__stdout_hook_install
                0x00000000100012a8       0x18 zephyr/lib/libc/picolibc/liblib__libc__picolibc.a(stdio.c.obj)
                0x00000000100012a8                __stdout_hook_install
 .text.abort    0x00000000100012c0       0x1c zephyr/lib/libc/common/liblib__libc__common.a(abort.c.obj)
                0x00000000100012c0                abort
 .text.malloc_prepare
                0x00000000100012dc       0x24 zephyr/lib/libc/common/liblib__libc__common.a(malloc.c.obj)
 .text.net_buf_destroy
                0x0000000010001300       0x3c zephyr/lib/net_buf/liblib__net_buf.a(buf.c.obj)
 .text.net_buf_pool_get
                0x000000001000133c       0x10 zephyr/lib/net_buf/liblib__net_buf.a(buf.c.obj)
                0x000000001000133c                net_buf_pool_get
 .text.net_buf_alloc_len
                0x000000001000134c       0xfc zephyr/lib/net_buf/liblib__net_buf.a(buf.c.obj)
                0x000000001000134c                net_buf_alloc_len
 .text.net_buf_unref
                0x0000000010001448       0x3c zephyr/lib/net_buf/liblib__net_buf.a(buf.c.obj)
                0x0000000010001448                net_buf_unref
 .text.nonstd_request
                0x0000000010001484       0xa4 zephyr/subsys/usb/device_next/libsubsys__usb__device_next.a(usbd_ch9.c.obj)
 .text.usbd_handle_ctrl_xfer
                0x0000000010001528      0x914 zephyr/subsys/usb/device_next/libsubsys__usb__device_next.a(usbd_ch9.c.obj)
                0x0000000010001528                usbd_handle_ctrl_xfer
 .text.usbd_event_carrier
                0x0000000010001e3c       0x48 zephyr/subsys/usb/device_next/libsubsys__usb__device_next.a(usbd_core.c.obj)
 .text.usbd_thread
                0x0000000010001e84      0x194 zephyr/subsys/usb/device_next/libsubsys__usb__device_next.a(usbd_core.c.obj)
 .text.usbd_pre_init
                0x0000000010002018       0x94 zephyr/subsys/usb/device_next/libsubsys__usb__device_next.a(usbd_core.c.obj)
 .text.usbd_device_init_core
                0x00000000100020ac       0x30 zephyr/subsys/usb/device_next/libsubsys__usb__device_next.a(usbd_core.c.obj)
                0x00000000100020ac                usbd_device_init_core
 .text.usbd_class_node_get.part.0
                0x00000000100020dc       0x2c zephyr/subsys/usb/device_next/libsubsys__usb__device_next.a(usbd_class.c.obj)
 .text.msg_work_handler
                0x0000000010002108       0x90 zephyr/subsys/usb/device_next/libsubsys__usb__device_next.a(usbd_msg.c.obj)
 .text.usbd_msg_pub
                0x0000000010002198       0x70 zephyr/subsys/usb/device_next/libsubsys__usb__device_next.a(usbd_msg.c.obj)
 .text.usbd_cdc_acm_ctd
                0x0000000010002208       0x60 zephyr/subsys/usb/device_next/libsubsys__usb__device_next.a(usbd_cdc_acm.c.obj)
 .text.usbd_cdc_acm_cth
                0x0000000010002268       0x44 zephyr/subsys/usb/device_next/libsubsys__usb__device_next.a(usbd_cdc_acm.c.obj)
 .text.cdc_acm_poll_out
                0x00000000100022ac       0x6c zephyr/subsys/usb/device_next/libsubsys__usb__device_next.a(usbd_cdc_acm.c.obj)
 .text.usbd_cdc_acm_preinit
                0x0000000010002318       0x4c zephyr/subsys/usb/device_next/libsubsys__usb__device_next.a(usbd_cdc_acm.c.obj)
 .text.udc_ep_buf_alloc
                0x0000000010002364       0x30 zephyr/drivers/usb/udc/libdrivers__usb__udc.a(udc_common.c.obj)
                0x0000000010002364                udc_ep_buf_alloc
 .text.udc_rpi_pico_make_thread_0
                0x0000000010002394       0x4c zephyr/drivers/usb/udc/libdrivers__usb__udc.a(udc_rpi_pico.c.obj)
 .text.udc_rpi_pico_enable
                0x00000000100023e0       0xb0 zephyr/drivers/usb/udc/libdrivers__usb__udc.a(udc_rpi_pico.c.obj)
 .text.rpi_pico_isr_handler
                0x0000000010002490      0x3b8 zephyr/drivers/usb/udc/libdrivers__usb__udc.a(udc_rpi_pico.c.obj)
 .text.rpi_pico_rosc_write.constprop.0
                0x0000000010002848       0x28 zephyr/drivers/clock_control/libdrivers__clock_control.a(clock_control_rpi_pico.c.obj)
 .text.rpi_pico_get_clock_src.isra.0
                0x0000000010002870       0x9c zephyr/drivers/clock_control/libdrivers__clock_control.a(clock_control_rpi_pico.c.obj)
 .text.rpi_pico_calc_clock_freq
                0x000000001000290c      0x104 zephyr/drivers/clock_control/libdrivers__clock_control.a(clock_control_rpi_pico.c.obj)
 .text.clock_control_rpi_pico_init
                0x0000000010002a10      0x1d8 zephyr/drivers/clock_control/libdrivers__clock_control.a(clock_control_rpi_pico.c.obj)
 .text.uart_console_init
                0x0000000010002be8       0x28 zephyr/drivers/console/libdrivers__console.a(uart_console.c.obj)
 .text.console_out
                0x0000000010002c10       0x28 zephyr/drivers/console/libdrivers__console.a(uart_console.c.obj)
 .text.gpio_rpi_get_pending_int
                0x0000000010002c38       0x30 zephyr/drivers/gpio/libdrivers__gpio.a(gpio_rpi_pico.c.obj)
 .text.gpio_rpi_configure
                0x0000000010002c68       0xcc zephyr/drivers/gpio/libdrivers__gpio.a(gpio_rpi_pico.c.obj)
 .text.gpio_rpi_isr
                0x0000000010002d34       0x88 zephyr/drivers/gpio/libdrivers__gpio.a(gpio_rpi_pico.c.obj)
 .text.reset_rpi_status
                0x0000000010002dbc       0x1c zephyr/drivers/reset/libdrivers__reset.a(reset_rpi_pico.c.obj)
 .text.reset_rpi_line_assert
                0x0000000010002dd8       0x10 zephyr/drivers/reset/libdrivers__reset.a(reset_rpi_pico.c.obj)
 .text.reset_rpi_line_deassert
                0x0000000010002de8       0x1c zephyr/drivers/reset/libdrivers__reset.a(reset_rpi_pico.c.obj)
 .text.reset_rpi_line_toggle
                0x0000000010002e04       0x24 zephyr/drivers/reset/libdrivers__reset.a(reset_rpi_pico.c.obj)
 .text.pl011_runtime_configure_internal
                0x0000000010002e28      0x138 zephyr/drivers/serial/libdrivers__serial.a(uart_pl011.c.obj)
 .text.elapsed  0x0000000010002f60       0x4c zephyr/drivers/timer/libdrivers__timer.a(cortex_m_systick.c.obj)
 .text.sys_clock_driver_init
                0x0000000010002fac       0x34 zephyr/drivers/timer/libdrivers__timer.a(cortex_m_systick.c.obj)
 .text.sys_clock_isr
                0x0000000010002fe0       0x60 zephyr/drivers/timer/libdrivers__timer.a(cortex_m_systick.c.obj)
                0x0000000010002fe0                sys_clock_isr
 .text.sys_clock_set_timeout
                0x0000000010003040       0xfc zephyr/drivers/timer/libdrivers__timer.a(cortex_m_systick.c.obj)
                0x0000000010003040                sys_clock_set_timeout
 .text.sys_clock_elapsed
                0x000000001000313c       0x3c zephyr/drivers/timer/libdrivers__timer.a(cortex_m_systick.c.obj)
                0x000000001000313c                sys_clock_elapsed
 .text.clock_configure_internal
                0x0000000010003178       0xa4 modules/hal_rpi_pico/libmodules__hal_rpi_pico.a(clocks.c.obj)
 .text.pll_init
                0x000000001000321c       0xb4 modules/hal_rpi_pico/libmodules__hal_rpi_pico.a(pll.c.obj)
                0x000000001000321c                pll_init
 .text.xosc_init
                0x00000000100032d0       0x28 modules/hal_rpi_pico/libmodules__hal_rpi_pico.a(xosc.c.obj)
                0x00000000100032d0                xosc_init
 .text._gpio_set_irq_enabled
                0x00000000100032f8       0x30 modules/hal_rpi_pico/libmodules__hal_rpi_pico.a(gpio.c.obj)
 .text.gpio_set_function
                0x0000000010003328       0x38 modules/hal_rpi_pico/libmodules__hal_rpi_pico.a(gpio.c.obj)
                0x0000000010003328                gpio_set_function
 .text.gpio_set_pulls
                0x0000000010003360       0x24 modules/hal_rpi_pico/libmodules__hal_rpi_pico.a(gpio.c.obj)
                0x0000000010003360                gpio_set_pulls
 .text.gpio_set_input_hysteresis_enabled
                0x0000000010003384       0x1c modules/hal_rpi_pico/libmodules__hal_rpi_pico.a(gpio.c.obj)
                0x0000000010003384                gpio_set_input_hysteresis_enabled
 .text.gpio_set_slew_rate
                0x00000000100033a0       0x1c modules/hal_rpi_pico/libmodules__hal_rpi_pico.a(gpio.c.obj)
                0x00000000100033a0                gpio_set_slew_rate
 .text.gpio_set_drive_strength
                0x00000000100033bc       0x20 modules/hal_rpi_pico/libmodules__hal_rpi_pico.a(gpio.c.obj)
                0x00000000100033bc                gpio_set_drive_strength
 .text.gpio_set_irq_enabled
                0x00000000100033dc       0x20 modules/hal_rpi_pico/libmodules__hal_rpi_pico.a(gpio.c.obj)
                0x00000000100033dc                gpio_set_irq_enabled
 .text.gpio_set_input_enabled
                0x00000000100033fc       0x1c modules/hal_rpi_pico/libmodules__hal_rpi_pico.a(gpio.c.obj)
                0x00000000100033fc                gpio_set_input_enabled
 .text.runtime_init_per_core_enable_coprocessors
                0x0000000010003418       0x1c modules/hal_rpi_pico/libmodules__hal_rpi_pico.a(runtime_init.c.obj)
                0x0000000010003418                runtime_init_per_core_enable_coprocessors
 .text.z_fatal_error
                0x0000000010003434       0x30 zephyr/kernel/libkernel.a(fatal.c.obj)
                0x0000000010003434                z_fatal_error
 .text.z_sys_init_run_level
                0x0000000010003464       0x30 zephyr/kernel/libkernel.a(init.c.obj)
 .text.bg_thread_main
                0x0000000010003494       0xc0 zephyr/kernel/libkernel.a(init.c.obj)
 .text.z_init_cpu
                0x0000000010003554       0x68 zephyr/kernel/libkernel.a(init.c.obj)
                0x0000000010003554                z_init_cpu
 .text.z_cstart
                0x00000000100035bc       0xb4 zephyr/kernel/libkernel.a(init.c.obj)
                0x00000000100035bc                z_cstart
 .text.statics_init
                0x0000000010003670       0x24 zephyr/kernel/libkernel.a(kheap.c.obj)
 .text.k_heap_aligned_alloc
                0x0000000010003694       0x1c zephyr/kernel/libkernel.a(kheap.c.obj)
                0x0000000010003694                k_heap_aligned_alloc
 .text.init_mem_slab_obj_core_list
                0x00000000100036b0       0x24 zephyr/kernel/libkernel.a(mem_slab.c.obj)
 .text.k_mem_slab_alloc
                0x00000000100036d4       0x5c zephyr/kernel/libkernel.a(mem_slab.c.obj)
                0x00000000100036d4                k_mem_slab_alloc
 .text.put_msg_in_queue
                0x0000000010003730       0xd4 zephyr/kernel/libkernel.a(msg_q.c.obj)
 .text.z_impl_k_msgq_get
                0x0000000010003804       0xc4 zephyr/kernel/libkernel.a(msg_q.c.obj)
                0x0000000010003804                z_impl_k_msgq_get
 .text.z_impl_k_mutex_lock
                0x00000000100038c8       0xf0 zephyr/kernel/libkernel.a(mutex.c.obj)
                0x00000000100038c8                z_impl_k_mutex_lock
 .text.z_impl_k_mutex_unlock
                0x00000000100039b8       0xa0 zephyr/kernel/libkernel.a(mutex.c.obj)
                0x00000000100039b8                z_impl_k_mutex_unlock
 .text.z_impl_k_queue_get
                0x0000000010003a58       0x64 zephyr/kernel/libkernel.a(queue.c.obj)
                0x0000000010003a58                z_impl_k_queue_get
 .text.z_impl_k_sem_give
                0x0000000010003abc       0x68 zephyr/kernel/libkernel.a(sem.c.obj)
                0x0000000010003abc                z_impl_k_sem_give
 .text.z_impl_k_sem_take
                0x0000000010003b24       0x4c zephyr/kernel/libkernel.a(sem.c.obj)
                0x0000000010003b24                z_impl_k_sem_take
 .text.z_impl_k_sem_reset
                0x0000000010003b70       0x74 zephyr/kernel/libkernel.a(sem.c.obj)
                0x0000000010003b70                z_impl_k_sem_reset
 .text.work_queue_main
                0x0000000010003be4      0x14c zephyr/kernel/libkernel.a(work.c.obj)
 .text.submit_to_queue_locked
                0x0000000010003d30       0xb8 zephyr/kernel/libkernel.a(work.c.obj)
 .text.k_work_submit
                0x0000000010003de8        0xc zephyr/kernel/libkernel.a(work.c.obj)
                0x0000000010003de8                k_work_submit
 .text.k_work_queue_start
                0x0000000010003df4       0x80 zephyr/kernel/libkernel.a(work.c.obj)
                0x0000000010003df4                k_work_queue_start
 .text.k_work_schedule_for_queue
                0x0000000010003e74       0x54 zephyr/kernel/libkernel.a(work.c.obj)
                0x0000000010003e74                k_work_schedule_for_queue
 .text.k_work_schedule
                0x0000000010003ec8        0xc zephyr/kernel/libkernel.a(work.c.obj)
                0x0000000010003ec8                k_work_schedule
 .text.k_work_reschedule_for_queue
                0x0000000010003ed4       0x5c zephyr/kernel/libkernel.a(work.c.obj)
                0x0000000010003ed4                k_work_reschedule_for_queue
 .text.k_work_reschedule
                0x0000000010003f30        0xc zephyr/kernel/libkernel.a(work.c.obj)
                0x0000000010003f30                k_work_reschedule
 .text.z_setup_new_thread
                0x0000000010003f3c       0x74 zephyr/kernel/libkernel.a(thread.c.obj)
                0x0000000010003f3c                z_setup_new_thread
 .text.z_impl_k_thread_create
                0x0000000010003fb0       0x58 zephyr/kernel/libkernel.a(thread.c.obj)
                0x0000000010003fb0                z_impl_k_thread_create
 .text.z_dummy_thread_init
                0x0000000010004008       0x14 zephyr/kernel/libkernel.a(thread.c.obj)
                0x0000000010004008                z_dummy_thread_init
 .text.z_swap_irqlock
                0x000000001000401c       0x30 zephyr/kernel/libkernel.a(sched.c.obj)
 .text.ready_thread
                0x000000001000404c       0x84 zephyr/kernel/libkernel.a(sched.c.obj)
 .text.unready_thread
                0x00000000100040d0       0x54 zephyr/kernel/libkernel.a(sched.c.obj)
 .text.add_thread_timeout
                0x0000000010004124       0x1c zephyr/kernel/libkernel.a(sched.c.obj)
 .text.move_current_to_end_of_prio_q
                0x0000000010004140       0x70 zephyr/kernel/libkernel.a(sched.c.obj)
                0x0000000010004140                move_current_to_end_of_prio_q
 .text.z_pend_curr
                0x00000000100041b0       0x44 zephyr/kernel/libkernel.a(sched.c.obj)
                0x00000000100041b0                z_pend_curr
 .text.z_thread_prio_set
                0x00000000100041f4       0xe4 zephyr/kernel/libkernel.a(sched.c.obj)
                0x00000000100041f4                z_thread_prio_set
 .text.z_reschedule
                0x00000000100042d8       0x24 zephyr/kernel/libkernel.a(sched.c.obj)
                0x00000000100042d8                z_reschedule
 .text.z_reschedule_irqlock
                0x00000000100042fc       0x28 zephyr/kernel/libkernel.a(sched.c.obj)
                0x00000000100042fc                z_reschedule_irqlock
 .text.k_sched_lock
                0x0000000010004324       0x28 zephyr/kernel/libkernel.a(sched.c.obj)
                0x0000000010004324                k_sched_lock
 .text.k_sched_unlock
                0x000000001000434c       0x68 zephyr/kernel/libkernel.a(sched.c.obj)
                0x000000001000434c                k_sched_unlock
 .text.z_sched_init
                0x00000000100043b4       0x10 zephyr/kernel/libkernel.a(sched.c.obj)
                0x00000000100043b4                z_sched_init
 .text.z_impl_k_yield
                0x00000000100043c4       0x88 zephyr/kernel/libkernel.a(sched.c.obj)
                0x00000000100043c4                z_impl_k_yield
 .text.z_tick_sleep
                0x000000001000444c       0x78 zephyr/kernel/libkernel.a(sched.c.obj)
 .text.z_impl_k_wakeup
                0x00000000100044c4       0x48 zephyr/kernel/libkernel.a(sched.c.obj)
                0x00000000100044c4                z_impl_k_wakeup
 .text.z_impl_k_sched_current_thread_query
                0x000000001000450c        0xc zephyr/kernel/libkernel.a(sched.c.obj)
                0x000000001000450c                z_impl_k_sched_current_thread_query
 .text.z_thread_abort
                0x0000000010004518      0x140 zephyr/kernel/libkernel.a(sched.c.obj)
                0x0000000010004518                z_thread_abort
 .text.z_sched_wait
                0x0000000010004658       0x24 zephyr/kernel/libkernel.a(sched.c.obj)
                0x0000000010004658                z_sched_wait
 .text.z_time_slice_size
                0x000000001000467c       0x40 zephyr/kernel/libkernel.a(timeslicing.c.obj)
 .text.slice_timeout
                0x00000000100046bc       0x20 zephyr/kernel/libkernel.a(timeslicing.c.obj)
 .text.z_reset_time_slice
                0x00000000100046dc       0x48 zephyr/kernel/libkernel.a(timeslicing.c.obj)
                0x00000000100046dc                z_reset_time_slice
 .text.z_time_slice
                0x0000000010004724       0x5c zephyr/kernel/libkernel.a(timeslicing.c.obj)
                0x0000000010004724                z_time_slice
 .text.first    0x0000000010004780       0x10 zephyr/kernel/libkernel.a(timeout.c.obj)
 .text.elapsed  0x0000000010004790       0x14 zephyr/kernel/libkernel.a(timeout.c.obj)
 .text.remove_timeout
                0x00000000100047a4       0x38 zephyr/kernel/libkernel.a(timeout.c.obj)
 .text.z_add_timeout
                0x00000000100047dc      0x120 zephyr/kernel/libkernel.a(timeout.c.obj)
                0x00000000100047dc                z_add_timeout
 .text.sys_clock_announce
                0x00000000100048fc       0xbc zephyr/kernel/libkernel.a(timeout.c.obj)
                0x00000000100048fc                sys_clock_announce
 .text.sys_clock_tick_get
                0x00000000100049b8       0x30 zephyr/kernel/libkernel.a(timeout.c.obj)
                0x00000000100049b8                sys_clock_tick_get
 .text.k_event_post_internal
                0x00000000100049e8       0x6c zephyr/kernel/libkernel.a(events.c.obj)
 .text.z_thread_alloc_helper
                0x0000000010004a54       0x4c zephyr/kernel/libkernel.a(mempool.c.obj)
 .text.z_thread_malloc
                0x0000000010004aa0       0x10 zephyr/kernel/libkernel.a(mempool.c.obj)
                0x0000000010004aa0                z_thread_malloc
 .text.boot_banner
                0x0000000010004ab0        0xc zephyr/kernel/libkernel.a(banner.c.obj)
                0x0000000010004ab0                boot_banner
 .text.k_sys_work_q_init
                0x0000000010004abc       0x2c zephyr/kernel/libkernel.a(system_work_q.c.obj)
 .text.__l_vfprintf
                0x0000000010004ae8      0x4b4 /home/amine/zephyr-sdk-0.17.4/arm-zephyr-eabi/bin/../lib/gcc/../../picolibc/arm-zephyr-eabi/lib/thumb/v8-m.main/nofp/libc.a(libc_tinystdio_vflprintf.c.o)
                0x0000000010004ae8                __l_vfprintf
 .text._OffsetAbsSyms
                0x0000000010004f9c        0x2 zephyr/CMakeFiles/offsets.dir/./arch/arm/core/offsets/offsets.c.obj
                0x0000000010004f9c                _OffsetAbsSyms
 .text.chunk_field
                0x0000000010004f9e       0x16 zephyr/libzephyr.a(heap.c.obj)
 .text.chunk_set
                0x0000000010004fb4       0x16 zephyr/libzephyr.a(heap.c.obj)
 .text.chunk_size
                0x0000000010004fca        0xc zephyr/libzephyr.a(heap.c.obj)
 .text.set_chunk_used
                0x0000000010004fd6       0x30 zephyr/libzephyr.a(heap.c.obj)
 .text.set_chunk_size
                0x0000000010005006        0x8 zephyr/libzephyr.a(heap.c.obj)
 .text.mem_to_chunkid
                0x000000001000500e       0x14 zephyr/libzephyr.a(heap.c.obj)
 .text.bucket_idx
                0x0000000010005022       0x1e zephyr/libzephyr.a(heap.c.obj)
 .text.free_list_remove_bidx
                0x0000000010005040       0x5c zephyr/libzephyr.a(heap.c.obj)
 .text.free_list_remove
                0x000000001000509c       0x2e zephyr/libzephyr.a(heap.c.obj)
 .text.alloc_chunk
                0x00000000100050ca       0x72 zephyr/libzephyr.a(heap.c.obj)
 .text.split_chunks
                0x000000001000513c       0x4e zephyr/libzephyr.a(heap.c.obj)
 .text.merge_chunks
                0x000000001000518a       0x3c zephyr/libzephyr.a(heap.c.obj)
 .text.free_list_add
                0x00000000100051c6       0x84 zephyr/libzephyr.a(heap.c.obj)
 .text.free_chunk
                0x000000001000524a       0x84 zephyr/libzephyr.a(heap.c.obj)
 .text.sys_heap_free
                0x00000000100052ce       0x24 zephyr/libzephyr.a(heap.c.obj)
                0x00000000100052ce                sys_heap_free
 .text.sys_heap_alloc
                0x00000000100052f2       0x76 zephyr/libzephyr.a(heap.c.obj)
                0x00000000100052f2                sys_heap_alloc
 .text.sys_heap_noalign_alloc
                0x0000000010005368        0x6 zephyr/libzephyr.a(heap.c.obj)
                0x0000000010005368                sys_heap_noalign_alloc
 .text.sys_heap_aligned_alloc
                0x000000001000536e       0xf8 zephyr/libzephyr.a(heap.c.obj)
                0x000000001000536e                sys_heap_aligned_alloc
 .text.sys_heap_init
                0x0000000010005466       0xb0 zephyr/libzephyr.a(heap.c.obj)
                0x0000000010005466                sys_heap_init
 .text.sys_mem_blocks_free
                0x0000000010005516       0x58 zephyr/libzephyr.a(mem_blocks.c.obj)
                0x0000000010005516                sys_mem_blocks_free
 .text.sys_mem_blocks_alloc
                0x000000001000556e       0x4e zephyr/libzephyr.a(mem_blocks.c.obj)
                0x000000001000556e                sys_mem_blocks_alloc
 .text.arch_printk_char_out
                0x00000000100055bc        0x4 zephyr/libzephyr.a(printk.c.obj)
                0x00000000100055bc                arch_printk_char_out
 .text.printk   0x00000000100055c0       0x1a zephyr/libzephyr.a(printk.c.obj)
                0x00000000100055c0                printk
 .text.setup_bundle_data.constprop.0
                0x00000000100055da       0x3a zephyr/libzephyr.a(bitarray.c.obj)
 .text.set_region
                0x0000000010005614       0x90 zephyr/libzephyr.a(bitarray.c.obj)
 .text.match_region
                0x00000000100056a4       0x8c zephyr/libzephyr.a(bitarray.c.obj)
 .text.sys_bitarray_alloc
                0x0000000010005730       0xc8 zephyr/libzephyr.a(bitarray.c.obj)
                0x0000000010005730                sys_bitarray_alloc
 .text.sys_bitarray_free
                0x00000000100057f8       0x96 zephyr/libzephyr.a(bitarray.c.obj)
                0x00000000100057f8                sys_bitarray_free
 .text.bitmask_find_gap
                0x000000001000588e       0x76 zephyr/libzephyr.a(bitmask.c.obj)
                0x000000001000588e                bitmask_find_gap
 .text.ring_buf_area_claim
                0x0000000010005904       0x30 zephyr/libzephyr.a(ring_buffer.c.obj)
                0x0000000010005904                ring_buf_area_claim
 .text.ring_buf_put_claim
                0x0000000010005934       0x1e zephyr/libzephyr.a(ring_buffer.c.obj)
 .text.ring_buf_get_claim
                0x0000000010005952       0x1e zephyr/libzephyr.a(ring_buffer.c.obj)
 .text.ring_buf_area_finish
                0x0000000010005970       0x32 zephyr/libzephyr.a(ring_buffer.c.obj)
                0x0000000010005970                ring_buf_area_finish
 .text.ring_buf_put
                0x00000000100059a2       0x40 zephyr/libzephyr.a(ring_buffer.c.obj)
                0x00000000100059a2                ring_buf_put
 .text.ring_buf_get
                0x00000000100059e2       0x44 zephyr/libzephyr.a(ring_buffer.c.obj)
                0x00000000100059e2                ring_buf_get
 .text._ConfigAbsSyms
                0x0000000010005a26        0x2 zephyr/libzephyr.a(configs.c.obj)
                0x0000000010005a26                _ConfigAbsSyms
 .text.arch_early_memset
                0x0000000010005a28        0x4 zephyr/arch/common/libarch__common.a(init.c.obj)
                0x0000000010005a28                arch_early_memset
 .text.arch_early_memcpy
                0x0000000010005a2c        0x4 zephyr/arch/common/libarch__common.a(init.c.obj)
                0x0000000010005a2c                arch_early_memcpy
 .text.z_do_kernel_oops
                0x0000000010005a30        0x8 zephyr/arch/arch/arm/core/libarch__arm__core.a(fatal.c.obj)
                0x0000000010005a30                z_do_kernel_oops
 .text.z_arm_nmi
                0x0000000010005a38        0xe zephyr/arch/arch/arm/core/libarch__arm__core.a(nmi.c.obj)
                0x0000000010005a38                z_arm_nmi
 .text.z_irq_spurious
                0x0000000010005a46        0x8 zephyr/arch/arch/arm/core/cortex_m/libarch__arm__core__cortex_m.a(irq_manage.c.obj)
                0x0000000010005a46                z_irq_spurious
 .text.arch_coprocessors_disable
                0x0000000010005a4e        0x6 zephyr/arch/arch/arm/core/cortex_m/libarch__arm__core__cortex_m.a(thread.c.obj)
                0x0000000010005a4e                arch_coprocessors_disable
 .text.arch_irq_unlock_outlined
                0x0000000010005a54        0xe zephyr/arch/arch/arm/core/cortex_m/libarch__arm__core__cortex_m.a(thread.c.obj)
                0x0000000010005a54                arch_irq_unlock_outlined
 .text.arch_cpu_idle
                0x0000000010005a62       0x1a zephyr/arch/arch/arm/core/cortex_m/libarch__arm__core__cortex_m.a(cpu_idle.c.obj)
                0x0000000010005a62                arch_cpu_idle
 .text.__assert_no_args
                0x0000000010005a7c        0x6 zephyr/lib/libc/picolibc/liblib__libc__picolibc.a(assert.c.obj)
                0x0000000010005a7c                __assert_no_args
 .text.picolibc_put
                0x0000000010005a82        0xa zephyr/lib/libc/picolibc/liblib__libc__picolibc.a(stdio.c.obj)
 .text.net_buf_frag_insert
                0x0000000010005a8c       0x16 zephyr/lib/net_buf/liblib__net_buf.a(buf.c.obj)
                0x0000000010005a8c                net_buf_frag_insert
 .text.net_buf_frag_add
                0x0000000010005aa2       0x22 zephyr/lib/net_buf/liblib__net_buf.a(buf.c.obj)
                0x0000000010005aa2                net_buf_frag_add
 .text.net_buf_frag_del
                0x0000000010005ac4       0x18 zephyr/lib/net_buf/liblib__net_buf.a(buf.c.obj)
                0x0000000010005ac4                net_buf_frag_del
 .text.net_buf_simple_add
                0x0000000010005adc        0xc zephyr/lib/net_buf/liblib__net_buf.a(buf_simple.c.obj)
                0x0000000010005adc                net_buf_simple_add
 .text.net_buf_simple_add_mem
                0x0000000010005ae8       0x12 zephyr/lib/net_buf/liblib__net_buf.a(buf_simple.c.obj)
                0x0000000010005ae8                net_buf_simple_add_mem
 .text.net_buf_simple_add_u8
                0x0000000010005afa       0x10 zephyr/lib/net_buf/liblib__net_buf.a(buf_simple.c.obj)
                0x0000000010005afa                net_buf_simple_add_u8
 .text.net_buf_simple_add_le16
                0x0000000010005b0a       0x14 zephyr/lib/net_buf/liblib__net_buf.a(buf_simple.c.obj)
                0x0000000010005b0a                net_buf_simple_add_le16
 .text.net_buf_simple_remove_mem
                0x0000000010005b1e        0xe zephyr/lib/net_buf/liblib__net_buf.a(buf_simple.c.obj)
                0x0000000010005b1e                net_buf_simple_remove_mem
 .text.net_buf_simple_pull
                0x0000000010005b2c       0x10 zephyr/lib/net_buf/liblib__net_buf.a(buf_simple.c.obj)
                0x0000000010005b2c                net_buf_simple_pull
 .text.net_buf_simple_tailroom
                0x0000000010005b3c       0x10 zephyr/lib/net_buf/liblib__net_buf.a(buf_simple.c.obj)
                0x0000000010005b3c                net_buf_simple_tailroom
 .text.soc_reset_hook
                0x0000000010005b4c        0x4 zephyr/soc/soc/rp2350a/rp2350/libsoc__raspberrypi__rpi_pico__rp2350.a(soc.c.obj)
                0x0000000010005b4c                soc_reset_hook
 .text.usbd_device_lock
                0x0000000010005b50        0xe zephyr/subsys/usb/device_next/libsubsys__usb__device_next.a(usbd_device.c.obj)
 .text.k_mutex_unlock.isra.0
                0x0000000010005b5e        0x4 zephyr/subsys/usb/device_next/libsubsys__usb__device_next.a(usbd_device.c.obj)
 .text.usbd_bus_speed
                0x0000000010005b62        0xa zephyr/subsys/usb/device_next/libsubsys__usb__device_next.a(usbd_device.c.obj)
                0x0000000010005b62                usbd_bus_speed
 .text.usbd_device_set_code_triple
                0x0000000010005b6c       0x48 zephyr/subsys/usb/device_next/libsubsys__usb__device_next.a(usbd_device.c.obj)
                0x0000000010005b6c                usbd_device_set_code_triple
 .text.usbd_is_suspended
                0x0000000010005bb4        0xa zephyr/subsys/usb/device_next/libsubsys__usb__device_next.a(usbd_device.c.obj)
                0x0000000010005bb4                usbd_is_suspended
 .text.usbd_init
                0x0000000010005bbe       0x5e zephyr/subsys/usb/device_next/libsubsys__usb__device_next.a(usbd_device.c.obj)
                0x0000000010005bbe                usbd_init
 .text.usbd_enable
                0x0000000010005c1c       0x5c zephyr/subsys/usb/device_next/libsubsys__usb__device_next.a(usbd_device.c.obj)
                0x0000000010005c1c                usbd_enable
 .text.usbd_device_get_vreq
                0x0000000010005c78       0x28 zephyr/subsys/usb/device_next/libsubsys__usb__device_next.a(usbd_device.c.obj)
                0x0000000010005c78                usbd_device_get_vreq
 .text.usbd_device_register_vreq
                0x0000000010005ca0       0x56 zephyr/subsys/usb/device_next/libsubsys__usb__device_next.a(usbd_device.c.obj)
                0x0000000010005ca0                usbd_device_register_vreq
 .text.usbd_get_descriptor
                0x0000000010005cf6       0x34 zephyr/subsys/usb/device_next/libsubsys__usb__device_next.a(usbd_desc.c.obj)
                0x0000000010005cf6                usbd_get_descriptor
 .text.usbd_add_descriptor
                0x0000000010005d2a      0x106 zephyr/subsys/usb/device_next/libsubsys__usb__device_next.a(usbd_desc.c.obj)
                0x0000000010005d2a                usbd_add_descriptor
 .text.usbd_str_desc_get_idx
                0x0000000010005e30        0xa zephyr/subsys/usb/device_next/libsubsys__usb__device_next.a(usbd_desc.c.obj)
                0x0000000010005e30                usbd_str_desc_get_idx
 .text.reqtype_is_to_host
                0x0000000010005e3a        0xc zephyr/subsys/usb/device_next/libsubsys__usb__device_next.a(usbd_ch9.c.obj)
 .text.sreq_feature_halt_notify
                0x0000000010005e46       0x20 zephyr/subsys/usb/device_next/libsubsys__usb__device_next.a(usbd_ch9.c.obj)
 .text.udc_test_mode
                0x0000000010005e66       0x40 zephyr/subsys/usb/device_next/libsubsys__usb__device_next.a(usbd_ch9.c.obj)
 .text.udc_set_address
                0x0000000010005ea6       0x32 zephyr/subsys/usb/device_next/libsubsys__usb__device_next.a(usbd_ch9.c.obj)
 .text.usbd_init_control_pipe
                0x0000000010005ed8        0xc zephyr/subsys/usb/device_next/libsubsys__usb__device_next.a(usbd_ch9.c.obj)
                0x0000000010005ed8                usbd_init_control_pipe
 .text.usbd_class_bcast_event
                0x0000000010005ee4       0x44 zephyr/subsys/usb/device_next/libsubsys__usb__device_next.a(usbd_core.c.obj)
 .text.usbd_ep_bm_is_set.isra.0
                0x0000000010005f28       0x12 zephyr/subsys/usb/device_next/libsubsys__usb__device_next.a(usbd_init.c.obj)
 .text.unassign_eps.constprop.0
                0x0000000010005f3a       0x8c zephyr/subsys/usb/device_next/libsubsys__usb__device_next.a(usbd_init.c.obj)
 .text.usbd_init_configurations
                0x0000000010005fc6      0x1e2 zephyr/subsys/usb/device_next/libsubsys__usb__device_next.a(usbd_init.c.obj)
                0x0000000010005fc6                usbd_init_configurations
 .text.usbd_device_lock
                0x00000000100061a8        0xe zephyr/subsys/usb/device_next/libsubsys__usb__device_next.a(usbd_config.c.obj)
 .text.k_mutex_unlock.isra.0
                0x00000000100061b6        0x4 zephyr/subsys/usb/device_next/libsubsys__usb__device_next.a(usbd_config.c.obj)
 .text.usbd_config_get
                0x00000000100061ba       0x28 zephyr/subsys/usb/device_next/libsubsys__usb__device_next.a(usbd_config.c.obj)
                0x00000000100061ba                usbd_config_get
 .text.usbd_config_get_current
                0x00000000100061e2       0x24 zephyr/subsys/usb/device_next/libsubsys__usb__device_next.a(usbd_config.c.obj)
                0x00000000100061e2                usbd_config_get_current
 .text.usbd_config_exist
                0x0000000010006206        0xe zephyr/subsys/usb/device_next/libsubsys__usb__device_next.a(usbd_config.c.obj)
                0x0000000010006206                usbd_config_exist
 .text.usbd_config_set
                0x0000000010006214       0x98 zephyr/subsys/usb/device_next/libsubsys__usb__device_next.a(usbd_config.c.obj)
                0x0000000010006214                usbd_config_set
 .text.usbd_add_configuration
                0x00000000100062ac       0xc2 zephyr/subsys/usb/device_next/libsubsys__usb__device_next.a(usbd_config.c.obj)
                0x00000000100062ac                usbd_add_configuration
 .text.usbd_device_lock
                0x000000001000636e        0xe zephyr/subsys/usb/device_next/libsubsys__usb__device_next.a(usbd_class.c.obj)
 .text.usbd_class_desc_len
                0x000000001000637c       0x20 zephyr/subsys/usb/device_next/libsubsys__usb__device_next.a(usbd_class.c.obj)
                0x000000001000637c                usbd_class_desc_len
 .text.usbd_class_get_by_config
                0x000000001000639c       0x20 zephyr/subsys/usb/device_next/libsubsys__usb__device_next.a(usbd_class.c.obj)
                0x000000001000639c                usbd_class_get_by_config
 .text.usbd_class_get_by_iface
                0x00000000100063bc       0x20 zephyr/subsys/usb/device_next/libsubsys__usb__device_next.a(usbd_class.c.obj)
                0x00000000100063bc                usbd_class_get_by_iface
 .text.usbd_class_handle_xfer
                0x00000000100063dc       0x12 zephyr/subsys/usb/device_next/libsubsys__usb__device_next.a(usbd_class.c.obj)
                0x00000000100063dc                usbd_class_handle_xfer
 .text.usbd_class_get_by_ep
                0x00000000100063ee       0x46 zephyr/subsys/usb/device_next/libsubsys__usb__device_next.a(usbd_class.c.obj)
                0x00000000100063ee                usbd_class_get_by_ep
 .text.usbd_class_get_by_req
                0x0000000010006434       0x2e zephyr/subsys/usb/device_next/libsubsys__usb__device_next.a(usbd_class.c.obj)
                0x0000000010006434                usbd_class_get_by_req
 .text.usbd_register_class
                0x0000000010006462       0x90 zephyr/subsys/usb/device_next/libsubsys__usb__device_next.a(usbd_class.c.obj)
                0x0000000010006462                usbd_register_class
 .text.usbd_interface_modify
                0x00000000100064f2       0x98 zephyr/subsys/usb/device_next/libsubsys__usb__device_next.a(usbd_interface.c.obj)
 .text.usbd_interface_shutdown
                0x000000001000658a       0x54 zephyr/subsys/usb/device_next/libsubsys__usb__device_next.a(usbd_interface.c.obj)
                0x000000001000658a                usbd_interface_shutdown
 .text.usbd_interface_default
                0x00000000100065de       0x50 zephyr/subsys/usb/device_next/libsubsys__usb__device_next.a(usbd_interface.c.obj)
                0x00000000100065de                usbd_interface_default
 .text.usbd_interface_set
                0x000000001000662e       0x78 zephyr/subsys/usb/device_next/libsubsys__usb__device_next.a(usbd_interface.c.obj)
                0x000000001000662e                usbd_interface_set
 .text.usbd_ep_bm_clear
                0x00000000100066a6       0x1c zephyr/subsys/usb/device_next/libsubsys__usb__device_next.a(usbd_endpoint.c.obj)
 .text.usbd_ep_enable
                0x00000000100066c2       0x38 zephyr/subsys/usb/device_next/libsubsys__usb__device_next.a(usbd_endpoint.c.obj)
                0x00000000100066c2                usbd_ep_enable
 .text.usbd_ep_disable
                0x00000000100066fa       0x2c zephyr/subsys/usb/device_next/libsubsys__usb__device_next.a(usbd_endpoint.c.obj)
                0x00000000100066fa                usbd_ep_disable
 .text.usbd_ep_ctrl_enqueue
                0x0000000010006726       0x7c zephyr/subsys/usb/device_next/libsubsys__usb__device_next.a(usbd_endpoint.c.obj)
                0x0000000010006726                usbd_ep_ctrl_enqueue
 .text.usbd_ep_buf_alloc
                0x00000000100067a2        0x8 zephyr/subsys/usb/device_next/libsubsys__usb__device_next.a(usbd_endpoint.c.obj)
                0x00000000100067a2                usbd_ep_buf_alloc
 .text.usbd_ep_enqueue
                0x00000000100067aa       0x30 zephyr/subsys/usb/device_next/libsubsys__usb__device_next.a(usbd_endpoint.c.obj)
                0x00000000100067aa                usbd_ep_enqueue
 .text.usbd_ep_buf_free
                0x00000000100067da        0x6 zephyr/subsys/usb/device_next/libsubsys__usb__device_next.a(usbd_endpoint.c.obj)
                0x00000000100067da                usbd_ep_buf_free
 .text.usbd_ep_dequeue
                0x00000000100067e0        0x6 zephyr/subsys/usb/device_next/libsubsys__usb__device_next.a(usbd_endpoint.c.obj)
                0x00000000100067e0                usbd_ep_dequeue
 .text.usbd_ep_set_halt
                0x00000000100067e6       0x28 zephyr/subsys/usb/device_next/libsubsys__usb__device_next.a(usbd_endpoint.c.obj)
                0x00000000100067e6                usbd_ep_set_halt
 .text.usbd_ep_clear_halt
                0x000000001000680e       0x1e zephyr/subsys/usb/device_next/libsubsys__usb__device_next.a(usbd_endpoint.c.obj)
                0x000000001000680e                usbd_ep_clear_halt
 .text.usbd_ep_is_halted
                0x000000001000682c       0x16 zephyr/subsys/usb/device_next/libsubsys__usb__device_next.a(usbd_endpoint.c.obj)
                0x000000001000682c                usbd_ep_is_halted
 .text.usbd_msg_pub_simple
                0x0000000010006842       0x1c zephyr/subsys/usb/device_next/libsubsys__usb__device_next.a(usbd_msg.c.obj)
                0x0000000010006842                usbd_msg_pub_simple
 .text.usbd_msg_pub_device
                0x000000001000685e       0x1c zephyr/subsys/usb/device_next/libsubsys__usb__device_next.a(usbd_msg.c.obj)
                0x000000001000685e                usbd_msg_pub_device
 .text.usbd_cdc_acm_update
                0x000000001000687a        0x2 zephyr/subsys/usb/device_next/libsubsys__usb__device_next.a(usbd_cdc_acm.c.obj)
 .text.usbd_cdc_acm_get_desc
                0x000000001000687c        0x8 zephyr/subsys/usb/device_next/libsubsys__usb__device_next.a(usbd_cdc_acm.c.obj)
 .text.cdc_acm_update_uart_cfg
                0x0000000010006884       0x4c zephyr/subsys/usb/device_next/libsubsys__usb__device_next.a(usbd_cdc_acm.c.obj)
 .text.cdc_acm_irq_tx_ready
                0x00000000100068d0       0x18 zephyr/subsys/usb/device_next/libsubsys__usb__device_next.a(usbd_cdc_acm.c.obj)
 .text.cdc_acm_irq_rx_ready
                0x00000000100068e8        0x8 zephyr/subsys/usb/device_next/libsubsys__usb__device_next.a(usbd_cdc_acm.c.obj)
 .text.cdc_acm_irq_is_pending
                0x00000000100068f0       0x12 zephyr/subsys/usb/device_next/libsubsys__usb__device_next.a(usbd_cdc_acm.c.obj)
 .text.cdc_acm_irq_callback_set
                0x0000000010006902        0x8 zephyr/subsys/usb/device_next/libsubsys__usb__device_next.a(usbd_cdc_acm.c.obj)
 .text.cdc_acm_line_ctrl_get
                0x000000001000690a       0x24 zephyr/subsys/usb/device_next/libsubsys__usb__device_next.a(usbd_cdc_acm.c.obj)
 .text.cdc_acm_configure
                0x000000001000692e       0x16 zephyr/subsys/usb/device_next/libsubsys__usb__device_next.a(usbd_cdc_acm.c.obj)
 .text.atomic_test_bit
                0x0000000010006944        0xc zephyr/subsys/usb/device_next/libsubsys__usb__device_next.a(usbd_cdc_acm.c.obj)
 .text.cdc_acm_irq_rx_enable
                0x0000000010006950       0x42 zephyr/subsys/usb/device_next/libsubsys__usb__device_next.a(usbd_cdc_acm.c.obj)
 .text.cdc_acm_fifo_read
                0x0000000010006992       0x14 zephyr/subsys/usb/device_next/libsubsys__usb__device_next.a(usbd_cdc_acm.c.obj)
 .text.cdc_acm_poll_in
                0x00000000100069a6       0x2a zephyr/subsys/usb/device_next/libsubsys__usb__device_next.a(usbd_cdc_acm.c.obj)
 .text.cdc_acm_fifo_fill
                0x00000000100069d0       0x2a zephyr/subsys/usb/device_next/libsubsys__usb__device_next.a(usbd_cdc_acm.c.obj)
 .text.cdc_acm_config_get
                0x00000000100069fa        0xe zephyr/subsys/usb/device_next/libsubsys__usb__device_next.a(usbd_cdc_acm.c.obj)
 .text.usbd_cdc_acm_init
                0x0000000010006a08       0x34 zephyr/subsys/usb/device_next/libsubsys__usb__device_next.a(usbd_cdc_acm.c.obj)
 .text.atomic_clear_bit
                0x0000000010006a3c       0x16 zephyr/subsys/usb/device_next/libsubsys__usb__device_next.a(usbd_cdc_acm.c.obj)
 .text.cdc_acm_irq_rx_disable
                0x0000000010006a52        0xa zephyr/subsys/usb/device_next/libsubsys__usb__device_next.a(usbd_cdc_acm.c.obj)
 .text.cdc_acm_irq_tx_disable
                0x0000000010006a5c        0xa zephyr/subsys/usb/device_next/libsubsys__usb__device_next.a(usbd_cdc_acm.c.obj)
 .text.usbd_cdc_acm_disable
                0x0000000010006a66       0x18 zephyr/subsys/usb/device_next/libsubsys__usb__device_next.a(usbd_cdc_acm.c.obj)
 .text.usbd_cdc_acm_resumed
                0x0000000010006a7e        0xc zephyr/subsys/usb/device_next/libsubsys__usb__device_next.a(usbd_cdc_acm.c.obj)
 .text.cdc_acm_tx_fifo_handler
                0x0000000010006a8a       0xb8 zephyr/subsys/usb/device_next/libsubsys__usb__device_next.a(usbd_cdc_acm.c.obj)
 .text.cdc_acm_line_ctrl_set
                0x0000000010006b42       0xee zephyr/subsys/usb/device_next/libsubsys__usb__device_next.a(usbd_cdc_acm.c.obj)
 .text.usbd_cdc_acm_request
                0x0000000010006c30       0xe8 zephyr/subsys/usb/device_next/libsubsys__usb__device_next.a(usbd_cdc_acm.c.obj)
 .text.cdc_acm_rx_fifo_handler
                0x0000000010006d18       0x82 zephyr/subsys/usb/device_next/libsubsys__usb__device_next.a(usbd_cdc_acm.c.obj)
 .text.cdc_acm_irq_cb_handler
                0x0000000010006d9a       0xae zephyr/subsys/usb/device_next/libsubsys__usb__device_next.a(usbd_cdc_acm.c.obj)
 .text.cdc_acm_irq_update
                0x0000000010006e48       0x46 zephyr/subsys/usb/device_next/libsubsys__usb__device_next.a(usbd_cdc_acm.c.obj)
 .text.usbd_cdc_acm_suspended
                0x0000000010006e8e       0x18 zephyr/subsys/usb/device_next/libsubsys__usb__device_next.a(usbd_cdc_acm.c.obj)
 .text.usbd_cdc_acm_enable
                0x0000000010006ea6       0x5c zephyr/subsys/usb/device_next/libsubsys__usb__device_next.a(usbd_cdc_acm.c.obj)
 .text.cdc_acm_irq_tx_enable
                0x0000000010006f02       0x2e zephyr/subsys/usb/device_next/libsubsys__usb__device_next.a(usbd_cdc_acm.c.obj)
 .text.udc_pool_data_unref
                0x0000000010006f30       0x18 zephyr/drivers/usb/udc/libdrivers__usb__udc.a(udc_common.c.obj)
 .text.udc_pool_data_alloc
                0x0000000010006f48       0x2e zephyr/drivers/usb/udc/libdrivers__usb__udc.a(udc_common.c.obj)
 .text.udc_buf_destroy
                0x0000000010006f76       0x30 zephyr/drivers/usb/udc/libdrivers__usb__udc.a(udc_common.c.obj)
 .text.ep_check_config.constprop.0
                0x0000000010006fa6       0x68 zephyr/drivers/usb/udc/libdrivers__usb__udc.a(udc_common.c.obj)
 .text.udc_is_initialized.isra.0
                0x000000001000700e        0xc zephyr/drivers/usb/udc/libdrivers__usb__udc.a(udc_common.c.obj)
 .text.udc_is_enabled.isra.0
                0x000000001000701a        0xc zephyr/drivers/usb/udc/libdrivers__usb__udc.a(udc_common.c.obj)
 .text.udc_set_suspended
                0x0000000010007026       0x2e zephyr/drivers/usb/udc/libdrivers__usb__udc.a(udc_common.c.obj)
                0x0000000010007026                udc_set_suspended
 .text.udc_get_ep_cfg
                0x0000000010007054       0x12 zephyr/drivers/usb/udc/libdrivers__usb__udc.a(udc_common.c.obj)
                0x0000000010007054                udc_get_ep_cfg
 .text.udc_ep_is_busy
                0x0000000010007066        0x8 zephyr/drivers/usb/udc/libdrivers__usb__udc.a(udc_common.c.obj)
                0x0000000010007066                udc_ep_is_busy
 .text.udc_ep_set_busy
                0x000000001000706e        0xa zephyr/drivers/usb/udc/libdrivers__usb__udc.a(udc_common.c.obj)
                0x000000001000706e                udc_ep_set_busy
 .text.udc_register_ep
                0x0000000010007078       0x2c zephyr/drivers/usb/udc/libdrivers__usb__udc.a(udc_common.c.obj)
                0x0000000010007078                udc_register_ep
 .text.udc_buf_get
                0x00000000100070a4        0x8 zephyr/drivers/usb/udc/libdrivers__usb__udc.a(udc_common.c.obj)
                0x00000000100070a4                udc_buf_get
 .text.udc_buf_get_all
                0x00000000100070ac       0x2e zephyr/drivers/usb/udc/libdrivers__usb__udc.a(udc_common.c.obj)
                0x00000000100070ac                udc_buf_get_all
 .text.udc_buf_peek
                0x00000000100070da        0x4 zephyr/drivers/usb/udc/libdrivers__usb__udc.a(udc_common.c.obj)
                0x00000000100070da                udc_buf_peek
 .text.udc_buf_put
                0x00000000100070de        0x4 zephyr/drivers/usb/udc/libdrivers__usb__udc.a(udc_common.c.obj)
                0x00000000100070de                udc_buf_put
 .text.udc_ep_buf_set_setup
                0x00000000100070e2        0xe zephyr/drivers/usb/udc/libdrivers__usb__udc.a(udc_common.c.obj)
                0x00000000100070e2                udc_ep_buf_set_setup
 .text.udc_ep_buf_has_zlp
                0x00000000100070f0        0x8 zephyr/drivers/usb/udc/libdrivers__usb__udc.a(udc_common.c.obj)
                0x00000000100070f0                udc_ep_buf_has_zlp
 .text.udc_ep_buf_clear_zlp
                0x00000000100070f8        0xa zephyr/drivers/usb/udc/libdrivers__usb__udc.a(udc_common.c.obj)
                0x00000000100070f8                udc_ep_buf_clear_zlp
 .text.udc_submit_event
                0x0000000010007102       0x18 zephyr/drivers/usb/udc/libdrivers__usb__udc.a(udc_common.c.obj)
                0x0000000010007102                udc_submit_event
 .text.udc_submit_ep_event
                0x000000001000711a       0x30 zephyr/drivers/usb/udc/libdrivers__usb__udc.a(udc_common.c.obj)
                0x000000001000711a                udc_submit_ep_event
 .text.udc_ep_try_config
                0x000000001000714a       0x88 zephyr/drivers/usb/udc/libdrivers__usb__udc.a(udc_common.c.obj)
                0x000000001000714a                udc_ep_try_config
 .text.udc_ep_enable_internal
                0x00000000100071d2       0x64 zephyr/drivers/usb/udc/libdrivers__usb__udc.a(udc_common.c.obj)
                0x00000000100071d2                udc_ep_enable_internal
 .text.udc_ep_enable
                0x0000000010007236       0x52 zephyr/drivers/usb/udc/libdrivers__usb__udc.a(udc_common.c.obj)
                0x0000000010007236                udc_ep_enable
 .text.udc_ep_disable_internal
                0x0000000010007288       0x3e zephyr/drivers/usb/udc/libdrivers__usb__udc.a(udc_common.c.obj)
                0x0000000010007288                udc_ep_disable_internal
 .text.udc_ep_disable
                0x00000000100072c6       0x38 zephyr/drivers/usb/udc/libdrivers__usb__udc.a(udc_common.c.obj)
                0x00000000100072c6                udc_ep_disable
 .text.udc_ep_set_halt
                0x00000000100072fe       0x54 zephyr/drivers/usb/udc/libdrivers__usb__udc.a(udc_common.c.obj)
                0x00000000100072fe                udc_ep_set_halt
 .text.udc_ep_clear_halt
                0x0000000010007352       0x60 zephyr/drivers/usb/udc/libdrivers__usb__udc.a(udc_common.c.obj)
                0x0000000010007352                udc_ep_clear_halt
 .text.udc_ep_enqueue
                0x00000000100073b2       0x50 zephyr/drivers/usb/udc/libdrivers__usb__udc.a(udc_common.c.obj)
                0x00000000100073b2                udc_ep_enqueue
 .text.udc_ep_dequeue
                0x0000000010007402       0x42 zephyr/drivers/usb/udc/libdrivers__usb__udc.a(udc_common.c.obj)
                0x0000000010007402                udc_ep_dequeue
 .text.udc_ctrl_alloc
                0x0000000010007444        0x4 zephyr/drivers/usb/udc/libdrivers__usb__udc.a(udc_common.c.obj)
                0x0000000010007444                udc_ctrl_alloc
 .text.udc_ep_buf_free
                0x0000000010007448       0x1c zephyr/drivers/usb/udc/libdrivers__usb__udc.a(udc_common.c.obj)
                0x0000000010007448                udc_ep_buf_free
 .text.udc_device_speed
                0x0000000010007464       0x2c zephyr/drivers/usb/udc/libdrivers__usb__udc.a(udc_common.c.obj)
                0x0000000010007464                udc_device_speed
 .text.udc_enable
                0x0000000010007490       0x52 zephyr/drivers/usb/udc/libdrivers__usb__udc.a(udc_common.c.obj)
                0x0000000010007490                udc_enable
 .text.udc_disable
                0x00000000100074e2       0x40 zephyr/drivers/usb/udc/libdrivers__usb__udc.a(udc_common.c.obj)
                0x00000000100074e2                udc_disable
 .text.udc_init
                0x0000000010007522       0x5e zephyr/drivers/usb/udc/libdrivers__usb__udc.a(udc_common.c.obj)
                0x0000000010007522                udc_init
 .text.udc_shutdown
                0x0000000010007580       0x4e zephyr/drivers/usb/udc/libdrivers__usb__udc.a(udc_common.c.obj)
                0x0000000010007580                udc_shutdown
 .text.udc_ctrl_submit_s_out_status
                0x00000000100075ce       0x4c zephyr/drivers/usb/udc/libdrivers__usb__udc.a(udc_common.c.obj)
                0x00000000100075ce                udc_ctrl_submit_s_out_status
 .text.udc_ctrl_submit_s_in_status
                0x000000001000761a       0x4c zephyr/drivers/usb/udc/libdrivers__usb__udc.a(udc_common.c.obj)
                0x000000001000761a                udc_ctrl_submit_s_in_status
 .text.udc_ctrl_submit_s_status
                0x0000000010007666       0x3e zephyr/drivers/usb/udc/libdrivers__usb__udc.a(udc_common.c.obj)
                0x0000000010007666                udc_ctrl_submit_s_status
 .text.udc_ctrl_submit_status
                0x00000000100076a4        0xe zephyr/drivers/usb/udc/libdrivers__usb__udc.a(udc_common.c.obj)
                0x00000000100076a4                udc_ctrl_submit_status
 .text.udc_ctrl_stage_is_data_out
                0x00000000100076b2        0xe zephyr/drivers/usb/udc/libdrivers__usb__udc.a(udc_common.c.obj)
                0x00000000100076b2                udc_ctrl_stage_is_data_out
 .text.udc_ctrl_stage_is_data_in
                0x00000000100076c0        0xe zephyr/drivers/usb/udc/libdrivers__usb__udc.a(udc_common.c.obj)
                0x00000000100076c0                udc_ctrl_stage_is_data_in
 .text.udc_ctrl_stage_is_status_out
                0x00000000100076ce        0xe zephyr/drivers/usb/udc/libdrivers__usb__udc.a(udc_common.c.obj)
                0x00000000100076ce                udc_ctrl_stage_is_status_out
 .text.udc_ctrl_stage_is_status_in
                0x00000000100076dc        0xe zephyr/drivers/usb/udc/libdrivers__usb__udc.a(udc_common.c.obj)
                0x00000000100076dc                udc_ctrl_stage_is_status_in
 .text.udc_ctrl_stage_is_no_data
                0x00000000100076ea        0xe zephyr/drivers/usb/udc/libdrivers__usb__udc.a(udc_common.c.obj)
                0x00000000100076ea                udc_ctrl_stage_is_no_data
 .text.udc_ctrl_update_stage
                0x00000000100076f8       0x84 zephyr/drivers/usb/udc/libdrivers__usb__udc.a(udc_common.c.obj)
                0x00000000100076f8                udc_ctrl_update_stage
 .text.udc_rpi_pico_set_address
                0x000000001000777c        0xa zephyr/drivers/usb/udc/libdrivers__usb__udc.a(udc_rpi_pico.c.obj)
 .text.udc_rpi_pico_host_wakeup
                0x0000000010007786       0x20 zephyr/drivers/usb/udc/libdrivers__usb__udc.a(udc_rpi_pico.c.obj)
 .text.udc_rpi_pico_shutdown
                0x00000000100077a6       0x14 zephyr/drivers/usb/udc/libdrivers__usb__udc.a(udc_rpi_pico.c.obj)
 .text.udc_rpi_pico_disable
                0x00000000100077ba       0x2c zephyr/drivers/usb/udc/libdrivers__usb__udc.a(udc_rpi_pico.c.obj)
 .text.udc_rpi_pico_irq_disable_func_0
                0x00000000100077e6        0x6 zephyr/drivers/usb/udc/libdrivers__usb__udc.a(udc_rpi_pico.c.obj)
 .text.udc_rpi_pico_irq_enable_func_0
                0x00000000100077ec       0x16 zephyr/drivers/usb/udc/libdrivers__usb__udc.a(udc_rpi_pico.c.obj)
 .text.udc_rpi_pico_init
                0x0000000010007802       0x40 zephyr/drivers/usb/udc/libdrivers__usb__udc.a(udc_rpi_pico.c.obj)
 .text.atomic_clear
                0x0000000010007842       0x14 zephyr/drivers/usb/udc/libdrivers__usb__udc.a(udc_rpi_pico.c.obj)
 .text.udc_rpi_pico_lock
                0x0000000010007856       0x1c zephyr/drivers/usb/udc/libdrivers__usb__udc.a(udc_rpi_pico.c.obj)
 .text.read_buf_ctrl_reg.isra.0
                0x0000000010007872       0x1c zephyr/drivers/usb/udc/libdrivers__usb__udc.a(udc_rpi_pico.c.obj)
 .text.udc_rpi_pico_unlock
                0x000000001000788e       0x12 zephyr/drivers/usb/udc/libdrivers__usb__udc.a(udc_rpi_pico.c.obj)
 .text.udc_rpi_pico_driver_preinit
                0x00000000100078a0      0x136 zephyr/drivers/usb/udc/libdrivers__usb__udc.a(udc_rpi_pico.c.obj)
 .text.k_event_post.isra.0
                0x00000000100079d6        0x4 zephyr/drivers/usb/udc/libdrivers__usb__udc.a(udc_rpi_pico.c.obj)
 .text.atomic_set_bit
                0x00000000100079da       0x1e zephyr/drivers/usb/udc/libdrivers__usb__udc.a(udc_rpi_pico.c.obj)
 .text.write_buf_ctrl_reg.isra.0
                0x00000000100079f8       0x1c zephyr/drivers/usb/udc/libdrivers__usb__udc.a(udc_rpi_pico.c.obj)
 .text.rpi_pico_prep_rx.constprop.0
                0x0000000010007a14       0x88 zephyr/drivers/usb/udc/libdrivers__usb__udc.a(udc_rpi_pico.c.obj)
 .text.rpi_pico_ctrl_feed_dout
                0x0000000010007a9c       0x34 zephyr/drivers/usb/udc/libdrivers__usb__udc.a(udc_rpi_pico.c.obj)
 .text.rpi_pico_ep_cancel
                0x0000000010007ad0       0x6a zephyr/drivers/usb/udc/libdrivers__usb__udc.a(udc_rpi_pico.c.obj)
 .text.udc_rpi_pico_ep_set_halt
                0x0000000010007b3a       0x84 zephyr/drivers/usb/udc/libdrivers__usb__udc.a(udc_rpi_pico.c.obj)
 .text.udc_rpi_pico_ep_dequeue
                0x0000000010007bbe       0x3a zephyr/drivers/usb/udc/libdrivers__usb__udc.a(udc_rpi_pico.c.obj)
 .text.udc_rpi_pico_ep_enable
                0x0000000010007bf8       0x8e zephyr/drivers/usb/udc/libdrivers__usb__udc.a(udc_rpi_pico.c.obj)
 .text.rpi_pico_prep_tx
                0x0000000010007c86       0xa4 zephyr/drivers/usb/udc/libdrivers__usb__udc.a(udc_rpi_pico.c.obj)
 .text.rpi_pico_handle_xfer_next
                0x0000000010007d2a       0x52 zephyr/drivers/usb/udc/libdrivers__usb__udc.a(udc_rpi_pico.c.obj)
 .text.udc_rpi_pico_ep_clear_halt
                0x0000000010007d7c       0xbc zephyr/drivers/usb/udc/libdrivers__usb__udc.a(udc_rpi_pico.c.obj)
 .text.udc_rpi_pico_ep_disable
                0x0000000010007e38       0x62 zephyr/drivers/usb/udc/libdrivers__usb__udc.a(udc_rpi_pico.c.obj)
 .text.udc_rpi_pico_thread_0
                0x0000000010007e9a      0x268 zephyr/drivers/usb/udc/libdrivers__usb__udc.a(udc_rpi_pico.c.obj)
 .text.udc_rpi_pico_ep_enqueue
                0x0000000010008102       0x40 zephyr/drivers/usb/udc/libdrivers__usb__udc.a(udc_rpi_pico.c.obj)
 .text.clock_control_rpi_pico_on
                0x0000000010008142       0x3c zephyr/drivers/clock_control/libdrivers__clock_control.a(clock_control_rpi_pico.c.obj)
 .text.clock_control_rpi_pico_off
                0x000000001000817e       0x3c zephyr/drivers/clock_control/libdrivers__clock_control.a(clock_control_rpi_pico.c.obj)
 .text.rpi_pico_is_clock_enabled.isra.0
                0x00000000100081ba       0x70 zephyr/drivers/clock_control/libdrivers__clock_control.a(clock_control_rpi_pico.c.obj)
 .text.clock_control_rpi_pico_get_status
                0x000000001000822a       0x18 zephyr/drivers/clock_control/libdrivers__clock_control.a(clock_control_rpi_pico.c.obj)
 .text.clock_control_rpi_pico_get_rate
                0x0000000010008242       0x1e zephyr/drivers/clock_control/libdrivers__clock_control.a(clock_control_rpi_pico.c.obj)
 .text.rpi_pico_clkid_tuple_reorder_by_dependencies
                0x0000000010008260       0x4c zephyr/drivers/clock_control/libdrivers__clock_control.a(clock_control_rpi_pico.c.obj)
                0x0000000010008260                rpi_pico_clkid_tuple_reorder_by_dependencies
 .text.gpio_rpi_port_get_raw
                0x00000000100082ac        0xa zephyr/drivers/gpio/libdrivers__gpio.a(gpio_rpi_pico.c.obj)
 .text.gpio_rpi_port_set_bits_raw
                0x00000000100082b6       0x24 zephyr/drivers/gpio/libdrivers__gpio.a(gpio_rpi_pico.c.obj)
 .text.gpio_rpi_port_clear_bits_raw
                0x00000000100082da       0x24 zephyr/drivers/gpio/libdrivers__gpio.a(gpio_rpi_pico.c.obj)
 .text.gpio_rpi_port_toggle_bits
                0x00000000100082fe       0x16 zephyr/drivers/gpio/libdrivers__gpio.a(gpio_rpi_pico.c.obj)
 .text.gpio_rpi_manage_callback
                0x0000000010008314       0x52 zephyr/drivers/gpio/libdrivers__gpio.a(gpio_rpi_pico.c.obj)
 .text.gpio_rpi_bank_init
                0x0000000010008366        0xe zephyr/drivers/gpio/libdrivers__gpio.a(gpio_rpi_pico.c.obj)
 .text.gpio_rpi_pin_interrupt_configure
                0x0000000010008374       0x42 zephyr/drivers/gpio/libdrivers__gpio.a(gpio_rpi_pico.c.obj)
 .text.bank_0_config_func
                0x00000000100083b6       0x16 zephyr/drivers/gpio/libdrivers__gpio.a(gpio_rpi_pico.c.obj)
 .text.gpio_rpi_port_set_masked_raw
                0x00000000100083cc       0x40 zephyr/drivers/gpio/libdrivers__gpio.a(gpio_rpi_pico.c.obj)
 .text.z_impl_hwinfo_get_device_id
                0x000000001000840c       0x38 zephyr/drivers/hwinfo/libdrivers__hwinfo.a(hwinfo_rpi_pico.c.obj)
                0x000000001000840c                z_impl_hwinfo_get_device_id
 .text.pinctrl_lookup_state
                0x0000000010008444       0x26 zephyr/drivers/pinctrl/libdrivers__pinctrl.a(common.c.obj)
                0x0000000010008444                pinctrl_lookup_state
 .text.pinctrl_configure_pins
                0x000000001000846a       0xc2 zephyr/drivers/pinctrl/libdrivers__pinctrl.a(pinctrl_rpi_pico.c.obj)
                0x000000001000846a                pinctrl_configure_pins
 .text.pwr_on_raspberrypi_pico_uart
                0x000000001000852c        0x4 zephyr/drivers/serial/libdrivers__serial.a(uart_pl011.c.obj)
 .text.clk_enable_raspberrypi_pico_uart
                0x0000000010008530        0x4 zephyr/drivers/serial/libdrivers__serial.a(uart_pl011.c.obj)
 .text.pl011_poll_in
                0x0000000010008534       0x2a zephyr/drivers/serial/libdrivers__serial.a(uart_pl011.c.obj)
 .text.pl011_poll_out
                0x000000001000855e        0xe zephyr/drivers/serial/libdrivers__serial.a(uart_pl011.c.obj)
 .text.pl011_err_check
                0x000000001000856c       0x24 zephyr/drivers/serial/libdrivers__serial.a(uart_pl011.c.obj)
 .text.pl011_runtime_config_get
                0x0000000010008590       0x10 zephyr/drivers/serial/libdrivers__serial.a(uart_pl011.c.obj)
 .text.pl011_fifo_fill
                0x00000000100085a0       0x1e zephyr/drivers/serial/libdrivers__serial.a(uart_pl011.c.obj)
 .text.pl011_fifo_read
                0x00000000100085be       0x1e zephyr/drivers/serial/libdrivers__serial.a(uart_pl011.c.obj)
 .text.pl011_irq_tx_enable
                0x00000000100085dc       0x4a zephyr/drivers/serial/libdrivers__serial.a(uart_pl011.c.obj)
 .text.pl011_irq_tx_disable
                0x0000000010008626       0x14 zephyr/drivers/serial/libdrivers__serial.a(uart_pl011.c.obj)
 .text.pl011_irq_tx_complete
                0x000000001000863a       0x10 zephyr/drivers/serial/libdrivers__serial.a(uart_pl011.c.obj)
 .text.pl011_irq_tx_ready
                0x000000001000864a       0x2c zephyr/drivers/serial/libdrivers__serial.a(uart_pl011.c.obj)
 .text.pl011_irq_rx_enable
                0x0000000010008676        0xe zephyr/drivers/serial/libdrivers__serial.a(uart_pl011.c.obj)
 .text.pl011_irq_rx_disable
                0x0000000010008684        0xe zephyr/drivers/serial/libdrivers__serial.a(uart_pl011.c.obj)
 .text.pl011_irq_rx_ready
                0x0000000010008692       0x26 zephyr/drivers/serial/libdrivers__serial.a(uart_pl011.c.obj)
 .text.pl011_irq_err_enable
                0x00000000100086b8        0xe zephyr/drivers/serial/libdrivers__serial.a(uart_pl011.c.obj)
 .text.pl011_irq_err_disable
                0x00000000100086c6        0xe zephyr/drivers/serial/libdrivers__serial.a(uart_pl011.c.obj)
 .text.pl011_irq_is_pending
                0x00000000100086d4       0x1c zephyr/drivers/serial/libdrivers__serial.a(uart_pl011.c.obj)
 .text.pl011_irq_update
                0x00000000100086f0        0x4 zephyr/drivers/serial/libdrivers__serial.a(uart_pl011.c.obj)
 .text.pl011_irq_callback_set
                0x00000000100086f4        0x8 zephyr/drivers/serial/libdrivers__serial.a(uart_pl011.c.obj)
 .text.pl011_isr
                0x00000000100086fc       0x26 zephyr/drivers/serial/libdrivers__serial.a(uart_pl011.c.obj)
                0x00000000100086fc                pl011_isr
 .text.pl011_irq_config_func_0
                0x0000000010008722       0x16 zephyr/drivers/serial/libdrivers__serial.a(uart_pl011.c.obj)
 .text.pl011_runtime_configure
                0x0000000010008738        0x6 zephyr/drivers/serial/libdrivers__serial.a(uart_pl011.c.obj)
 .text.pl011_init
                0x000000001000873e      0x112 zephyr/drivers/serial/libdrivers__serial.a(uart_pl011.c.obj)
 .text.clock_configure
                0x0000000010008850       0x52 modules/hal_rpi_pico/libmodules__hal_rpi_pico.a(clocks.c.obj)
                0x0000000010008850                clock_configure
 .text.tick_start
                0x00000000100088a2       0x14 modules/hal_rpi_pico/libmodules__hal_rpi_pico.a(ticks.c.obj)
                0x00000000100088a2                tick_start
 .text.gpio_set_irqover
                0x00000000100088b6       0x1e modules/hal_rpi_pico/libmodules__hal_rpi_pico.a(gpio.c.obj)
                0x00000000100088b6                gpio_set_irqover
 .text.gpio_set_inover
                0x00000000100088d4       0x1e modules/hal_rpi_pico/libmodules__hal_rpi_pico.a(gpio.c.obj)
                0x00000000100088d4                gpio_set_inover
 .text.gpio_set_outover
                0x00000000100088f2       0x1e modules/hal_rpi_pico/libmodules__hal_rpi_pico.a(gpio.c.obj)
                0x00000000100088f2                gpio_set_outover
 .text.gpio_set_oeover
                0x0000000010008910       0x1e modules/hal_rpi_pico/libmodules__hal_rpi_pico.a(gpio.c.obj)
                0x0000000010008910                gpio_set_oeover
 .text.gpio_init
                0x000000001000892e       0x12 modules/hal_rpi_pico/libmodules__hal_rpi_pico.a(gpio.c.obj)
                0x000000001000892e                gpio_init
 .text.flash_get_unique_id
                0x0000000010008940       0x3c modules/hal_rpi_pico/libmodules__hal_rpi_pico.a(flash.c.obj)
                0x0000000010008940                flash_get_unique_id
 .text.do_device_init
                0x000000001000897c       0x30 zephyr/kernel/libkernel.a(device.c.obj)
                0x000000001000897c                do_device_init
 .text.z_impl_device_is_ready
                0x00000000100089ac       0x16 zephyr/kernel/libkernel.a(device.c.obj)
                0x00000000100089ac                z_impl_device_is_ready
 .text.arch_system_halt
                0x00000000100089c2       0x10 zephyr/kernel/libkernel.a(fatal.c.obj)
                0x00000000100089c2                arch_system_halt
 .text.k_sys_fatal_error_handler
                0x00000000100089d2        0x6 zephyr/kernel/libkernel.a(fatal.c.obj)
                0x00000000100089d2                k_sys_fatal_error_handler
 .text.z_heap_alloc_helper
                0x00000000100089d8       0x84 zephyr/kernel/libkernel.a(kheap.c.obj)
 .text.k_heap_init
                0x0000000010008a5c       0x10 zephyr/kernel/libkernel.a(kheap.c.obj)
                0x0000000010008a5c                k_heap_init
 .text.k_heap_free
                0x0000000010008a6c       0x38 zephyr/kernel/libkernel.a(kheap.c.obj)
                0x0000000010008a6c                k_heap_free
 .text.create_free_list
                0x0000000010008aa4       0x34 zephyr/kernel/libkernel.a(mem_slab.c.obj)
 .text.k_mem_slab_free
                0x0000000010008ad8       0x6e zephyr/kernel/libkernel.a(mem_slab.c.obj)
                0x0000000010008ad8                k_mem_slab_free
 .text.idle     0x0000000010008b46       0x16 zephyr/kernel/libkernel.a(idle.c.obj)
                0x0000000010008b46                idle
 .text.unpend_thread_no_timeout
                0x0000000010008b5c       0x1a zephyr/kernel/libkernel.a(msg_q.c.obj)
 .text.z_impl_k_msgq_put
                0x0000000010008b76        0xe zephyr/kernel/libkernel.a(msg_q.c.obj)
                0x0000000010008b76                z_impl_k_msgq_put
 .text.adjust_owner_prio.isra.0
                0x0000000010008b84       0x10 zephyr/kernel/libkernel.a(mutex.c.obj)
 .text.z_impl_k_mutex_init
                0x0000000010008b94        0xe zephyr/kernel/libkernel.a(mutex.c.obj)
                0x0000000010008b94                z_impl_k_mutex_init
 .text.unpend_thread_no_timeout
                0x0000000010008ba2       0x1a zephyr/kernel/libkernel.a(queue.c.obj)
 .text.queue_insert
                0x0000000010008bbc       0xce zephyr/kernel/libkernel.a(queue.c.obj)
 .text.z_queue_node_peek
                0x0000000010008c8a       0x18 zephyr/kernel/libkernel.a(queue.c.obj)
                0x0000000010008c8a                z_queue_node_peek
 .text.z_impl_k_queue_init
                0x0000000010008ca2       0x10 zephyr/kernel/libkernel.a(queue.c.obj)
                0x0000000010008ca2                z_impl_k_queue_init
 .text.k_queue_append
                0x0000000010008cb2       0x16 zephyr/kernel/libkernel.a(queue.c.obj)
                0x0000000010008cb2                k_queue_append
 .text.k_queue_prepend
                0x0000000010008cc8       0x14 zephyr/kernel/libkernel.a(queue.c.obj)
                0x0000000010008cc8                k_queue_prepend
 .text.z_impl_k_queue_peek_head
                0x0000000010008cdc        0x8 zephyr/kernel/libkernel.a(queue.c.obj)
                0x0000000010008cdc                z_impl_k_queue_peek_head
 .text.flag_test_and_clear
                0x0000000010008ce4       0x16 zephyr/kernel/libkernel.a(work.c.obj)
 .text.unschedule_locked
                0x0000000010008cfa       0x1e zephyr/kernel/libkernel.a(work.c.obj)
 .text.notify_queue_locked.isra.0
                0x0000000010008d18        0xe zephyr/kernel/libkernel.a(work.c.obj)
 .text.work_timeout
                0x0000000010008d26       0x3c zephyr/kernel/libkernel.a(work.c.obj)
 .text.k_work_init
                0x0000000010008d62       0x12 zephyr/kernel/libkernel.a(work.c.obj)
                0x0000000010008d62                k_work_init
 .text.z_work_submit_to_queue
                0x0000000010008d74       0x26 zephyr/kernel/libkernel.a(work.c.obj)
                0x0000000010008d74                z_work_submit_to_queue
 .text.k_work_submit_to_queue
                0x0000000010008d9a       0x20 zephyr/kernel/libkernel.a(work.c.obj)
                0x0000000010008d9a                k_work_submit_to_queue
 .text.k_work_init_delayable
                0x0000000010008dba       0x18 zephyr/kernel/libkernel.a(work.c.obj)
                0x0000000010008dba                k_work_init_delayable
 .text.k_is_in_isr
                0x0000000010008dd2        0xc zephyr/kernel/libkernel.a(thread.c.obj)
                0x0000000010008dd2                k_is_in_isr
 .text.z_impl_k_thread_name_set
                0x0000000010008dde        0x6 zephyr/kernel/libkernel.a(thread.c.obj)
                0x0000000010008dde                z_impl_k_thread_name_set
 .text.sys_dlist_remove
                0x0000000010008de4       0x10 zephyr/kernel/libkernel.a(sched.c.obj)
 .text.unpend_thread_no_timeout
                0x0000000010008df4       0x14 zephyr/kernel/libkernel.a(sched.c.obj)
 .text.add_to_waitq_locked
                0x0000000010008e08       0x50 zephyr/kernel/libkernel.a(sched.c.obj)
 .text.z_ready_thread
                0x0000000010008e58       0x1e zephyr/kernel/libkernel.a(sched.c.obj)
                0x0000000010008e58                z_ready_thread
 .text.z_unpend_thread_no_timeout
                0x0000000010008e76       0x22 zephyr/kernel/libkernel.a(sched.c.obj)
                0x0000000010008e76                z_unpend_thread_no_timeout
 .text.z_sched_wake_thread
                0x0000000010008e98       0x46 zephyr/kernel/libkernel.a(sched.c.obj)
                0x0000000010008e98                z_sched_wake_thread
 .text.z_thread_timeout
                0x0000000010008ede        0x8 zephyr/kernel/libkernel.a(sched.c.obj)
                0x0000000010008ede                z_thread_timeout
 .text.z_unpend_thread
                0x0000000010008ee6       0x10 zephyr/kernel/libkernel.a(sched.c.obj)
                0x0000000010008ee6                z_unpend_thread
 .text.z_unpend_all
                0x0000000010008ef6       0x26 zephyr/kernel/libkernel.a(sched.c.obj)
                0x0000000010008ef6                z_unpend_all
 .text.z_impl_k_sleep
                0x0000000010008f1c       0x3e zephyr/kernel/libkernel.a(sched.c.obj)
                0x0000000010008f1c                z_impl_k_sleep
 .text.z_sched_wake
                0x0000000010008f5a       0x44 zephyr/kernel/libkernel.a(sched.c.obj)
                0x0000000010008f5a                z_sched_wake
 .text.z_sched_waitq_walk
                0x0000000010008f9e       0x44 zephyr/kernel/libkernel.a(sched.c.obj)
                0x0000000010008f9e                z_sched_waitq_walk
 .text.next_timeout
                0x0000000010008fe2       0x2e zephyr/kernel/libkernel.a(timeout.c.obj)
 .text.z_abort_timeout
                0x0000000010009010       0x50 zephyr/kernel/libkernel.a(timeout.c.obj)
                0x0000000010009010                z_abort_timeout
 .text.sys_clock_tick_get_32
                0x0000000010009060        0x8 zephyr/kernel/libkernel.a(timeout.c.obj)
                0x0000000010009060                sys_clock_tick_get_32
 .text.sys_timepoint_calc
                0x0000000010009068       0x4a zephyr/kernel/libkernel.a(timeout.c.obj)
                0x0000000010009068                sys_timepoint_calc
 .text.sys_timepoint_timeout
                0x00000000100090b2       0x42 zephyr/kernel/libkernel.a(timeout.c.obj)
                0x00000000100090b2                sys_timepoint_timeout
 .text.k_event_wait_internal
                0x00000000100090f4       0x86 zephyr/kernel/libkernel.a(events.c.obj)
 .text.event_walk_op
                0x000000001000917a       0x3c zephyr/kernel/libkernel.a(events.c.obj)
 .text.z_impl_k_event_init
                0x00000000100091b6        0xa zephyr/kernel/libkernel.a(events.c.obj)
                0x00000000100091b6                z_impl_k_event_init
 .text.z_impl_k_event_post
                0x00000000100091c0        0x6 zephyr/kernel/libkernel.a(events.c.obj)
                0x00000000100091c0                z_impl_k_event_post
 .text.z_impl_k_event_clear
                0x00000000100091c6        0x8 zephyr/kernel/libkernel.a(events.c.obj)
                0x00000000100091c6                z_impl_k_event_clear
 .text.z_impl_k_event_wait
                0x00000000100091ce        0x6 zephyr/kernel/libkernel.a(events.c.obj)
                0x00000000100091ce                z_impl_k_event_wait
 .text.k_free   0x00000000100091d4        0xe zephyr/kernel/libkernel.a(mempool.c.obj)
                0x00000000100091d4                k_free
 .text.memcpy   0x00000000100091e2       0x1a /home/amine/zephyr-sdk-0.17.4/arm-zephyr-eabi/bin/../lib/gcc/../../picolibc/arm-zephyr-eabi/lib/thumb/v8-m.main/nofp/libc.a(memcpy.c.o)
                0x00000000100091e2                memcpy
                0x00000000100091e2                __aeabi_memcpy
                0x00000000100091e2                __aeabi_memcpy4
                0x00000000100091e2                __aeabi_memcpy8
 .text.memset   0x00000000100091fc       0x10 /home/amine/zephyr-sdk-0.17.4/arm-zephyr-eabi/bin/../lib/gcc/../../picolibc/arm-zephyr-eabi/lib/thumb/v8-m.main/nofp/libc.a(memset.c.o)
                0x00000000100091fc                memset
 .text.strnlen  0x000000001000920c       0x18 /home/amine/zephyr-sdk-0.17.4/arm-zephyr-eabi/bin/../lib/gcc/../../picolibc/arm-zephyr-eabi/lib/thumb/v8-m.main/nofp/libc.a(libc_string_strnlen.c.o)
                0x000000001000920c                strnlen
 .text.__ultoa_invert
                0x0000000010009224       0xac /home/amine/zephyr-sdk-0.17.4/arm-zephyr-eabi/bin/../lib/gcc/../../picolibc/arm-zephyr-eabi/lib/thumb/v8-m.main/nofp/libc.a(libc_tinystdio_vflprintf.c.o)
 .text.__ultoa_invert.__stub
                0x00000000100092d0        0x8 linker stubs
 *(SORT_BY_ALIGNMENT(.gnu.linkonce.t.*))
 *(SORT_BY_ALIGNMENT(.glue_7t))
 .glue_7t       0x00000000100092d8        0x0 linker stubs
 *(SORT_BY_ALIGNMENT(.glue_7))
 .glue_7        0x00000000100092d8        0x0 linker stubs
 *(SORT_BY_ALIGNMENT(.vfp11_veneer))
 .vfp11_veneer  0x00000000100092d8        0x0 linker stubs
 *(SORT_BY_ALIGNMENT(.v4_bx))
 .v4_bx         0x00000000100092d8        0x0 linker stubs
                0x00000000100092d8                . = ALIGN (0x4)
                0x00000000100092d8                __text_region_end = .

.ARM.exidx      0x00000000100092d8        0x8
                0x00000000100092d8                __exidx_start = .
 *(SORT_BY_ALIGNMENT(.ARM.exidx*) SORT_BY_ALIGNMENT(gnu.linkonce.armexidx.*))
 .ARM.exidx     0x00000000100092d8        0x8 /home/amine/zephyr-sdk-0.17.4/arm-zephyr-eabi/bin/../lib/gcc/arm-zephyr-eabi/12.2.0/thumb/v8-m.main/nofp/libgcc.a(_udivmoddi4.o)
                0x00000000100092e0                __exidx_end = .
                0x00000000100092e0                __rodata_region_start = .

initlevel       0x00000000100092e0       0x70
                0x00000000100092e0                __init_start = .
                0x00000000100092e0                __init_EARLY_start = .
 *(SORT_BY_NAME(SORT_BY_ALIGNMENT(.z_init_EARLY_P_?_*)))
 *(SORT_BY_NAME(SORT_BY_ALIGNMENT(.z_init_EARLY_P_??_*)))
 *(SORT_BY_NAME(SORT_BY_ALIGNMENT(.z_init_EARLY_P_???_*)))
                0x00000000100092e0                __init_PRE_KERNEL_1_start = .
 *(SORT_BY_NAME(SORT_BY_ALIGNMENT(.z_init_PRE_KERNEL_1_P_?_*)))
 *(SORT_BY_NAME(SORT_BY_ALIGNMENT(.z_init_PRE_KERNEL_1_P_??_*)))
 .z_init_PRE_KERNEL_1_P_30_SUB_00025_
                0x00000000100092e0        0x8 zephyr/drivers/clock_control/libdrivers__clock_control.a(clock_control_rpi_pico.c.obj)
 .z_init_PRE_KERNEL_1_P_30_SUB_0_
                0x00000000100092e8        0x8 zephyr/kernel/libkernel.a(kheap.c.obj)
 .z_init_PRE_KERNEL_1_P_30_SUB_0_
                0x00000000100092f0        0x8 zephyr/kernel/libkernel.a(mem_slab.c.obj)
 .z_init_PRE_KERNEL_1_P_35_SUB_00027_
                0x00000000100092f8        0x8 zephyr/drivers/reset/libdrivers__reset.a(reset_rpi_pico.c.obj)
 .z_init_PRE_KERNEL_1_P_50_SUB_00069_
                0x0000000010009300        0x8 zephyr/drivers/serial/libdrivers__serial.a(uart_pl011.c.obj)
 .z_init_PRE_KERNEL_1_P_50_SUB_00077_
                0x0000000010009308        0x8 zephyr/subsys/usb/device_next/libsubsys__usb__device_next.a(usbd_cdc_acm.c.obj)
 .z_init_PRE_KERNEL_1_P_60_SUB_0_
                0x0000000010009310        0x8 zephyr/drivers/console/libdrivers__console.a(uart_console.c.obj)
 *(SORT_BY_NAME(SORT_BY_ALIGNMENT(.z_init_PRE_KERNEL_1_P_???_*)))
                0x0000000010009318                __init_PRE_KERNEL_2_start = .
 *(SORT_BY_NAME(SORT_BY_ALIGNMENT(.z_init_PRE_KERNEL_2_P_?_*)))
 .z_init_PRE_KERNEL_2_P_0_SUB_0_
                0x0000000010009318        0x8 zephyr/drivers/timer/libdrivers__timer.a(cortex_m_systick.c.obj)
 *(SORT_BY_NAME(SORT_BY_ALIGNMENT(.z_init_PRE_KERNEL_2_P_??_*)))
 *(SORT_BY_NAME(SORT_BY_ALIGNMENT(.z_init_PRE_KERNEL_2_P_???_*)))
                0x0000000010009320                __init_POST_KERNEL_start = .
 *(SORT_BY_NAME(SORT_BY_ALIGNMENT(.z_init_POST_KERNEL_P_?_*)))
 *(SORT_BY_NAME(SORT_BY_ALIGNMENT(.z_init_POST_KERNEL_P_??_*)))
 .z_init_POST_KERNEL_P_35_SUB_0_
                0x0000000010009320        0x8 zephyr/lib/libc/common/liblib__libc__common.a(malloc.c.obj)
 .z_init_POST_KERNEL_P_40_SUB_00031_
                0x0000000010009328        0x8 zephyr/drivers/gpio/libdrivers__gpio.a(gpio_rpi_pico.c.obj)
 .z_init_POST_KERNEL_P_40_SUB_0_
                0x0000000010009330        0x8 zephyr/kernel/libkernel.a(system_work_q.c.obj)
 .z_init_POST_KERNEL_P_50_SUB_00076_
                0x0000000010009338        0x8 zephyr/drivers/usb/udc/libdrivers__usb__udc.a(udc_rpi_pico.c.obj)
 .z_init_POST_KERNEL_P_90_SUB_0_
                0x0000000010009340        0x8 zephyr/subsys/usb/device_next/libsubsys__usb__device_next.a(usbd_core.c.obj)
 *(SORT_BY_NAME(SORT_BY_ALIGNMENT(.z_init_POST_KERNEL_P_???_*)))
                0x0000000010009348                __init_APPLICATION_start = .
 *(SORT_BY_NAME(SORT_BY_ALIGNMENT(.z_init_APPLICATION_P_?_*)))
 *(SORT_BY_NAME(SORT_BY_ALIGNMENT(.z_init_APPLICATION_P_??_*)))
 .z_init_APPLICATION_P_90_SUB_0_
                0x0000000010009348        0x8 zephyr/libzephyr.a(cdc_acm_serial.c.obj)
 *(SORT_BY_NAME(SORT_BY_ALIGNMENT(.z_init_APPLICATION_P_???_*)))
                0x0000000010009350                __init_SMP_start = .
 *(SORT_BY_NAME(SORT_BY_ALIGNMENT(.z_init_SMP_P_?_*)))
 *(SORT_BY_NAME(SORT_BY_ALIGNMENT(.z_init_SMP_P_??_*)))
 *(SORT_BY_NAME(SORT_BY_ALIGNMENT(.z_init_SMP_P_???_*)))
                0x0000000010009350                __init_end = .

device_area     0x0000000010009350       0xa8
                0x0000000010009350                _device_list_start = .
 *(SORT_BY_NAME(SORT_BY_ALIGNMENT(._device.static.*_?_*)))
 *(SORT_BY_NAME(SORT_BY_ALIGNMENT(._device.static.*_??_*)))
 ._device.static.1_30_
                0x0000000010009350       0x1c zephyr/drivers/clock_control/libdrivers__clock_control.a(clock_control_rpi_pico.c.obj)
                0x0000000010009350                __device_dts_ord_25
 ._device.static.1_35_
                0x000000001000936c       0x1c zephyr/drivers/reset/libdrivers__reset.a(reset_rpi_pico.c.obj)
                0x000000001000936c                __device_dts_ord_27
 ._device.static.1_50_
                0x0000000010009388       0x1c zephyr/subsys/usb/device_next/libsubsys__usb__device_next.a(usbd_cdc_acm.c.obj)
                0x0000000010009388                __device_dts_ord_77
 ._device.static.1_50_