Archive member included to satisfy reference by file (symbol)

app/libapp.a(main.c.obj)      (--whole-archive)
zephyr/libzephyr.a(validate_libc.c.obj)
                              (--whole-archive)
zephyr/libzephyr.a(heap.c.obj)
                              (--whole-archive)
zephyr/libzephyr.a(mem_blocks.c.obj)
                              (--whole-archive)
zephyr/libzephyr.a(cbprintf_packaged.c.obj)
                              (--whole-archive)
zephyr/libzephyr.a(clock.c.obj)
                              (--whole-archive)
zephyr/libzephyr.a(printk.c.obj)
                              (--whole-archive)
zephyr/libzephyr.a(sem.c.obj)
                              (--whole-archive)
zephyr/libzephyr.a(thread_entry.c.obj)
                              (--whole-archive)
zephyr/libzephyr.a(cbprintf_complete.c.obj)
                              (--whole-archive)
zephyr/libzephyr.a(assert.c.obj)
                              (--whole-archive)
zephyr/libzephyr.a(dec.c.obj)
                              (--whole-archive)
zephyr/libzephyr.a(hex.c.obj)
                              (--whole-archive)
zephyr/libzephyr.a(rb.c.obj)  (--whole-archive)
zephyr/libzephyr.a(timeutil.c.obj)
                              (--whole-archive)
zephyr/libzephyr.a(bitarray.c.obj)
                              (--whole-archive)
zephyr/libzephyr.a(bitmask.c.obj)
                              (--whole-archive)
zephyr/libzephyr.a(getopt.c.obj)
                              (--whole-archive)
zephyr/libzephyr.a(getopt_common.c.obj)
                              (--whole-archive)
zephyr/libzephyr.a(ring_buffer.c.obj)
                              (--whole-archive)
zephyr/libzephyr.a(last_section_id.c.obj)
                              (--whole-archive)
zephyr/libzephyr.a(configs.c.obj)
                              (--whole-archive)
zephyr/libzephyr.a(soc.c.obj)
                              (--whole-archive)
zephyr/libzephyr.a(tracing_none.c.obj)
                              (--whole-archive)
zephyr/libzephyr.a(cdc_acm_serial.c.obj)
                              (--whole-archive)
zephyr/arch/common/libarch__common.a(sw_isr_common.c.obj)
                              (--whole-archive)
zephyr/arch/common/libarch__common.a(init.c.obj)
                              (--whole-archive)
zephyr/arch/common/libarch__common.a(xip.c.obj)
                              (--whole-archive)
zephyr/arch/arch/arm/core/libarch__arm__core.a(fatal.c.obj)
                              (--whole-archive)
zephyr/arch/arch/arm/core/libarch__arm__core.a(nmi.c.obj)
                              (--whole-archive)
zephyr/arch/arch/arm/core/libarch__arm__core.a(nmi_on_reset.S.obj)
                              (--whole-archive)
zephyr/arch/arch/arm/core/libarch__arm__core.a(tls.c.obj)
                              (--whole-archive)
zephyr/arch/arch/arm/core/cortex_m/libarch__arm__core__cortex_m.a(exc_exit.c.obj)
                              (--whole-archive)
zephyr/arch/arch/arm/core/cortex_m/libarch__arm__core__cortex_m.a(fault.c.obj)
                              (--whole-archive)
zephyr/arch/arch/arm/core/cortex_m/libarch__arm__core__cortex_m.a(fault_s.S.obj)
                              (--whole-archive)
zephyr/arch/arch/arm/core/cortex_m/libarch__arm__core__cortex_m.a(fpu.c.obj)
                              (--whole-archive)
zephyr/arch/arch/arm/core/cortex_m/libarch__arm__core__cortex_m.a(reset.S.obj)
                              (--whole-archive)
zephyr/arch/arch/arm/core/cortex_m/libarch__arm__core__cortex_m.a(scb.c.obj)
                              (--whole-archive)
zephyr/arch/arch/arm/core/cortex_m/libarch__arm__core__cortex_m.a(thread_abort.c.obj)
                              (--whole-archive)
zephyr/arch/arch/arm/core/cortex_m/libarch__arm__core__cortex_m.a(vector_table.S.obj)
                              (--whole-archive)
zephyr/arch/arch/arm/core/cortex_m/libarch__arm__core__cortex_m.a(swap_helper.S.obj)
                              (--whole-archive)
zephyr/arch/arch/arm/core/cortex_m/libarch__arm__core__cortex_m.a(irq_manage.c.obj)
                              (--whole-archive)
zephyr/arch/arch/arm/core/cortex_m/libarch__arm__core__cortex_m.a(prep_c.c.obj)
                              (--whole-archive)
zephyr/arch/arch/arm/core/cortex_m/libarch__arm__core__cortex_m.a(thread.c.obj)
                              (--whole-archive)
zephyr/arch/arch/arm/core/cortex_m/libarch__arm__core__cortex_m.a(cpu_idle.c.obj)
                              (--whole-archive)
zephyr/arch/arch/arm/core/cortex_m/libarch__arm__core__cortex_m.a(irq_init.c.obj)
                              (--whole-archive)
zephyr/arch/arch/arm/core/cortex_m/libarch__arm__core__cortex_m.a(isr_wrapper.c.obj)
                              (--whole-archive)
zephyr/arch/arch/arm/core/cortex_m/libarch__arm__core__cortex_m.a(__aeabi_read_tp.S.obj)
                              (--whole-archive)
[...]
Memory Configuration

Name             Origin             Length             Attributes
FLASH            0x0000000010000000 0x0000000000400000 xr
RAM              0x0000000020000000 0x0000000000082000 xw
IDT_LIST         0x00000000ffff7fff 0x0000000000008000 xw
*default*        0x0000000000000000 0xffffffffffffffff

Linker script and memory map

                0x0000000010004a30                vfprintf = __l_vfprintf
                0x0000000000000000                vfscanf = __l_vfscanf
LOAD zephyr/CMakeFiles/zephyr_pre0.dir/misc/empty_file.c.obj
LOAD zephyr/CMakeFiles/offsets.dir/./arch/arm/core/offsets/offsets.c.obj
LOAD app/libapp.a
LOAD zephyr/libzephyr.a
LOAD zephyr/arch/common/libarch__common.a
LOAD zephyr/arch/arch/arm/core/libarch__arm__core.a
LOAD zephyr/arch/arch/arm/core/cortex_m/libarch__arm__core__cortex_m.a
LOAD zephyr/arch/arch/arm/core/cortex_m/cmse/libarch__arm__core__cortex_m__cmse.a
LOAD zephyr/lib/libc/picolibc/liblib__libc__picolibc.a
LOAD zephyr/lib/libc/common/liblib__libc__common.a
LOAD zephyr/lib/posix/c_lib_ext/liblib__posix__c_lib_ext.a
LOAD zephyr/lib/net_buf/liblib__net_buf.a
LOAD zephyr/soc/soc/rp2350a/rp2350/libsoc__raspberrypi__rpi_pico__rp2350.a
LOAD zephyr/subsys/usb/device_next/libsubsys__usb__device_next.a
LOAD zephyr/drivers/usb/udc/libdrivers__usb__udc.a
LOAD zephyr/drivers/clock_control/libdrivers__clock_control.a
LOAD zephyr/drivers/console/libdrivers__console.a
LOAD zephyr/drivers/gpio/libdrivers__gpio.a
LOAD zephyr/drivers/hwinfo/libdrivers__hwinfo.a
LOAD zephyr/drivers/pinctrl/libdrivers__pinctrl.a
LOAD zephyr/drivers/reset/libdrivers__reset.a
LOAD zephyr/drivers/serial/libdrivers__serial.a
LOAD zephyr/drivers/timer/libdrivers__timer.a
LOAD modules/hal_rpi_pico/libmodules__hal_rpi_pico.a
LOAD zephyr/kernel/libkernel.a
LOAD zephyr/arch/common/libisr_tables.a
LOAD /home/amine/zephyr-sdk-0.17.4/arm-zephyr-eabi/bin/../lib/gcc/../../picolibc/arm-zephyr-eabi/lib/thumb/v8-m.main/nofp/libc.a
LOAD /home/amine/zephyr-sdk-0.17.4/arm-zephyr-eabi/bin/../lib/gcc/arm-zephyr-eabi/12.2.0/thumb/v8-m.main/nofp/libgcc.a
                0x0000000000000004                _region_min_align = 0x4

.rel.plt        0x0000000010000000        0x0
 *(SORT_BY_ALIGNMENT(.rel.plt))
                [!provide]                        PROVIDE (__rel_iplt_start = .)
 *(SORT_BY_ALIGNMENT(.rel.iplt))
 .rel.iplt      0x0000000010000000        0x0 app/libapp.a(main.c.obj)
                [!provide]                        PROVIDE (__rel_iplt_end = .)

.rela.plt       0x0000000000000000        0x0
 *(SORT_BY_ALIGNMENT(.rela.plt))
                [!provide]                        PROVIDE (__rela_iplt_start = .)
 *(SORT_BY_ALIGNMENT(.rela.iplt))
                [!provide]                        PROVIDE (__rela_iplt_end = .)

.rel.dyn
 *(SORT_BY_ALIGNMENT(.rel.*))

.rela.dyn
 *(SORT_BY_ALIGNMENT(.rela.*))

/DISCARD/
 *(SORT_BY_ALIGNMENT(.plt))

/DISCARD/
 *(SORT_BY_ALIGNMENT(.iplt))
                0x0000000010000000                __rom_region_start = 0x10000000

rom_start       0x0000000010000000      0x12c
                0x0000000010000000                __rom_start_address = .
 FILL mask 0x00
                0x0000000010000000                . = (. + (0x0 - (. - __rom_start_address)))
                0x0000000010000000                . = ALIGN (0x4)
                0x0000000010000000                . = ALIGN (0x80)
                0x0000000010000000                . = ALIGN (0x200)
                0x0000000010000000                _vector_start = .
 *(SORT_BY_ALIGNMENT(.exc_vector_table))
 *(SORT_BY_ALIGNMENT(.exc_vector_table.*))
 .exc_vector_table._vector_table_section
                0x0000000010000000       0x40 zephyr/arch/arch/arm/core/cortex_m/libarch__arm__core__cortex_m.a(vector_table.S.obj)
                0x0000000010000000                _vector_table
 *(SORT_BY_ALIGNMENT(.vectors))
                0x0000000010000110                _vector_end = .
                0x0000000010000040                . = ALIGN (0x4)
 *(SORT_BY_ALIGNMENT(.gnu.linkonce.irq_vector_table*))
 .gnu.linkonce.irq_vector_table
                0x0000000010000040       0xd0 zephyr/arch/common/libisr_tables.a(isr_tables.c.obj)
                0x0000000010000040                _irq_vector_table
                0x0000000010000110                _vector_end = .
                0x0000000010000110        0x4 LONG 0xffffded3
                0x0000000010000114        0x2 SHORT 0x142
                0x0000000010000116        0x2 SHORT 0x1021
                0x0000000010000118        0x4 LONG 0x203
                0x000000001000011c        0x4 LONG 0x10000000 ABSOLUTE (_vector_start)
                0x0000000010000120        0x2 SHORT 0x3ff
                0x0000000010000122        0x2 SHORT 0x0
                0x0000000010000124        0x4 LONG 0x0
                0x0000000010000128        0x4 LONG 0xab123579

text            0x0000000010000130     0x90f0
                0x0000000010000130                __text_region_start = .
 *(SORT_BY_ALIGNMENT(.text))
 .text          0x0000000010000130      0x21c /home/amine/zephyr-sdk-0.17.4/arm-zephyr-eabi/bin/../lib/gcc/arm-zephyr-eabi/12.2.0/thumb/v8-m.main/nofp/libgcc.a(_arm_addsubsf3.o)
                0x0000000010000130                __aeabi_frsub
                0x0000000010000138                __subsf3
                0x0000000010000138                __aeabi_fsub
                0x000000001000013c                __aeabi_fadd
                0x000000001000013c                __addsf3
                0x000000001000029c                __aeabi_ui2f
                0x000000001000029c                __floatunsisf
                0x00000000100002a4                __aeabi_i2f
                0x00000000100002a4                __floatsisf
                0x00000000100002c0                __floatundisf
                0x00000000100002c0                __aeabi_ul2f
                0x00000000100002d0                __floatdisf
                0x00000000100002d0                __aeabi_l2f
 .text          0x000000001000034c      0x2a0 /home/amine/zephyr-sdk-0.17.4/arm-zephyr-eabi/bin/../lib/gcc/arm-zephyr-eabi/12.2.0/thumb/v8-m.main/nofp/libgcc.a(_arm_muldivsf3.o)
                0x000000001000034c                __mulsf3
                0x000000001000034c                __aeabi_fmul
                0x00000000100004b4                __divsf3
                0x00000000100004b4                __aeabi_fdiv
 .text          0x00000000100005ec       0x4c /home/amine/zephyr-sdk-0.17.4/arm-zephyr-eabi/bin/../lib/gcc/arm-zephyr-eabi/12.2.0/thumb/v8-m.main/nofp/libgcc.a(_arm_fixsfsi.o)
                0x00000000100005ec                __fixsfsi
                0x00000000100005ec                __aeabi_f2iz
 .text          0x0000000010000638       0x30 /home/amine/zephyr-sdk-0.17.4/arm-zephyr-eabi/bin/../lib/gcc/arm-zephyr-eabi/12.2.0/thumb/v8-m.main/nofp/libgcc.a(_aeabi_uldivmod.o)
                0x0000000010000638                __aeabi_uldivmod
 .text          0x0000000010000668        0x4 /home/amine/zephyr-sdk-0.17.4/arm-zephyr-eabi/bin/../lib/gcc/arm-zephyr-eabi/12.2.0/thumb/v8-m.main/nofp/libgcc.a(_dvmd_tls.o)
                0x0000000010000668                __aeabi_ldiv0
                0x0000000010000668                __aeabi_idiv0
 .text          0x000000001000066c       0x14 /home/amine/zephyr-sdk-0.17.4/arm-zephyr-eabi/bin/../lib/gcc/../../picolibc/arm-zephyr-eabi/lib/thumb/v8-m.main/nofp/libc.a(strcmp.S.o)
                0x000000001000066c                strcmp
 .text          0x0000000010000680      0x29c /home/amine/zephyr-sdk-0.17.4/arm-zephyr-eabi/bin/../lib/gcc/arm-zephyr-eabi/12.2.0/thumb/v8-m.main/nofp/libgcc.a(_udivmoddi4.o)
                0x0000000010000680                __udivmoddi4
 *(SORT_BY_ALIGNMENT(.text.*))
 .text.main     0x000000001000091c       0x58 app/libapp.a(main.c.obj)
                0x000000001000091c                main
 .text.char_out
                0x0000000010000974        0xc zephyr/libzephyr.a(printk.c.obj)
 .text.__printk_hook_install
                0x0000000010000980        0xc zephyr/libzephyr.a(printk.c.obj)
                0x0000000010000980                __printk_hook_install
 .text.vprintk  0x000000001000098c       0x30 zephyr/libzephyr.a(printk.c.obj)
                0x000000001000098c                vprintk
 .text.z_thread_entry
                0x00000000100009bc       0x34 zephyr/libzephyr.a(thread_entry.c.obj)
                0x00000000100009bc                z_thread_entry
 .text.cdc_acm_serial_init_device
                0x00000000100009f0       0x8c zephyr/libzephyr.a(cdc_acm_serial.c.obj)
 .text.arch_bss_zero
                0x0000000010000a7c       0x18 zephyr/arch/common/libarch__common.a(init.c.obj)
                0x0000000010000a7c                arch_bss_zero
 .text.arch_data_copy
                0x0000000010000a94       0x38 zephyr/arch/common/libarch__common.a(xip.c.obj)
                0x0000000010000a94                arch_data_copy
 .text.z_arm_fatal_error
                0x0000000010000acc       0x60 zephyr/arch/arch/arm/core/libarch__arm__core.a(fatal.c.obj)
                0x0000000010000acc                z_arm_fatal_error
 .text.z_SysNmiOnReset
                0x0000000010000b2c        0x8 zephyr/arch/arch/arm/core/libarch__arm__core.a(nmi_on_reset.S.obj)
                0x0000000010000b2c                z_SysNmiOnReset
 .text.arch_tls_stack_setup
                0x0000000010000b34       0x40 zephyr/arch/arch/arm/core/libarch__arm__core.a(tls.c.obj)
                0x0000000010000b34                arch_tls_stack_setup
 .text._HandlerModeExit
                0x0000000010000b74       0x20 zephyr/arch/arch/arm/core/cortex_m/libarch__arm__core__cortex_m.a(exc_exit.c.obj)
                0x0000000010000b74                z_arm_exc_exit
                0x0000000010000b74                z_arm_int_exit
 .text.usage_fault.constprop.0
                0x0000000010000b94       0xa8 zephyr/arch/arch/arm/core/cortex_m/libarch__arm__core__cortex_m.a(fault.c.obj)
 .text.bus_fault.constprop.0
                0x0000000010000c3c       0xb8 zephyr/arch/arch/arm/core/cortex_m/libarch__arm__core__cortex_m.a(fault.c.obj)
 .text.mem_manage_fault.constprop.0
                0x0000000010000cf4       0xbc zephyr/arch/arch/arm/core/cortex_m/libarch__arm__core__cortex_m.a(fault.c.obj)
 .text.z_arm_fault
                0x0000000010000db0      0x1a0 zephyr/arch/arch/arm/core/cortex_m/libarch__arm__core__cortex_m.a(fault.c.obj)
                0x0000000010000db0                z_arm_fault
 .text.z_arm_fault_init
                0x0000000010000f50       0x18 zephyr/arch/arch/arm/core/cortex_m/libarch__arm__core__cortex_m.a(fault.c.obj)
                0x0000000010000f50                z_arm_fault_init
 .text.__fault  0x0000000010000f68       0x14 zephyr/arch/arch/arm/core/cortex_m/libarch__arm__core__cortex_m.a(fault_s.S.obj)
                0x0000000010000f68                z_arm_bus_fault
                0x0000000010000f68                z_arm_usage_fault
                0x0000000010000f68                z_arm_mpu_fault
                0x0000000010000f68                z_arm_exc_spurious
                0x0000000010000f68                z_arm_debug_monitor
                0x0000000010000f68                z_arm_hard_fault
 .text._reset_section
                0x0000000010000f7c       0x38 zephyr/arch/arch/arm/core/cortex_m/libarch__arm__core__cortex_m.a(reset.S.obj)
                0x0000000010000f7c                z_arm_reset
                0x0000000010000f7c                __start
 .text.z_impl_k_thread_abort
                0x0000000010000fb4       0x2c zephyr/arch/arch/arm/core/cortex_m/libarch__arm__core__cortex_m.a(thread_abort.c.obj)
                0x0000000010000fb4                z_impl_k_thread_abort
 .text.z_arm_pendsv
                0x0000000010000fe0       0x54 zephyr/arch/arch/arm/core/cortex_m/libarch__arm__core__cortex_m.a(swap_helper.S.obj)
                0x0000000010000fe0                z_arm_pendsv
 .text.z_arm_svc
                0x0000000010001034       0x24 zephyr/arch/arch/arm/core/cortex_m/libarch__arm__core__cortex_m.a(swap_helper.S.obj)
                0x0000000010001034                z_arm_svc
 .text.arm_irq_enable
                0x0000000010001058       0x1c zephyr/arch/arch/arm/core/cortex_m/libarch__arm__core__cortex_m.a(irq_manage.c.obj)
                0x0000000010001058                arm_irq_enable
 .text.arm_irq_disable
                0x0000000010001074       0x28 zephyr/arch/arch/arm/core/cortex_m/libarch__arm__core__cortex_m.a(irq_manage.c.obj)
                0x0000000010001074                arm_irq_disable
 .text.arm_irq_priority_set
                0x000000001000109c       0x2c zephyr/arch/arch/arm/core/cortex_m/libarch__arm__core__cortex_m.a(irq_manage.c.obj)
                0x000000001000109c                arm_irq_priority_set
 .text.relocate_vector_table
                0x00000000100010c8       0x1c zephyr/arch/arch/arm/core/cortex_m/libarch__arm__core__cortex_m.a(prep_c.c.obj)
                0x00000000100010c8                relocate_vector_table
 .text.z_prep_c
                0x00000000100010e4       0x38 zephyr/arch/arch/arm/core/cortex_m/libarch__arm__core__cortex_m.a(prep_c.c.obj)
                0x00000000100010e4                z_prep_c
 .text.arch_new_thread
                0x000000001000111c       0x38 zephyr/arch/arch/arm/core/cortex_m/libarch__arm__core__cortex_m.a(thread.c.obj)
                0x000000001000111c                arch_new_thread
 .text.arch_switch_to_main_thread
                0x0000000010001154       0x38 zephyr/arch/arch/arm/core/cortex_m/libarch__arm__core__cortex_m.a(thread.c.obj)
                0x0000000010001154                arch_switch_to_main_thread
 .text.z_arm_cpu_idle_init
                0x000000001000118c        0xc zephyr/arch/arch/arm/core/cortex_m/libarch__arm__core__cortex_m.a(cpu_idle.c.obj)
                0x000000001000118c                z_arm_cpu_idle_init
 .text.z_arm_interrupt_init
                0x0000000010001198       0x18 zephyr/arch/arch/arm/core/cortex_m/libarch__arm__core__cortex_m.a(irq_init.c.obj)
                0x0000000010001198                z_arm_interrupt_init
 .text._isr_wrapper
                0x00000000100011b0       0x24 zephyr/arch/arch/arm/core/cortex_m/libarch__arm__core__cortex_m.a(isr_wrapper.c.obj)
                0x00000000100011b0                _isr_wrapper
 .text.__aeabi_read_tp
                0x00000000100011d4        0xc zephyr/arch/arch/arm/core/cortex_m/libarch__arm__core__cortex_m.a(__aeabi_read_tp.S.obj)
                0x00000000100011d4                __aeabi_read_tp
 .text.z_impl_zephyr_fputc
                0x00000000100011e0       0x10 zephyr/lib/libc/picolibc/liblib__libc__picolibc.a(stdio.c.obj)
                0x00000000100011e0                z_impl_zephyr_fputc
 .text.__stdout_hook_install
                0x00000000100011f0       0x18 zephyr/lib/libc/picolibc/liblib__libc__picolibc.a(stdio.c.obj)
                0x00000000100011f0                __stdout_hook_install
 .text.abort    0x0000000010001208       0x1c zephyr/lib/libc/common/liblib__libc__common.a(abort.c.obj)
                0x0000000010001208                abort
 .text.malloc_prepare
                0x0000000010001224       0x24 zephyr/lib/libc/common/liblib__libc__common.a(malloc.c.obj)
 .text.net_buf_destroy
                0x0000000010001248       0x3c zephyr/lib/net_buf/liblib__net_buf.a(buf.c.obj)
 .text.net_buf_pool_get
                0x0000000010001284       0x10 zephyr/lib/net_buf/liblib__net_buf.a(buf.c.obj)
                0x0000000010001284                net_buf_pool_get
 .text.net_buf_alloc_len
                0x0000000010001294       0xfc zephyr/lib/net_buf/liblib__net_buf.a(buf.c.obj)
                0x0000000010001294                net_buf_alloc_len
 .text.net_buf_unref
                0x0000000010001390       0x3c zephyr/lib/net_buf/liblib__net_buf.a(buf.c.obj)
                0x0000000010001390                net_buf_unref
 .text.nonstd_request
                0x00000000100013cc       0xa4 zephyr/subsys/usb/device_next/libsubsys__usb__device_next.a(usbd_ch9.c.obj)
 .text.usbd_handle_ctrl_xfer
                0x0000000010001470      0x914 zephyr/subsys/usb/device_next/libsubsys__usb__device_next.a(usbd_ch9.c.obj)
                0x0000000010001470                usbd_handle_ctrl_xfer
 .text.usbd_event_carrier
                0x0000000010001d84       0x48 zephyr/subsys/usb/device_next/libsubsys__usb__device_next.a(usbd_core.c.obj)
 .text.usbd_thread
                0x0000000010001dcc      0x194 zephyr/subsys/usb/device_next/libsubsys__usb__device_next.a(usbd_core.c.obj)
 .text.usbd_pre_init
                0x0000000010001f60       0x94 zephyr/subsys/usb/device_next/libsubsys__usb__device_next.a(usbd_core.c.obj)
 .text.usbd_device_init_core
                0x0000000010001ff4       0x30 zephyr/subsys/usb/device_next/libsubsys__usb__device_next.a(usbd_core.c.obj)
                0x0000000010001ff4                usbd_device_init_core
 .text.usbd_class_node_get.part.0
                0x0000000010002024       0x2c zephyr/subsys/usb/device_next/libsubsys__usb__device_next.a(usbd_class.c.obj)
 .text.msg_work_handler
                0x0000000010002050       0x90 zephyr/subsys/usb/device_next/libsubsys__usb__device_next.a(usbd_msg.c.obj)
 .text.usbd_msg_pub
                0x00000000100020e0       0x70 zephyr/subsys/usb/device_next/libsubsys__usb__device_next.a(usbd_msg.c.obj)
 .text.usbd_cdc_acm_ctd
                0x0000000010002150       0x60 zephyr/subsys/usb/device_next/libsubsys__usb__device_next.a(usbd_cdc_acm.c.obj)
 .text.usbd_cdc_acm_cth
                0x00000000100021b0       0x44 zephyr/subsys/usb/device_next/libsubsys__usb__device_next.a(usbd_cdc_acm.c.obj)
 .text.cdc_acm_poll_out
                0x00000000100021f4       0x6c zephyr/subsys/usb/device_next/libsubsys__usb__device_next.a(usbd_cdc_acm.c.obj)
 .text.usbd_cdc_acm_preinit
                0x0000000010002260       0x4c zephyr/subsys/usb/device_next/libsubsys__usb__device_next.a(usbd_cdc_acm.c.obj)
 .text.udc_ep_buf_alloc
                0x00000000100022ac       0x30 zephyr/drivers/usb/udc/libdrivers__usb__udc.a(udc_common.c.obj)
                0x00000000100022ac                udc_ep_buf_alloc
 .text.udc_rpi_pico_make_thread_0
                0x00000000100022dc       0x4c zephyr/drivers/usb/udc/libdrivers__usb__udc.a(udc_rpi_pico.c.obj)
 .text.udc_rpi_pico_enable
                0x0000000010002328       0xb0 zephyr/drivers/usb/udc/libdrivers__usb__udc.a(udc_rpi_pico.c.obj)
 .text.rpi_pico_isr_handler
                0x00000000100023d8      0x3b8 zephyr/drivers/usb/udc/libdrivers__usb__udc.a(udc_rpi_pico.c.obj)
 .text.rpi_pico_rosc_write.constprop.0
                0x0000000010002790       0x28 zephyr/drivers/clock_control/libdrivers__clock_control.a(clock_control_rpi_pico.c.obj)
 .text.rpi_pico_get_clock_src.isra.0
                0x00000000100027b8       0x9c zephyr/drivers/clock_control/libdrivers__clock_control.a(clock_control_rpi_pico.c.obj)
 .text.rpi_pico_calc_clock_freq
                0x0000000010002854      0x104 zephyr/drivers/clock_control/libdrivers__clock_control.a(clock_control_rpi_pico.c.obj)
 .text.clock_control_rpi_pico_init
                0x0000000010002958      0x1d8 zephyr/drivers/clock_control/libdrivers__clock_control.a(clock_control_rpi_pico.c.obj)
 .text.uart_console_init
                0x0000000010002b30       0x28 zephyr/drivers/console/libdrivers__console.a(uart_console.c.obj)
 .text.console_out
                0x0000000010002b58       0x28 zephyr/drivers/console/libdrivers__console.a(uart_console.c.obj)
 .text.gpio_rpi_get_pending_int
                0x0000000010002b80       0x30 zephyr/drivers/gpio/libdrivers__gpio.a(gpio_rpi_pico.c.obj)
 .text.gpio_rpi_configure
                0x0000000010002bb0       0xcc zephyr/drivers/gpio/libdrivers__gpio.a(gpio_rpi_pico.c.obj)
 .text.gpio_rpi_isr
                0x0000000010002c7c       0x88 zephyr/drivers/gpio/libdrivers__gpio.a(gpio_rpi_pico.c.obj)
 .text.reset_rpi_status
                0x0000000010002d04       0x1c zephyr/drivers/reset/libdrivers__reset.a(reset_rpi_pico.c.obj)
 .text.reset_rpi_line_assert
                0x0000000010002d20       0x10 zephyr/drivers/reset/libdrivers__reset.a(reset_rpi_pico.c.obj)
 .text.reset_rpi_line_deassert
                0x0000000010002d30       0x1c zephyr/drivers/reset/libdrivers__reset.a(reset_rpi_pico.c.obj)
 .text.reset_rpi_line_toggle
                0x0000000010002d4c       0x24 zephyr/drivers/reset/libdrivers__reset.a(reset_rpi_pico.c.obj)
 .text.pl011_runtime_configure_internal
                0x0000000010002d70      0x138 zephyr/drivers/serial/libdrivers__serial.a(uart_pl011.c.obj)
 .text.elapsed  0x0000000010002ea8       0x4c zephyr/drivers/timer/libdrivers__timer.a(cortex_m_systick.c.obj)
 .text.sys_clock_driver_init
                0x0000000010002ef4       0x34 zephyr/drivers/timer/libdrivers__timer.a(cortex_m_systick.c.obj)
 .text.sys_clock_isr
                0x0000000010002f28       0x60 zephyr/drivers/timer/libdrivers__timer.a(cortex_m_systick.c.obj)
                0x0000000010002f28                sys_clock_isr
 .text.sys_clock_set_timeout
                0x0000000010002f88       0xfc zephyr/drivers/timer/libdrivers__timer.a(cortex_m_systick.c.obj)
                0x0000000010002f88                sys_clock_set_timeout
 .text.sys_clock_elapsed
                0x0000000010003084       0x3c zephyr/drivers/timer/libdrivers__timer.a(cortex_m_systick.c.obj)
                0x0000000010003084                sys_clock_elapsed
 .text.clock_configure_internal
                0x00000000100030c0       0xa4 modules/hal_rpi_pico/libmodules__hal_rpi_pico.a(clocks.c.obj)
 .text.pll_init
                0x0000000010003164       0xb4 modules/hal_rpi_pico/libmodules__hal_rpi_pico.a(pll.c.obj)
                0x0000000010003164                pll_init
 .text.xosc_init
                0x0000000010003218       0x28 modules/hal_rpi_pico/libmodules__hal_rpi_pico.a(xosc.c.obj)
                0x0000000010003218                xosc_init
 .text._gpio_set_irq_enabled
                0x0000000010003240       0x30 modules/hal_rpi_pico/libmodules__hal_rpi_pico.a(gpio.c.obj)
 .text.gpio_set_function
                0x0000000010003270       0x38 modules/hal_rpi_pico/libmodules__hal_rpi_pico.a(gpio.c.obj)
                0x0000000010003270                gpio_set_function
 .text.gpio_set_pulls
                0x00000000100032a8       0x24 modules/hal_rpi_pico/libmodules__hal_rpi_pico.a(gpio.c.obj)
                0x00000000100032a8                gpio_set_pulls
 .text.gpio_set_input_hysteresis_enabled
                0x00000000100032cc       0x1c modules/hal_rpi_pico/libmodules__hal_rpi_pico.a(gpio.c.obj)
                0x00000000100032cc                gpio_set_input_hysteresis_enabled
 .text.gpio_set_slew_rate
                0x00000000100032e8       0x1c modules/hal_rpi_pico/libmodules__hal_rpi_pico.a(gpio.c.obj)
                0x00000000100032e8                gpio_set_slew_rate
 .text.gpio_set_drive_strength
                0x0000000010003304       0x20 modules/hal_rpi_pico/libmodules__hal_rpi_pico.a(gpio.c.obj)
                0x0000000010003304                gpio_set_drive_strength
 .text.gpio_set_irq_enabled
                0x0000000010003324       0x20 modules/hal_rpi_pico/libmodules__hal_rpi_pico.a(gpio.c.obj)
                0x0000000010003324                gpio_set_irq_enabled
 .text.gpio_set_input_enabled
                0x0000000010003344       0x1c modules/hal_rpi_pico/libmodules__hal_rpi_pico.a(gpio.c.obj)
                0x0000000010003344                gpio_set_input_enabled
 .text.runtime_init_per_core_enable_coprocessors
                0x0000000010003360       0x1c modules/hal_rpi_pico/libmodules__hal_rpi_pico.a(runtime_init.c.obj)
                0x0000000010003360                runtime_init_per_core_enable_coprocessors
 .text.z_fatal_error
                0x000000001000337c       0x30 zephyr/kernel/libkernel.a(fatal.c.obj)
                0x000000001000337c                z_fatal_error
 .text.z_sys_init_run_level
                0x00000000100033ac       0x30 zephyr/kernel/libkernel.a(init.c.obj)
 .text.bg_thread_main
                0x00000000100033dc       0xc0 zephyr/kernel/libkernel.a(init.c.obj)
 .text.z_init_cpu
                0x000000001000349c       0x68 zephyr/kernel/libkernel.a(init.c.obj)
                0x000000001000349c                z_init_cpu
 .text.z_cstart
                0x0000000010003504       0xb4 zephyr/kernel/libkernel.a(init.c.obj)
                0x0000000010003504                z_cstart
 .text.statics_init
                0x00000000100035b8       0x24 zephyr/kernel/libkernel.a(kheap.c.obj)
 .text.k_heap_aligned_alloc
                0x00000000100035dc       0x1c zephyr/kernel/libkernel.a(kheap.c.obj)
                0x00000000100035dc                k_heap_aligned_alloc
 .text.init_mem_slab_obj_core_list
                0x00000000100035f8       0x24 zephyr/kernel/libkernel.a(mem_slab.c.obj)
 .text.k_mem_slab_alloc
                0x000000001000361c       0x5c zephyr/kernel/libkernel.a(mem_slab.c.obj)
                0x000000001000361c                k_mem_slab_alloc
 .text.put_msg_in_queue
                0x0000000010003678       0xd4 zephyr/kernel/libkernel.a(msg_q.c.obj)
 .text.z_impl_k_msgq_get
                0x000000001000374c       0xc4 zephyr/kernel/libkernel.a(msg_q.c.obj)
                0x000000001000374c                z_impl_k_msgq_get
 .text.z_impl_k_mutex_lock
                0x0000000010003810       0xf0 zephyr/kernel/libkernel.a(mutex.c.obj)
                0x0000000010003810                z_impl_k_mutex_lock
 .text.z_impl_k_mutex_unlock
                0x0000000010003900       0xa0 zephyr/kernel/libkernel.a(mutex.c.obj)
                0x0000000010003900                z_impl_k_mutex_unlock
 .text.z_impl_k_queue_get
                0x00000000100039a0       0x64 zephyr/kernel/libkernel.a(queue.c.obj)
                0x00000000100039a0                z_impl_k_queue_get
 .text.z_impl_k_sem_give
                0x0000000010003a04       0x68 zephyr/kernel/libkernel.a(sem.c.obj)
                0x0000000010003a04                z_impl_k_sem_give
 .text.z_impl_k_sem_take
                0x0000000010003a6c       0x4c zephyr/kernel/libkernel.a(sem.c.obj)
                0x0000000010003a6c                z_impl_k_sem_take
 .text.z_impl_k_sem_reset
                0x0000000010003ab8       0x74 zephyr/kernel/libkernel.a(sem.c.obj)
                0x0000000010003ab8                z_impl_k_sem_reset
 .text.work_queue_main
                0x0000000010003b2c      0x14c zephyr/kernel/libkernel.a(work.c.obj)
 .text.submit_to_queue_locked
                0x0000000010003c78       0xb8 zephyr/kernel/libkernel.a(work.c.obj)
 .text.k_work_submit
                0x0000000010003d30        0xc zephyr/kernel/libkernel.a(work.c.obj)
                0x0000000010003d30                k_work_submit
 .text.k_work_queue_start
                0x0000000010003d3c       0x80 zephyr/kernel/libkernel.a(work.c.obj)
                0x0000000010003d3c                k_work_queue_start
 .text.k_work_schedule_for_queue
                0x0000000010003dbc       0x54 zephyr/kernel/libkernel.a(work.c.obj)
                0x0000000010003dbc                k_work_schedule_for_queue
 .text.k_work_schedule
                0x0000000010003e10        0xc zephyr/kernel/libkernel.a(work.c.obj)
                0x0000000010003e10                k_work_schedule
 .text.k_work_reschedule_for_queue
                0x0000000010003e1c       0x5c zephyr/kernel/libkernel.a(work.c.obj)
                0x0000000010003e1c                k_work_reschedule_for_queue
 .text.k_work_reschedule
                0x0000000010003e78        0xc zephyr/kernel/libkernel.a(work.c.obj)
                0x0000000010003e78                k_work_reschedule
 .text.z_setup_new_thread
                0x0000000010003e84       0x74 zephyr/kernel/libkernel.a(thread.c.obj)
                0x0000000010003e84                z_setup_new_thread
 .text.z_impl_k_thread_create
                0x0000000010003ef8       0x58 zephyr/kernel/libkernel.a(thread.c.obj)
                0x0000000010003ef8                z_impl_k_thread_create
 .text.z_dummy_thread_init
                0x0000000010003f50       0x14 zephyr/kernel/libkernel.a(thread.c.obj)
                0x0000000010003f50                z_dummy_thread_init
 .text.z_swap_irqlock
                0x0000000010003f64       0x30 zephyr/kernel/libkernel.a(sched.c.obj)
 .text.ready_thread
                0x0000000010003f94       0x84 zephyr/kernel/libkernel.a(sched.c.obj)
 .text.unready_thread
                0x0000000010004018       0x54 zephyr/kernel/libkernel.a(sched.c.obj)
 .text.add_thread_timeout
                0x000000001000406c       0x1c zephyr/kernel/libkernel.a(sched.c.obj)
 .text.move_current_to_end_of_prio_q
                0x0000000010004088       0x70 zephyr/kernel/libkernel.a(sched.c.obj)
                0x0000000010004088                move_current_to_end_of_prio_q
 .text.z_pend_curr
                0x00000000100040f8       0x44 zephyr/kernel/libkernel.a(sched.c.obj)
                0x00000000100040f8                z_pend_curr
 .text.z_thread_prio_set
                0x000000001000413c       0xe4 zephyr/kernel/libkernel.a(sched.c.obj)
                0x000000001000413c                z_thread_prio_set
 .text.z_reschedule
                0x0000000010004220       0x24 zephyr/kernel/libkernel.a(sched.c.obj)
                0x0000000010004220                z_reschedule
 .text.z_reschedule_irqlock
                0x0000000010004244       0x28 zephyr/kernel/libkernel.a(sched.c.obj)
                0x0000000010004244                z_reschedule_irqlock
 .text.k_sched_lock
                0x000000001000426c       0x28 zephyr/kernel/libkernel.a(sched.c.obj)
                0x000000001000426c                k_sched_lock
 .text.k_sched_unlock
                0x0000000010004294       0x68 zephyr/kernel/libkernel.a(sched.c.obj)
                0x0000000010004294                k_sched_unlock
 .text.z_sched_init
                0x00000000100042fc       0x10 zephyr/kernel/libkernel.a(sched.c.obj)
                0x00000000100042fc                z_sched_init
 .text.z_impl_k_yield
                0x000000001000430c       0x88 zephyr/kernel/libkernel.a(sched.c.obj)
                0x000000001000430c                z_impl_k_yield
 .text.z_tick_sleep
                0x0000000010004394       0x78 zephyr/kernel/libkernel.a(sched.c.obj)
 .text.z_impl_k_wakeup
                0x000000001000440c       0x48 zephyr/kernel/libkernel.a(sched.c.obj)
                0x000000001000440c                z_impl_k_wakeup
 .text.z_impl_k_sched_current_thread_query
                0x0000000010004454        0xc zephyr/kernel/libkernel.a(sched.c.obj)
                0x0000000010004454                z_impl_k_sched_current_thread_query
 .text.z_thread_abort
                0x0000000010004460      0x140 zephyr/kernel/libkernel.a(sched.c.obj)
                0x0000000010004460                z_thread_abort
 .text.z_sched_wait
                0x00000000100045a0       0x24 zephyr/kernel/libkernel.a(sched.c.obj)
                0x00000000100045a0                z_sched_wait
 .text.z_time_slice_size
                0x00000000100045c4       0x40 zephyr/kernel/libkernel.a(timeslicing.c.obj)
 .text.slice_timeout
                0x0000000010004604       0x20 zephyr/kernel/libkernel.a(timeslicing.c.obj)
 .text.z_reset_time_slice
                0x0000000010004624       0x48 zephyr/kernel/libkernel.a(timeslicing.c.obj)
                0x0000000010004624                z_reset_time_slice
 .text.z_time_slice
                0x000000001000466c       0x5c zephyr/kernel/libkernel.a(timeslicing.c.obj)
                0x000000001000466c                z_time_slice
 .text.first    0x00000000100046c8       0x10 zephyr/kernel/libkernel.a(timeout.c.obj)
 .text.elapsed  0x00000000100046d8       0x14 zephyr/kernel/libkernel.a(timeout.c.obj)
 .text.remove_timeout
                0x00000000100046ec       0x38 zephyr/kernel/libkernel.a(timeout.c.obj)
 .text.z_add_timeout
                0x0000000010004724      0x120 zephyr/kernel/libkernel.a(timeout.c.obj)
                0x0000000010004724                z_add_timeout
 .text.sys_clock_announce
                0x0000000010004844       0xbc zephyr/kernel/libkernel.a(timeout.c.obj)
                0x0000000010004844                sys_clock_announce
 .text.sys_clock_tick_get
                0x0000000010004900       0x30 zephyr/kernel/libkernel.a(timeout.c.obj)
                0x0000000010004900                sys_clock_tick_get
 .text.k_event_post_internal
                0x0000000010004930       0x6c zephyr/kernel/libkernel.a(events.c.obj)
 .text.z_thread_alloc_helper
                0x000000001000499c       0x4c zephyr/kernel/libkernel.a(mempool.c.obj)
 .text.z_thread_malloc
                0x00000000100049e8       0x10 zephyr/kernel/libkernel.a(mempool.c.obj)
                0x00000000100049e8                z_thread_malloc
 .text.boot_banner
                0x00000000100049f8        0xc zephyr/kernel/libkernel.a(banner.c.obj)
                0x00000000100049f8                boot_banner
 .text.k_sys_work_q_init
                0x0000000010004a04       0x2c zephyr/kernel/libkernel.a(system_work_q.c.obj)
 .text.__l_vfprintf
                0x0000000010004a30      0x4b4 /home/amine/zephyr-sdk-0.17.4/arm-zephyr-eabi/bin/../lib/gcc/../../picolibc/arm-zephyr-eabi/lib/thumb/v8-m.main/nofp/libc.a(libc_tinystdio_vflprintf.c.o)
                0x0000000010004a30                __l_vfprintf
 .text._OffsetAbsSyms
                0x0000000010004ee4        0x2 zephyr/CMakeFiles/offsets.dir/./arch/arm/core/offsets/offsets.c.obj
                0x0000000010004ee4                _OffsetAbsSyms
 .text.chunk_field
                0x0000000010004ee6       0x16 zephyr/libzephyr.a(heap.c.obj)
 .text.chunk_set
                0x0000000010004efc       0x16 zephyr/libzephyr.a(heap.c.obj)
 .text.chunk_size
                0x0000000010004f12        0xc zephyr/libzephyr.a(heap.c.obj)
 .text.set_chunk_used
                0x0000000010004f1e       0x30 zephyr/libzephyr.a(heap.c.obj)
 .text.set_chunk_size
                0x0000000010004f4e        0x8 zephyr/libzephyr.a(heap.c.obj)
 .text.mem_to_chunkid
                0x0000000010004f56       0x14 zephyr/libzephyr.a(heap.c.obj)
 .text.bucket_idx
                0x0000000010004f6a       0x1e zephyr/libzephyr.a(heap.c.obj)
 .text.free_list_remove_bidx
                0x0000000010004f88       0x5c zephyr/libzephyr.a(heap.c.obj)
 .text.free_list_remove
                0x0000000010004fe4       0x2e zephyr/libzephyr.a(heap.c.obj)
 .text.alloc_chunk
                0x0000000010005012       0x72 zephyr/libzephyr.a(heap.c.obj)
 .text.split_chunks
                0x0000000010005084       0x4e zephyr/libzephyr.a(heap.c.obj)
 .text.merge_chunks
                0x00000000100050d2       0x3c zephyr/libzephyr.a(heap.c.obj)
 .text.free_list_add
                0x000000001000510e       0x84 zephyr/libzephyr.a(heap.c.obj)
 .text.free_chunk
                0x0000000010005192       0x84 zephyr/libzephyr.a(heap.c.obj)
 .text.sys_heap_free
                0x0000000010005216       0x24 zephyr/libzephyr.a(heap.c.obj)
                0x0000000010005216                sys_heap_free
 .text.sys_heap_alloc
                0x000000001000523a       0x76 zephyr/libzephyr.a(heap.c.obj)
                0x000000001000523a                sys_heap_alloc
 .text.sys_heap_noalign_alloc
                0x00000000100052b0        0x6 zephyr/libzephyr.a(heap.c.obj)
                0x00000000100052b0                sys_heap_noalign_alloc
 .text.sys_heap_aligned_alloc
                0x00000000100052b6       0xf8 zephyr/libzephyr.a(heap.c.obj)
                0x00000000100052b6                sys_heap_aligned_alloc
 .text.sys_heap_init
                0x00000000100053ae       0xb0 zephyr/libzephyr.a(heap.c.obj)
                0x00000000100053ae                sys_heap_init
 .text.sys_mem_blocks_free
                0x000000001000545e       0x58 zephyr/libzephyr.a(mem_blocks.c.obj)
                0x000000001000545e                sys_mem_blocks_free
 .text.sys_mem_blocks_alloc
                0x00000000100054b6       0x4e zephyr/libzephyr.a(mem_blocks.c.obj)
                0x00000000100054b6                sys_mem_blocks_alloc
 .text.arch_printk_char_out
                0x0000000010005504        0x4 zephyr/libzephyr.a(printk.c.obj)
                0x0000000010005504                arch_printk_char_out
 .text.printk   0x0000000010005508       0x1a zephyr/libzephyr.a(printk.c.obj)
                0x0000000010005508                printk
 .text.setup_bundle_data.constprop.0
                0x0000000010005522       0x3a zephyr/libzephyr.a(bitarray.c.obj)
 .text.set_region
                0x000000001000555c       0x90 zephyr/libzephyr.a(bitarray.c.obj)
 .text.match_region
                0x00000000100055ec       0x8c zephyr/libzephyr.a(bitarray.c.obj)
 .text.sys_bitarray_alloc
                0x0000000010005678       0xc8 zephyr/libzephyr.a(bitarray.c.obj)
                0x0000000010005678                sys_bitarray_alloc
 .text.sys_bitarray_free
                0x0000000010005740       0x96 zephyr/libzephyr.a(bitarray.c.obj)
                0x0000000010005740                sys_bitarray_free
 .text.bitmask_find_gap
                0x00000000100057d6       0x76 zephyr/libzephyr.a(bitmask.c.obj)
                0x00000000100057d6                bitmask_find_gap
 .text.ring_buf_area_claim
                0x000000001000584c       0x30 zephyr/libzephyr.a(ring_buffer.c.obj)
                0x000000001000584c                ring_buf_area_claim
 .text.ring_buf_put_claim
                0x000000001000587c       0x1e zephyr/libzephyr.a(ring_buffer.c.obj)
 .text.ring_buf_get_claim
                0x000000001000589a       0x1e zephyr/libzephyr.a(ring_buffer.c.obj)
 .text.ring_buf_area_finish
                0x00000000100058b8       0x32 zephyr/libzephyr.a(ring_buffer.c.obj)
                0x00000000100058b8                ring_buf_area_finish
 .text.ring_buf_put
                0x00000000100058ea       0x40 zephyr/libzephyr.a(ring_buffer.c.obj)
                0x00000000100058ea                ring_buf_put
 .text.ring_buf_get
                0x000000001000592a       0x44 zephyr/libzephyr.a(ring_buffer.c.obj)
                0x000000001000592a                ring_buf_get
 .text._ConfigAbsSyms
                0x000000001000596e        0x2 zephyr/libzephyr.a(configs.c.obj)
                0x000000001000596e                _ConfigAbsSyms
 .text.arch_early_memset
                0x0000000010005970        0x4 zephyr/arch/common/libarch__common.a(init.c.obj)
                0x0000000010005970                arch_early_memset
 .text.arch_early_memcpy
                0x0000000010005974        0x4 zephyr/arch/common/libarch__common.a(init.c.obj)
                0x0000000010005974                arch_early_memcpy
 .text.z_do_kernel_oops
                0x0000000010005978        0x8 zephyr/arch/arch/arm/core/libarch__arm__core.a(fatal.c.obj)
                0x0000000010005978                z_do_kernel_oops
 .text.z_arm_nmi
                0x0000000010005980        0xe zephyr/arch/arch/arm/core/libarch__arm__core.a(nmi.c.obj)
                0x0000000010005980                z_arm_nmi
 .text.z_irq_spurious
                0x000000001000598e        0x8 zephyr/arch/arch/arm/core/cortex_m/libarch__arm__core__cortex_m.a(irq_manage.c.obj)
                0x000000001000598e                z_irq_spurious
 .text.arch_coprocessors_disable
                0x0000000010005996        0x6 zephyr/arch/arch/arm/core/cortex_m/libarch__arm__core__cortex_m.a(thread.c.obj)
                0x0000000010005996                arch_coprocessors_disable
 .text.arch_irq_unlock_outlined
                0x000000001000599c        0xe zephyr/arch/arch/arm/core/cortex_m/libarch__arm__core__cortex_m.a(thread.c.obj)
                0x000000001000599c                arch_irq_unlock_outlined
 .text.arch_cpu_idle
                0x00000000100059aa       0x1a zephyr/arch/arch/arm/core/cortex_m/libarch__arm__core__cortex_m.a(cpu_idle.c.obj)
                0x00000000100059aa                arch_cpu_idle
 .text.__assert_no_args
                0x00000000100059c4        0x6 zephyr/lib/libc/picolibc/liblib__libc__picolibc.a(assert.c.obj)
                0x00000000100059c4                __assert_no_args
 .text.picolibc_put
                0x00000000100059ca        0xa zephyr/lib/libc/picolibc/liblib__libc__picolibc.a(stdio.c.obj)
 .text.net_buf_frag_insert
                0x00000000100059d4       0x16 zephyr/lib/net_buf/liblib__net_buf.a(buf.c.obj)
                0x00000000100059d4                net_buf_frag_insert
 .text.net_buf_frag_add
                0x00000000100059ea       0x22 zephyr/lib/net_buf/liblib__net_buf.a(buf.c.obj)
                0x00000000100059ea                net_buf_frag_add
 .text.net_buf_frag_del
                0x0000000010005a0c       0x18 zephyr/lib/net_buf/liblib__net_buf.a(buf.c.obj)
                0x0000000010005a0c                net_buf_frag_del
 .text.net_buf_simple_add
                0x0000000010005a24        0xc zephyr/lib/net_buf/liblib__net_buf.a(buf_simple.c.obj)
                0x0000000010005a24                net_buf_simple_add
 .text.net_buf_simple_add_mem
                0x0000000010005a30       0x12 zephyr/lib/net_buf/liblib__net_buf.a(buf_simple.c.obj)
                0x0000000010005a30                net_buf_simple_add_mem
 .text.net_buf_simple_add_u8
                0x0000000010005a42       0x10 zephyr/lib/net_buf/liblib__net_buf.a(buf_simple.c.obj)
                0x0000000010005a42                net_buf_simple_add_u8
 .text.net_buf_simple_add_le16
                0x0000000010005a52       0x14 zephyr/lib/net_buf/liblib__net_buf.a(buf_simple.c.obj)
                0x0000000010005a52                net_buf_simple_add_le16
 .text.net_buf_simple_remove_mem
                0x0000000010005a66        0xe zephyr/lib/net_buf/liblib__net_buf.a(buf_simple.c.obj)
                0x0000000010005a66                net_buf_simple_remove_mem
 .text.net_buf_simple_pull
                0x0000000010005a74       0x10 zephyr/lib/net_buf/liblib__net_buf.a(buf_simple.c.obj)
                0x0000000010005a74                net_buf_simple_pull
 .text.net_buf_simple_tailroom
                0x0000000010005a84       0x10 zephyr/lib/net_buf/liblib__net_buf.a(buf_simple.c.obj)
                0x0000000010005a84                net_buf_simple_tailroom
 .text.soc_reset_hook
                0x0000000010005a94        0x4 zephyr/soc/soc/rp2350a/rp2350/libsoc__raspberrypi__rpi_pico__rp2350.a(soc.c.obj)
                0x0000000010005a94                soc_reset_hook
 .text.usbd_device_lock
                0x0000000010005a98        0xe zephyr/subsys/usb/device_next/libsubsys__usb__device_next.a(usbd_device.c.obj)
 .text.k_mutex_unlock.isra.0
                0x0000000010005aa6        0x4 zephyr/subsys/usb/device_next/libsubsys__usb__device_next.a(usbd_device.c.obj)
 .text.usbd_bus_speed
                0x0000000010005aaa        0xa zephyr/subsys/usb/device_next/libsubsys__usb__device_next.a(usbd_device.c.obj)
                0x0000000010005aaa                usbd_bus_speed
 .text.usbd_device_set_code_triple
                0x0000000010005ab4       0x48 zephyr/subsys/usb/device_next/libsubsys__usb__device_next.a(usbd_device.c.obj)
                0x0000000010005ab4                usbd_device_set_code_triple
 .text.usbd_is_suspended
                0x0000000010005afc        0xa zephyr/subsys/usb/device_next/libsubsys__usb__device_next.a(usbd_device.c.obj)
                0x0000000010005afc                usbd_is_suspended
 .text.usbd_init
                0x0000000010005b06       0x5e zephyr/subsys/usb/device_next/libsubsys__usb__device_next.a(usbd_device.c.obj)
                0x0000000010005b06                usbd_init
 .text.usbd_enable
                0x0000000010005b64       0x5c zephyr/subsys/usb/device_next/libsubsys__usb__device_next.a(usbd_device.c.obj)
                0x0000000010005b64                usbd_enable
 .text.usbd_device_get_vreq
                0x0000000010005bc0       0x28 zephyr/subsys/usb/device_next/libsubsys__usb__device_next.a(usbd_device.c.obj)
                0x0000000010005bc0                usbd_device_get_vreq
 .text.usbd_device_register_vreq
                0x0000000010005be8       0x56 zephyr/subsys/usb/device_next/libsubsys__usb__device_next.a(usbd_device.c.obj)
                0x0000000010005be8                usbd_device_register_vreq
 .text.usbd_get_descriptor
                0x0000000010005c3e       0x34 zephyr/subsys/usb/device_next/libsubsys__usb__device_next.a(usbd_desc.c.obj)
                0x0000000010005c3e                usbd_get_descriptor
 .text.usbd_add_descriptor
                0x0000000010005c72      0x106 zephyr/subsys/usb/device_next/libsubsys__usb__device_next.a(usbd_desc.c.obj)
                0x0000000010005c72                usbd_add_descriptor
 .text.usbd_str_desc_get_idx
                0x0000000010005d78        0xa zephyr/subsys/usb/device_next/libsubsys__usb__device_next.a(usbd_desc.c.obj)
                0x0000000010005d78                usbd_str_desc_get_idx
 .text.reqtype_is_to_host
                0x0000000010005d82        0xc zephyr/subsys/usb/device_next/libsubsys__usb__device_next.a(usbd_ch9.c.obj)
 .text.sreq_feature_halt_notify
                0x0000000010005d8e       0x20 zephyr/subsys/usb/device_next/libsubsys__usb__device_next.a(usbd_ch9.c.obj)
 .text.udc_test_mode
                0x0000000010005dae       0x40 zephyr/subsys/usb/device_next/libsubsys__usb__device_next.a(usbd_ch9.c.obj)
 .text.udc_set_address
                0x0000000010005dee       0x32 zephyr/subsys/usb/device_next/libsubsys__usb__device_next.a(usbd_ch9.c.obj)
 .text.usbd_init_control_pipe
                0x0000000010005e20        0xc zephyr/subsys/usb/device_next/libsubsys__usb__device_next.a(usbd_ch9.c.obj)
                0x0000000010005e20                usbd_init_control_pipe
 .text.usbd_class_bcast_event
                0x0000000010005e2c       0x44 zephyr/subsys/usb/device_next/libsubsys__usb__device_next.a(usbd_core.c.obj)
 .text.usbd_ep_bm_is_set.isra.0
                0x0000000010005e70       0x12 zephyr/subsys/usb/device_next/libsubsys__usb__device_next.a(usbd_init.c.obj)
 .text.unassign_eps.constprop.0
                0x0000000010005e82       0x8c zephyr/subsys/usb/device_next/libsubsys__usb__device_next.a(usbd_init.c.obj)
 .text.usbd_init_configurations
                0x0000000010005f0e      0x1e2 zephyr/subsys/usb/device_next/libsubsys__usb__device_next.a(usbd_init.c.obj)
                0x0000000010005f0e                usbd_init_configurations
 .text.usbd_device_lock
                0x00000000100060f0        0xe zephyr/subsys/usb/device_next/libsubsys__usb__device_next.a(usbd_config.c.obj)
 .text.k_mutex_unlock.isra.0
                0x00000000100060fe        0x4 zephyr/subsys/usb/device_next/libsubsys__usb__device_next.a(usbd_config.c.obj)
 .text.usbd_config_get
                0x0000000010006102       0x28 zephyr/subsys/usb/device_next/libsubsys__usb__device_next.a(usbd_config.c.obj)
                0x0000000010006102                usbd_config_get
 .text.usbd_config_get_current
                0x000000001000612a       0x24 zephyr/subsys/usb/device_next/libsubsys__usb__device_next.a(usbd_config.c.obj)
                0x000000001000612a                usbd_config_get_current
 .text.usbd_config_exist
                0x000000001000614e        0xe zephyr/subsys/usb/device_next/libsubsys__usb__device_next.a(usbd_config.c.obj)
                0x000000001000614e                usbd_config_exist
 .text.usbd_config_set
                0x000000001000615c       0x98 zephyr/subsys/usb/device_next/libsubsys__usb__device_next.a(usbd_config.c.obj)
                0x000000001000615c                usbd_config_set
 .text.usbd_add_configuration
                0x00000000100061f4       0xc2 zephyr/subsys/usb/device_next/libsubsys__usb__device_next.a(usbd_config.c.obj)
                0x00000000100061f4                usbd_add_configuration
 .text.usbd_device_lock
                0x00000000100062b6        0xe zephyr/subsys/usb/device_next/libsubsys__usb__device_next.a(usbd_class.c.obj)
 .text.usbd_class_desc_len
                0x00000000100062c4       0x20 zephyr/subsys/usb/device_next/libsubsys__usb__device_next.a(usbd_class.c.obj)
                0x00000000100062c4                usbd_class_desc_len
 .text.usbd_class_get_by_config
                0x00000000100062e4       0x20 zephyr/subsys/usb/device_next/libsubsys__usb__device_next.a(usbd_class.c.obj)
                0x00000000100062e4                usbd_class_get_by_config
 .text.usbd_class_get_by_iface
                0x0000000010006304       0x20 zephyr/subsys/usb/device_next/libsubsys__usb__device_next.a(usbd_class.c.obj)
                0x0000000010006304                usbd_class_get_by_iface
 .text.usbd_class_handle_xfer
                0x0000000010006324       0x12 zephyr/subsys/usb/device_next/libsubsys__usb__device_next.a(usbd_class.c.obj)
                0x0000000010006324                usbd_class_handle_xfer
 .text.usbd_class_get_by_ep
                0x0000000010006336       0x46 zephyr/subsys/usb/device_next/libsubsys__usb__device_next.a(usbd_class.c.obj)
                0x0000000010006336                usbd_class_get_by_ep
 .text.usbd_class_get_by_req
                0x000000001000637c       0x2e zephyr/subsys/usb/device_next/libsubsys__usb__device_next.a(usbd_class.c.obj)
                0x000000001000637c                usbd_class_get_by_req
 .text.usbd_register_class
                0x00000000100063aa       0x90 zephyr/subsys/usb/device_next/libsubsys__usb__device_next.a(usbd_class.c.obj)
                0x00000000100063aa                usbd_register_class
 .text.usbd_interface_modify
                0x000000001000643a       0x98 zephyr/subsys/usb/device_next/libsubsys__usb__device_next.a(usbd_interface.c.obj)
 .text.usbd_interface_shutdown
                0x00000000100064d2       0x54 zephyr/subsys/usb/device_next/libsubsys__usb__device_next.a(usbd_interface.c.obj)
                0x00000000100064d2                usbd_interface_shutdown
 .text.usbd_interface_default
                0x0000000010006526       0x50 zephyr/subsys/usb/device_next/libsubsys__usb__device_next.a(usbd_interface.c.obj)
                0x0000000010006526                usbd_interface_default
 .text.usbd_interface_set
                0x0000000010006576       0x78 zephyr/subsys/usb/device_next/libsubsys__usb__device_next.a(usbd_interface.c.obj)
                0x0000000010006576                usbd_interface_set
 .text.usbd_ep_bm_clear
                0x00000000100065ee       0x1c zephyr/subsys/usb/device_next/libsubsys__usb__device_next.a(usbd_endpoint.c.obj)
 .text.usbd_ep_enable
                0x000000001000660a       0x38 zephyr/subsys/usb/device_next/libsubsys__usb__device_next.a(usbd_endpoint.c.obj)
                0x000000001000660a                usbd_ep_enable
 .text.usbd_ep_disable
                0x0000000010006642       0x2c zephyr/subsys/usb/device_next/libsubsys__usb__device_next.a(usbd_endpoint.c.obj)
                0x0000000010006642                usbd_ep_disable
 .text.usbd_ep_ctrl_enqueue
                0x000000001000666e       0x7c zephyr/subsys/usb/device_next/libsubsys__usb__device_next.a(usbd_endpoint.c.obj)
                0x000000001000666e                usbd_ep_ctrl_enqueue
 .text.usbd_ep_buf_alloc
                0x00000000100066ea        0x8 zephyr/subsys/usb/device_next/libsubsys__usb__device_next.a(usbd_endpoint.c.obj)
                0x00000000100066ea                usbd_ep_buf_alloc
 .text.usbd_ep_enqueue
                0x00000000100066f2       0x30 zephyr/subsys/usb/device_next/libsubsys__usb__device_next.a(usbd_endpoint.c.obj)
                0x00000000100066f2                usbd_ep_enqueue
 .text.usbd_ep_buf_free
                0x0000000010006722        0x6 zephyr/subsys/usb/device_next/libsubsys__usb__device_next.a(usbd_endpoint.c.obj)
                0x0000000010006722                usbd_ep_buf_free
 .text.usbd_ep_dequeue
                0x0000000010006728        0x6 zephyr/subsys/usb/device_next/libsubsys__usb__device_next.a(usbd_endpoint.c.obj)
                0x0000000010006728                usbd_ep_dequeue
 .text.usbd_ep_set_halt
                0x000000001000672e       0x28 zephyr/subsys/usb/device_next/libsubsys__usb__device_next.a(usbd_endpoint.c.obj)
                0x000000001000672e                usbd_ep_set_halt
 .text.usbd_ep_clear_halt
                0x0000000010006756       0x1e zephyr/subsys/usb/device_next/libsubsys__usb__device_next.a(usbd_endpoint.c.obj)
                0x0000000010006756                usbd_ep_clear_halt
 .text.usbd_ep_is_halted
                0x0000000010006774       0x16 zephyr/subsys/usb/device_next/libsubsys__usb__device_next.a(usbd_endpoint.c.obj)
                0x0000000010006774                usbd_ep_is_halted
 .text.usbd_msg_pub_simple
                0x000000001000678a       0x1c zephyr/subsys/usb/device_next/libsubsys__usb__device_next.a(usbd_msg.c.obj)
                0x000000001000678a                usbd_msg_pub_simple
 .text.usbd_msg_pub_device
                0x00000000100067a6       0x1c zephyr/subsys/usb/device_next/libsubsys__usb__device_next.a(usbd_msg.c.obj)
                0x00000000100067a6                usbd_msg_pub_device
 .text.usbd_cdc_acm_update
                0x00000000100067c2        0x2 zephyr/subsys/usb/device_next/libsubsys__usb__device_next.a(usbd_cdc_acm.c.obj)
 .text.usbd_cdc_acm_get_desc
                0x00000000100067c4        0x8 zephyr/subsys/usb/device_next/libsubsys__usb__device_next.a(usbd_cdc_acm.c.obj)
 .text.cdc_acm_update_uart_cfg
                0x00000000100067cc       0x4c zephyr/subsys/usb/device_next/libsubsys__usb__device_next.a(usbd_cdc_acm.c.obj)
 .text.cdc_acm_irq_tx_ready
                0x0000000010006818       0x18 zephyr/subsys/usb/device_next/libsubsys__usb__device_next.a(usbd_cdc_acm.c.obj)
 .text.cdc_acm_irq_rx_ready
                0x0000000010006830        0x8 zephyr/subsys/usb/device_next/libsubsys__usb__device_next.a(usbd_cdc_acm.c.obj)
 .text.cdc_acm_irq_is_pending
                0x0000000010006838       0x12 zephyr/subsys/usb/device_next/libsubsys__usb__device_next.a(usbd_cdc_acm.c.obj)
 .text.cdc_acm_irq_callback_set
                0x000000001000684a        0x8 zephyr/subsys/usb/device_next/libsubsys__usb__device_next.a(usbd_cdc_acm.c.obj)
 .text.cdc_acm_line_ctrl_get
                0x0000000010006852       0x24 zephyr/subsys/usb/device_next/libsubsys__usb__device_next.a(usbd_cdc_acm.c.obj)
 .text.cdc_acm_configure
                0x0000000010006876       0x16 zephyr/subsys/usb/device_next/libsubsys__usb__device_next.a(usbd_cdc_acm.c.obj)
 .text.atomic_test_bit
                0x000000001000688c        0xc zephyr/subsys/usb/device_next/libsubsys__usb__device_next.a(usbd_cdc_acm.c.obj)
 .text.cdc_acm_irq_rx_enable
                0x0000000010006898       0x42 zephyr/subsys/usb/device_next/libsubsys__usb__device_next.a(usbd_cdc_acm.c.obj)
 .text.cdc_acm_fifo_read
                0x00000000100068da       0x14 zephyr/subsys/usb/device_next/libsubsys__usb__device_next.a(usbd_cdc_acm.c.obj)
 .text.cdc_acm_poll_in
                0x00000000100068ee       0x2a zephyr/subsys/usb/device_next/libsubsys__usb__device_next.a(usbd_cdc_acm.c.obj)
 .text.cdc_acm_fifo_fill
                0x0000000010006918       0x2a zephyr/subsys/usb/device_next/libsubsys__usb__device_next.a(usbd_cdc_acm.c.obj)
 .text.cdc_acm_config_get
                0x0000000010006942        0xe zephyr/subsys/usb/device_next/libsubsys__usb__device_next.a(usbd_cdc_acm.c.obj)
 .text.usbd_cdc_acm_init
                0x0000000010006950       0x34 zephyr/subsys/usb/device_next/libsubsys__usb__device_next.a(usbd_cdc_acm.c.obj)
 .text.atomic_clear_bit
                0x0000000010006984       0x16 zephyr/subsys/usb/device_next/libsubsys__usb__device_next.a(usbd_cdc_acm.c.obj)
 .text.cdc_acm_irq_rx_disable
                0x000000001000699a        0xa zephyr/subsys/usb/device_next/libsubsys__usb__device_next.a(usbd_cdc_acm.c.obj)
 .text.cdc_acm_irq_tx_disable
                0x00000000100069a4        0xa zephyr/subsys/usb/device_next/libsubsys__usb__device_next.a(usbd_cdc_acm.c.obj)
 .text.usbd_cdc_acm_disable
                0x00000000100069ae       0x18 zephyr/subsys/usb/device_next/libsubsys__usb__device_next.a(usbd_cdc_acm.c.obj)
 .text.usbd_cdc_acm_resumed
                0x00000000100069c6        0xc zephyr/subsys/usb/device_next/libsubsys__usb__device_next.a(usbd_cdc_acm.c.obj)
 .text.cdc_acm_tx_fifo_handler
                0x00000000100069d2       0xb8 zephyr/subsys/usb/device_next/libsubsys__usb__device_next.a(usbd_cdc_acm.c.obj)
 .text.cdc_acm_line_ctrl_set
                0x0000000010006a8a       0xee zephyr/subsys/usb/device_next/libsubsys__usb__device_next.a(usbd_cdc_acm.c.obj)
 .text.usbd_cdc_acm_request
                0x0000000010006b78       0xe8 zephyr/subsys/usb/device_next/libsubsys__usb__device_next.a(usbd_cdc_acm.c.obj)
 .text.cdc_acm_rx_fifo_handler
                0x0000000010006c60       0x82 zephyr/subsys/usb/device_next/libsubsys__usb__device_next.a(usbd_cdc_acm.c.obj)
 .text.cdc_acm_irq_cb_handler
                0x0000000010006ce2       0xae zephyr/subsys/usb/device_next/libsubsys__usb__device_next.a(usbd_cdc_acm.c.obj)
 .text.cdc_acm_irq_update
                0x0000000010006d90       0x46 zephyr/subsys/usb/device_next/libsubsys__usb__device_next.a(usbd_cdc_acm.c.obj)
 .text.usbd_cdc_acm_suspended
                0x0000000010006dd6       0x18 zephyr/subsys/usb/device_next/libsubsys__usb__device_next.a(usbd_cdc_acm.c.obj)
 .text.usbd_cdc_acm_enable
                0x0000000010006dee       0x5c zephyr/subsys/usb/device_next/libsubsys__usb__device_next.a(usbd_cdc_acm.c.obj)
 .text.cdc_acm_irq_tx_enable
                0x0000000010006e4a       0x2e zephyr/subsys/usb/device_next/libsubsys__usb__device_next.a(usbd_cdc_acm.c.obj)
 .text.udc_pool_data_unref
                0x0000000010006e78       0x18 zephyr/drivers/usb/udc/libdrivers__usb__udc.a(udc_common.c.obj)
 .text.udc_pool_data_alloc
                0x0000000010006e90       0x2e zephyr/drivers/usb/udc/libdrivers__usb__udc.a(udc_common.c.obj)
 .text.udc_buf_destroy
                0x0000000010006ebe       0x30 zephyr/drivers/usb/udc/libdrivers__usb__udc.a(udc_common.c.obj)
 .text.ep_check_config.constprop.0
                0x0000000010006eee       0x68 zephyr/drivers/usb/udc/libdrivers__usb__udc.a(udc_common.c.obj)
 .text.udc_is_initialized.isra.0
                0x0000000010006f56        0xc zephyr/drivers/usb/udc/libdrivers__usb__udc.a(udc_common.c.obj)
 .text.udc_is_enabled.isra.0
                0x0000000010006f62        0xc zephyr/drivers/usb/udc/libdrivers__usb__udc.a(udc_common.c.obj)
 .text.udc_set_suspended
                0x0000000010006f6e       0x2e zephyr/drivers/usb/udc/libdrivers__usb__udc.a(udc_common.c.obj)
                0x0000000010006f6e                udc_set_suspended
 .text.udc_get_ep_cfg
                0x0000000010006f9c       0x12 zephyr/drivers/usb/udc/libdrivers__usb__udc.a(udc_common.c.obj)
                0x0000000010006f9c                udc_get_ep_cfg
 .text.udc_ep_is_busy
                0x0000000010006fae        0x8 zephyr/drivers/usb/udc/libdrivers__usb__udc.a(udc_common.c.obj)
                0x0000000010006fae                udc_ep_is_busy
 .text.udc_ep_set_busy
                0x0000000010006fb6        0xa zephyr/drivers/usb/udc/libdrivers__usb__udc.a(udc_common.c.obj)
                0x0000000010006fb6                udc_ep_set_busy
 .text.udc_register_ep
                0x0000000010006fc0       0x2c zephyr/drivers/usb/udc/libdrivers__usb__udc.a(udc_common.c.obj)
                0x0000000010006fc0                udc_register_ep
 .text.udc_buf_get
                0x0000000010006fec        0x8 zephyr/drivers/usb/udc/libdrivers__usb__udc.a(udc_common.c.obj)
                0x0000000010006fec                udc_buf_get
 .text.udc_buf_get_all
                0x0000000010006ff4       0x2e zephyr/drivers/usb/udc/libdrivers__usb__udc.a(udc_common.c.obj)
                0x0000000010006ff4                udc_buf_get_all
 .text.udc_buf_peek
                0x0000000010007022        0x4 zephyr/drivers/usb/udc/libdrivers__usb__udc.a(udc_common.c.obj)
                0x0000000010007022                udc_buf_peek
 .text.udc_buf_put
                0x0000000010007026        0x4 zephyr/drivers/usb/udc/libdrivers__usb__udc.a(udc_common.c.obj)
                0x0000000010007026                udc_buf_put
 .text.udc_ep_buf_set_setup
                0x000000001000702a        0xe zephyr/drivers/usb/udc/libdrivers__usb__udc.a(udc_common.c.obj)
                0x000000001000702a                udc_ep_buf_set_setup
 .text.udc_ep_buf_has_zlp
                0x0000000010007038        0x8 zephyr/drivers/usb/udc/libdrivers__usb__udc.a(udc_common.c.obj)
                0x0000000010007038                udc_ep_buf_has_zlp
 .text.udc_ep_buf_clear_zlp
                0x0000000010007040        0xa zephyr/drivers/usb/udc/libdrivers__usb__udc.a(udc_common.c.obj)
                0x0000000010007040                udc_ep_buf_clear_zlp
 .text.udc_submit_event
                0x000000001000704a       0x18 zephyr/drivers/usb/udc/libdrivers__usb__udc.a(udc_common.c.obj)
                0x000000001000704a                udc_submit_event
 .text.udc_submit_ep_event
                0x0000000010007062       0x30 zephyr/drivers/usb/udc/libdrivers__usb__udc.a(udc_common.c.obj)
                0x0000000010007062                udc_submit_ep_event
 .text.udc_ep_try_config
                0x0000000010007092       0x88 zephyr/drivers/usb/udc/libdrivers__usb__udc.a(udc_common.c.obj)
                0x0000000010007092                udc_ep_try_config
 .text.udc_ep_enable_internal
                0x000000001000711a       0x64 zephyr/drivers/usb/udc/libdrivers__usb__udc.a(udc_common.c.obj)
                0x000000001000711a                udc_ep_enable_internal
 .text.udc_ep_enable
                0x000000001000717e       0x52 zephyr/drivers/usb/udc/libdrivers__usb__udc.a(udc_common.c.obj)
                0x000000001000717e                udc_ep_enable
 .text.udc_ep_disable_internal
                0x00000000100071d0       0x3e zephyr/drivers/usb/udc/libdrivers__usb__udc.a(udc_common.c.obj)
                0x00000000100071d0                udc_ep_disable_internal
 .text.udc_ep_disable
                0x000000001000720e       0x38 zephyr/drivers/usb/udc/libdrivers__usb__udc.a(udc_common.c.obj)
                0x000000001000720e                udc_ep_disable
 .text.udc_ep_set_halt
                0x0000000010007246       0x54 zephyr/drivers/usb/udc/libdrivers__usb__udc.a(udc_common.c.obj)
                0x0000000010007246                udc_ep_set_halt
 .text.udc_ep_clear_halt
                0x000000001000729a       0x60 zephyr/drivers/usb/udc/libdrivers__usb__udc.a(udc_common.c.obj)
                0x000000001000729a                udc_ep_clear_halt
 .text.udc_ep_enqueue
                0x00000000100072fa       0x50 zephyr/drivers/usb/udc/libdrivers__usb__udc.a(udc_common.c.obj)
                0x00000000100072fa                udc_ep_enqueue
 .text.udc_ep_dequeue
                0x000000001000734a       0x42 zephyr/drivers/usb/udc/libdrivers__usb__udc.a(udc_common.c.obj)
                0x000000001000734a                udc_ep_dequeue
 .text.udc_ctrl_alloc
                0x000000001000738c        0x4 zephyr/drivers/usb/udc/libdrivers__usb__udc.a(udc_common.c.obj)
                0x000000001000738c                udc_ctrl_alloc
 .text.udc_ep_buf_free
                0x0000000010007390       0x1c zephyr/drivers/usb/udc/libdrivers__usb__udc.a(udc_common.c.obj)
                0x0000000010007390                udc_ep_buf_free
 .text.udc_device_speed
                0x00000000100073ac       0x2c zephyr/drivers/usb/udc/libdrivers__usb__udc.a(udc_common.c.obj)
                0x00000000100073ac                udc_device_speed
 .text.udc_enable
                0x00000000100073d8       0x52 zephyr/drivers/usb/udc/libdrivers__usb__udc.a(udc_common.c.obj)
                0x00000000100073d8                udc_enable
 .text.udc_disable
                0x000000001000742a       0x40 zephyr/drivers/usb/udc/libdrivers__usb__udc.a(udc_common.c.obj)
                0x000000001000742a                udc_disable
 .text.udc_init
                0x000000001000746a       0x5e zephyr/drivers/usb/udc/libdrivers__usb__udc.a(udc_common.c.obj)
                0x000000001000746a                udc_init
 .text.udc_shutdown
                0x00000000100074c8       0x4e zephyr/drivers/usb/udc/libdrivers__usb__udc.a(udc_common.c.obj)
                0x00000000100074c8                udc_shutdown
 .text.udc_ctrl_submit_s_out_status
                0x0000000010007516       0x4c zephyr/drivers/usb/udc/libdrivers__usb__udc.a(udc_common.c.obj)
                0x0000000010007516                udc_ctrl_submit_s_out_status
 .text.udc_ctrl_submit_s_in_status
                0x0000000010007562       0x4c zephyr/drivers/usb/udc/libdrivers__usb__udc.a(udc_common.c.obj)
                0x0000000010007562                udc_ctrl_submit_s_in_status
 .text.udc_ctrl_submit_s_status
                0x00000000100075ae       0x3e zephyr/drivers/usb/udc/libdrivers__usb__udc.a(udc_common.c.obj)
                0x00000000100075ae                udc_ctrl_submit_s_status
 .text.udc_ctrl_submit_status
                0x00000000100075ec        0xe zephyr/drivers/usb/udc/libdrivers__usb__udc.a(udc_common.c.obj)
                0x00000000100075ec                udc_ctrl_submit_status
 .text.udc_ctrl_stage_is_data_out
                0x00000000100075fa        0xe zephyr/drivers/usb/udc/libdrivers__usb__udc.a(udc_common.c.obj)
                0x00000000100075fa                udc_ctrl_stage_is_data_out
 .text.udc_ctrl_stage_is_data_in
                0x0000000010007608        0xe zephyr/drivers/usb/udc/libdrivers__usb__udc.a(udc_common.c.obj)
                0x0000000010007608                udc_ctrl_stage_is_data_in
 .text.udc_ctrl_stage_is_status_out
                0x0000000010007616        0xe zephyr/drivers/usb/udc/libdrivers__usb__udc.a(udc_common.c.obj)
                0x0000000010007616                udc_ctrl_stage_is_status_out
 .text.udc_ctrl_stage_is_status_in
                0x0000000010007624        0xe zephyr/drivers/usb/udc/libdrivers__usb__udc.a(udc_common.c.obj)
                0x0000000010007624                udc_ctrl_stage_is_status_in
 .text.udc_ctrl_stage_is_no_data
                0x0000000010007632        0xe zephyr/drivers/usb/udc/libdrivers__usb__udc.a(udc_common.c.obj)
                0x0000000010007632                udc_ctrl_stage_is_no_data
 .text.udc_ctrl_update_stage
                0x0000000010007640       0x84 zephyr/drivers/usb/udc/libdrivers__usb__udc.a(udc_common.c.obj)
                0x0000000010007640                udc_ctrl_update_stage
 .text.udc_rpi_pico_set_address
                0x00000000100076c4        0xa zephyr/drivers/usb/udc/libdrivers__usb__udc.a(udc_rpi_pico.c.obj)
 .text.udc_rpi_pico_host_wakeup
                0x00000000100076ce       0x20 zephyr/drivers/usb/udc/libdrivers__usb__udc.a(udc_rpi_pico.c.obj)
 .text.udc_rpi_pico_shutdown
                0x00000000100076ee       0x14 zephyr/drivers/usb/udc/libdrivers__usb__udc.a(udc_rpi_pico.c.obj)
 .text.udc_rpi_pico_disable
                0x0000000010007702       0x2c zephyr/drivers/usb/udc/libdrivers__usb__udc.a(udc_rpi_pico.c.obj)
 .text.udc_rpi_pico_irq_disable_func_0
                0x000000001000772e        0x6 zephyr/drivers/usb/udc/libdrivers__usb__udc.a(udc_rpi_pico.c.obj)
 .text.udc_rpi_pico_irq_enable_func_0
                0x0000000010007734       0x16 zephyr/drivers/usb/udc/libdrivers__usb__udc.a(udc_rpi_pico.c.obj)
 .text.udc_rpi_pico_init
                0x000000001000774a       0x40 zephyr/drivers/usb/udc/libdrivers__usb__udc.a(udc_rpi_pico.c.obj)
 .text.atomic_clear
                0x000000001000778a       0x14 zephyr/drivers/usb/udc/libdrivers__usb__udc.a(udc_rpi_pico.c.obj)
 .text.udc_rpi_pico_lock
                0x000000001000779e       0x1c zephyr/drivers/usb/udc/libdrivers__usb__udc.a(udc_rpi_pico.c.obj)
 .text.read_buf_ctrl_reg.isra.0
                0x00000000100077ba       0x1c zephyr/drivers/usb/udc/libdrivers__usb__udc.a(udc_rpi_pico.c.obj)
 .text.udc_rpi_pico_unlock
                0x00000000100077d6       0x12 zephyr/drivers/usb/udc/libdrivers__usb__udc.a(udc_rpi_pico.c.obj)
 .text.udc_rpi_pico_driver_preinit
                0x00000000100077e8      0x136 zephyr/drivers/usb/udc/libdrivers__usb__udc.a(udc_rpi_pico.c.obj)
 .text.k_event_post.isra.0
                0x000000001000791e        0x4 zephyr/drivers/usb/udc/libdrivers__usb__udc.a(udc_rpi_pico.c.obj)
 .text.atomic_set_bit
                0x0000000010007922       0x1e zephyr/drivers/usb/udc/libdrivers__usb__udc.a(udc_rpi_pico.c.obj)
 .text.write_buf_ctrl_reg.isra.0
                0x0000000010007940       0x1c zephyr/drivers/usb/udc/libdrivers__usb__udc.a(udc_rpi_pico.c.obj)
 .text.rpi_pico_prep_rx.constprop.0
                0x000000001000795c       0x88 zephyr/drivers/usb/udc/libdrivers__usb__udc.a(udc_rpi_pico.c.obj)
 .text.rpi_pico_ctrl_feed_dout
                0x00000000100079e4       0x34 zephyr/drivers/usb/udc/libdrivers__usb__udc.a(udc_rpi_pico.c.obj)
 .text.rpi_pico_ep_cancel
                0x0000000010007a18       0x6a zephyr/drivers/usb/udc/libdrivers__usb__udc.a(udc_rpi_pico.c.obj)
 .text.udc_rpi_pico_ep_set_halt
                0x0000000010007a82       0x84 zephyr/drivers/usb/udc/libdrivers__usb__udc.a(udc_rpi_pico.c.obj)
 .text.udc_rpi_pico_ep_dequeue
                0x0000000010007b06       0x3a zephyr/drivers/usb/udc/libdrivers__usb__udc.a(udc_rpi_pico.c.obj)
 .text.udc_rpi_pico_ep_enable
                0x0000000010007b40       0x8e zephyr/drivers/usb/udc/libdrivers__usb__udc.a(udc_rpi_pico.c.obj)
 .text.rpi_pico_prep_tx
                0x0000000010007bce       0xa4 zephyr/drivers/usb/udc/libdrivers__usb__udc.a(udc_rpi_pico.c.obj)
 .text.rpi_pico_handle_xfer_next
                0x0000000010007c72       0x52 zephyr/drivers/usb/udc/libdrivers__usb__udc.a(udc_rpi_pico.c.obj)
 .text.udc_rpi_pico_ep_clear_halt
                0x0000000010007cc4       0xbc zephyr/drivers/usb/udc/libdrivers__usb__udc.a(udc_rpi_pico.c.obj)
 .text.udc_rpi_pico_ep_disable
                0x0000000010007d80       0x62 zephyr/drivers/usb/udc/libdrivers__usb__udc.a(udc_rpi_pico.c.obj)
 .text.udc_rpi_pico_thread_0
                0x0000000010007de2      0x268 zephyr/drivers/usb/udc/libdrivers__usb__udc.a(udc_rpi_pico.c.obj)
 .text.udc_rpi_pico_ep_enqueue
                0x000000001000804a       0x40 zephyr/drivers/usb/udc/libdrivers__usb__udc.a(udc_rpi_pico.c.obj)
 .text.clock_control_rpi_pico_on
                0x000000001000808a       0x3c zephyr/drivers/clock_control/libdrivers__clock_control.a(clock_control_rpi_pico.c.obj)
 .text.clock_control_rpi_pico_off
                0x00000000100080c6       0x3c zephyr/drivers/clock_control/libdrivers__clock_control.a(clock_control_rpi_pico.c.obj)
 .text.rpi_pico_is_clock_enabled.isra.0
                0x0000000010008102       0x70 zephyr/drivers/clock_control/libdrivers__clock_control.a(clock_control_rpi_pico.c.obj)
 .text.clock_control_rpi_pico_get_status
                0x0000000010008172       0x18 zephyr/drivers/clock_control/libdrivers__clock_control.a(clock_control_rpi_pico.c.obj)
 .text.clock_control_rpi_pico_get_rate
                0x000000001000818a       0x1e zephyr/drivers/clock_control/libdrivers__clock_control.a(clock_control_rpi_pico.c.obj)
 .text.rpi_pico_clkid_tuple_reorder_by_dependencies
                0x00000000100081a8       0x4c zephyr/drivers/clock_control/libdrivers__clock_control.a(clock_control_rpi_pico.c.obj)
                0x00000000100081a8                rpi_pico_clkid_tuple_reorder_by_dependencies
 .text.gpio_rpi_port_get_raw
                0x00000000100081f4        0xa zephyr/drivers/gpio/libdrivers__gpio.a(gpio_rpi_pico.c.obj)
 .text.gpio_rpi_port_set_bits_raw
                0x00000000100081fe       0x24 zephyr/drivers/gpio/libdrivers__gpio.a(gpio_rpi_pico.c.obj)
 .text.gpio_rpi_port_clear_bits_raw
                0x0000000010008222       0x24 zephyr/drivers/gpio/libdrivers__gpio.a(gpio_rpi_pico.c.obj)
 .text.gpio_rpi_port_toggle_bits
                0x0000000010008246       0x16 zephyr/drivers/gpio/libdrivers__gpio.a(gpio_rpi_pico.c.obj)
 .text.gpio_rpi_manage_callback
                0x000000001000825c       0x52 zephyr/drivers/gpio/libdrivers__gpio.a(gpio_rpi_pico.c.obj)
 .text.gpio_rpi_bank_init
                0x00000000100082ae        0xe zephyr/drivers/gpio/libdrivers__gpio.a(gpio_rpi_pico.c.obj)
 .text.gpio_rpi_pin_interrupt_configure
                0x00000000100082bc       0x42 zephyr/drivers/gpio/libdrivers__gpio.a(gpio_rpi_pico.c.obj)
 .text.bank_0_config_func
                0x00000000100082fe       0x16 zephyr/drivers/gpio/libdrivers__gpio.a(gpio_rpi_pico.c.obj)
 .text.gpio_rpi_port_set_masked_raw
                0x0000000010008314       0x40 zephyr/drivers/gpio/libdrivers__gpio.a(gpio_rpi_pico.c.obj)
 .text.z_impl_hwinfo_get_device_id
                0x0000000010008354       0x38 zephyr/drivers/hwinfo/libdrivers__hwinfo.a(hwinfo_rpi_pico.c.obj)
                0x0000000010008354                z_impl_hwinfo_get_device_id
 .text.pinctrl_lookup_state
                0x000000001000838c       0x26 zephyr/drivers/pinctrl/libdrivers__pinctrl.a(common.c.obj)
                0x000000001000838c                pinctrl_lookup_state
 .text.pinctrl_configure_pins
                0x00000000100083b2       0xc2 zephyr/drivers/pinctrl/libdrivers__pinctrl.a(pinctrl_rpi_pico.c.obj)
                0x00000000100083b2                pinctrl_configure_pins
 .text.pwr_on_raspberrypi_pico_uart
                0x0000000010008474        0x4 zephyr/drivers/serial/libdrivers__serial.a(uart_pl011.c.obj)
 .text.clk_enable_raspberrypi_pico_uart
                0x0000000010008478        0x4 zephyr/drivers/serial/libdrivers__serial.a(uart_pl011.c.obj)
 .text.pl011_poll_in
                0x000000001000847c       0x2a zephyr/drivers/serial/libdrivers__serial.a(uart_pl011.c.obj)
 .text.pl011_poll_out
                0x00000000100084a6        0xe zephyr/drivers/serial/libdrivers__serial.a(uart_pl011.c.obj)
 .text.pl011_err_check
                0x00000000100084b4       0x24 zephyr/drivers/serial/libdrivers__serial.a(uart_pl011.c.obj)
 .text.pl011_runtime_config_get
                0x00000000100084d8       0x10 zephyr/drivers/serial/libdrivers__serial.a(uart_pl011.c.obj)
 .text.pl011_fifo_fill
                0x00000000100084e8       0x1e zephyr/drivers/serial/libdrivers__serial.a(uart_pl011.c.obj)
 .text.pl011_fifo_read
                0x0000000010008506       0x1e zephyr/drivers/serial/libdrivers__serial.a(uart_pl011.c.obj)
 .text.pl011_irq_tx_enable
                0x0000000010008524       0x4a zephyr/drivers/serial/libdrivers__serial.a(uart_pl011.c.obj)
 .text.pl011_irq_tx_disable
                0x000000001000856e       0x14 zephyr/drivers/serial/libdrivers__serial.a(uart_pl011.c.obj)
 .text.pl011_irq_tx_complete
                0x0000000010008582       0x10 zephyr/drivers/serial/libdrivers__serial.a(uart_pl011.c.obj)
 .text.pl011_irq_tx_ready
                0x0000000010008592       0x2c zephyr/drivers/serial/libdrivers__serial.a(uart_pl011.c.obj)
 .text.pl011_irq_rx_enable
                0x00000000100085be        0xe zephyr/drivers/serial/libdrivers__serial.a(uart_pl011.c.obj)
 .text.pl011_irq_rx_disable
                0x00000000100085cc        0xe zephyr/drivers/serial/libdrivers__serial.a(uart_pl011.c.obj)
 .text.pl011_irq_rx_ready
                0x00000000100085da       0x26 zephyr/drivers/serial/libdrivers__serial.a(uart_pl011.c.obj)
 .text.pl011_irq_err_enable
                0x0000000010008600        0xe zephyr/drivers/serial/libdrivers__serial.a(uart_pl011.c.obj)
 .text.pl011_irq_err_disable
                0x000000001000860e        0xe zephyr/drivers/serial/libdrivers__serial.a(uart_pl011.c.obj)
 .text.pl011_irq_is_pending
                0x000000001000861c       0x1c zephyr/drivers/serial/libdrivers__serial.a(uart_pl011.c.obj)
 .text.pl011_irq_update
                0x0000000010008638        0x4 zephyr/drivers/serial/libdrivers__serial.a(uart_pl011.c.obj)
 .text.pl011_irq_callback_set
                0x000000001000863c        0x8 zephyr/drivers/serial/libdrivers__serial.a(uart_pl011.c.obj)
 .text.pl011_isr
                0x0000000010008644       0x26 zephyr/drivers/serial/libdrivers__serial.a(uart_pl011.c.obj)
                0x0000000010008644                pl011_isr
 .text.pl011_irq_config_func_0
                0x000000001000866a       0x16 zephyr/drivers/serial/libdrivers__serial.a(uart_pl011.c.obj)
 .text.pl011_runtime_configure
                0x0000000010008680        0x6 zephyr/drivers/serial/libdrivers__serial.a(uart_pl011.c.obj)
 .text.pl011_init
                0x0000000010008686      0x112 zephyr/drivers/serial/libdrivers__serial.a(uart_pl011.c.obj)
 .text.clock_configure
                0x0000000010008798       0x52 modules/hal_rpi_pico/libmodules__hal_rpi_pico.a(clocks.c.obj)
                0x0000000010008798                clock_configure
 .text.tick_start
                0x00000000100087ea       0x14 modules/hal_rpi_pico/libmodules__hal_rpi_pico.a(ticks.c.obj)
                0x00000000100087ea                tick_start
 .text.gpio_set_irqover
                0x00000000100087fe       0x1e modules/hal_rpi_pico/libmodules__hal_rpi_pico.a(gpio.c.obj)
                0x00000000100087fe                gpio_set_irqover
 .text.gpio_set_inover
                0x000000001000881c       0x1e modules/hal_rpi_pico/libmodules__hal_rpi_pico.a(gpio.c.obj)
                0x000000001000881c                gpio_set_inover
 .text.gpio_set_outover
                0x000000001000883a       0x1e modules/hal_rpi_pico/libmodules__hal_rpi_pico.a(gpio.c.obj)
                0x000000001000883a                gpio_set_outover
 .text.gpio_set_oeover
                0x0000000010008858       0x1e modules/hal_rpi_pico/libmodules__hal_rpi_pico.a(gpio.c.obj)
                0x0000000010008858                gpio_set_oeover
 .text.gpio_init
                0x0000000010008876       0x12 modules/hal_rpi_pico/libmodules__hal_rpi_pico.a(gpio.c.obj)
                0x0000000010008876                gpio_init
 .text.flash_get_unique_id
                0x0000000010008888       0x3c modules/hal_rpi_pico/libmodules__hal_rpi_pico.a(flash.c.obj)
                0x0000000010008888                flash_get_unique_id
 .text.do_device_init
                0x00000000100088c4       0x30 zephyr/kernel/libkernel.a(device.c.obj)
                0x00000000100088c4                do_device_init
 .text.z_impl_device_is_ready
                0x00000000100088f4       0x16 zephyr/kernel/libkernel.a(device.c.obj)
                0x00000000100088f4                z_impl_device_is_ready
 .text.arch_system_halt
                0x000000001000890a       0x10 zephyr/kernel/libkernel.a(fatal.c.obj)
                0x000000001000890a                arch_system_halt
 .text.k_sys_fatal_error_handler
                0x000000001000891a        0x6 zephyr/kernel/libkernel.a(fatal.c.obj)
                0x000000001000891a                k_sys_fatal_error_handler
 .text.z_heap_alloc_helper
                0x0000000010008920       0x84 zephyr/kernel/libkernel.a(kheap.c.obj)
 .text.k_heap_init
                0x00000000100089a4       0x10 zephyr/kernel/libkernel.a(kheap.c.obj)
                0x00000000100089a4                k_heap_init
 .text.k_heap_free
                0x00000000100089b4       0x38 zephyr/kernel/libkernel.a(kheap.c.obj)
                0x00000000100089b4                k_heap_free
 .text.create_free_list
                0x00000000100089ec       0x34 zephyr/kernel/libkernel.a(mem_slab.c.obj)
 .text.k_mem_slab_free
                0x0000000010008a20       0x6e zephyr/kernel/libkernel.a(mem_slab.c.obj)
                0x0000000010008a20                k_mem_slab_free
 .text.idle     0x0000000010008a8e       0x16 zephyr/kernel/libkernel.a(idle.c.obj)
                0x0000000010008a8e                idle
 .text.unpend_thread_no_timeout
                0x0000000010008aa4       0x1a zephyr/kernel/libkernel.a(msg_q.c.obj)
 .text.z_impl_k_msgq_put
                0x0000000010008abe        0xe zephyr/kernel/libkernel.a(msg_q.c.obj)
                0x0000000010008abe                z_impl_k_msgq_put
 .text.adjust_owner_prio.isra.0
                0x0000000010008acc       0x10 zephyr/kernel/libkernel.a(mutex.c.obj)
 .text.z_impl_k_mutex_init
                0x0000000010008adc        0xe zephyr/kernel/libkernel.a(mutex.c.obj)
                0x0000000010008adc                z_impl_k_mutex_init
 .text.unpend_thread_no_timeout
                0x0000000010008aea       0x1a zephyr/kernel/libkernel.a(queue.c.obj)
 .text.queue_insert
                0x0000000010008b04       0xce zephyr/kernel/libkernel.a(queue.c.obj)
 .text.z_queue_node_peek
                0x0000000010008bd2       0x18 zephyr/kernel/libkernel.a(queue.c.obj)
                0x0000000010008bd2                z_queue_node_peek
 .text.z_impl_k_queue_init
                0x0000000010008bea       0x10 zephyr/kernel/libkernel.a(queue.c.obj)
                0x0000000010008bea                z_impl_k_queue_init
 .text.k_queue_append
                0x0000000010008bfa       0x16 zephyr/kernel/libkernel.a(queue.c.obj)
                0x0000000010008bfa                k_queue_append
 .text.k_queue_prepend
                0x0000000010008c10       0x14 zephyr/kernel/libkernel.a(queue.c.obj)
                0x0000000010008c10                k_queue_prepend
 .text.z_impl_k_queue_peek_head
                0x0000000010008c24        0x8 zephyr/kernel/libkernel.a(queue.c.obj)
                0x0000000010008c24                z_impl_k_queue_peek_head
 .text.flag_test_and_clear
                0x0000000010008c2c       0x16 zephyr/kernel/libkernel.a(work.c.obj)
 .text.unschedule_locked
                0x0000000010008c42       0x1e zephyr/kernel/libkernel.a(work.c.obj)
 .text.notify_queue_locked.isra.0
                0x0000000010008c60        0xe zephyr/kernel/libkernel.a(work.c.obj)
 .text.work_timeout
                0x0000000010008c6e       0x3c zephyr/kernel/libkernel.a(work.c.obj)
 .text.k_work_init
                0x0000000010008caa       0x12 zephyr/kernel/libkernel.a(work.c.obj)
                0x0000000010008caa                k_work_init
 .text.z_work_submit_to_queue
                0x0000000010008cbc       0x26 zephyr/kernel/libkernel.a(work.c.obj)
                0x0000000010008cbc                z_work_submit_to_queue
 .text.k_work_submit_to_queue
                0x0000000010008ce2       0x20 zephyr/kernel/libkernel.a(work.c.obj)
                0x0000000010008ce2                k_work_submit_to_queue
 .text.k_work_init_delayable
                0x0000000010008d02       0x18 zephyr/kernel/libkernel.a(work.c.obj)
                0x0000000010008d02                k_work_init_delayable
 .text.k_is_in_isr
                0x0000000010008d1a        0xc zephyr/kernel/libkernel.a(thread.c.obj)
                0x0000000010008d1a                k_is_in_isr
 .text.z_impl_k_thread_name_set
                0x0000000010008d26        0x6 zephyr/kernel/libkernel.a(thread.c.obj)
                0x0000000010008d26                z_impl_k_thread_name_set
 .text.sys_dlist_remove
                0x0000000010008d2c       0x10 zephyr/kernel/libkernel.a(sched.c.obj)
 .text.unpend_thread_no_timeout
                0x0000000010008d3c       0x14 zephyr/kernel/libkernel.a(sched.c.obj)
 .text.add_to_waitq_locked
                0x0000000010008d50       0x50 zephyr/kernel/libkernel.a(sched.c.obj)
 .text.z_ready_thread
                0x0000000010008da0       0x1e zephyr/kernel/libkernel.a(sched.c.obj)
                0x0000000010008da0                z_ready_thread
 .text.z_unpend_thread_no_timeout
                0x0000000010008dbe       0x22 zephyr/kernel/libkernel.a(sched.c.obj)
                0x0000000010008dbe                z_unpend_thread_no_timeout
 .text.z_sched_wake_thread
                0x0000000010008de0       0x46 zephyr/kernel/libkernel.a(sched.c.obj)
                0x0000000010008de0                z_sched_wake_thread
 .text.z_thread_timeout
                0x0000000010008e26        0x8 zephyr/kernel/libkernel.a(sched.c.obj)
                0x0000000010008e26                z_thread_timeout
 .text.z_unpend_thread
                0x0000000010008e2e       0x10 zephyr/kernel/libkernel.a(sched.c.obj)
                0x0000000010008e2e                z_unpend_thread
 .text.z_unpend_all
                0x0000000010008e3e       0x26 zephyr/kernel/libkernel.a(sched.c.obj)
                0x0000000010008e3e                z_unpend_all
 .text.z_impl_k_sleep
                0x0000000010008e64       0x3e zephyr/kernel/libkernel.a(sched.c.obj)
                0x0000000010008e64                z_impl_k_sleep
 .text.z_sched_wake
                0x0000000010008ea2       0x44 zephyr/kernel/libkernel.a(sched.c.obj)
                0x0000000010008ea2                z_sched_wake
 .text.z_sched_waitq_walk
                0x0000000010008ee6       0x44 zephyr/kernel/libkernel.a(sched.c.obj)
                0x0000000010008ee6                z_sched_waitq_walk
 .text.next_timeout
                0x0000000010008f2a       0x2e zephyr/kernel/libkernel.a(timeout.c.obj)
 .text.z_abort_timeout
                0x0000000010008f58       0x50 zephyr/kernel/libkernel.a(timeout.c.obj)
                0x0000000010008f58                z_abort_timeout
 .text.sys_clock_tick_get_32
                0x0000000010008fa8        0x8 zephyr/kernel/libkernel.a(timeout.c.obj)
                0x0000000010008fa8                sys_clock_tick_get_32
 .text.sys_timepoint_calc
                0x0000000010008fb0       0x4a zephyr/kernel/libkernel.a(timeout.c.obj)
                0x0000000010008fb0                sys_timepoint_calc
 .text.sys_timepoint_timeout
                0x0000000010008ffa       0x42 zephyr/kernel/libkernel.a(timeout.c.obj)
                0x0000000010008ffa                sys_timepoint_timeout
 .text.k_event_wait_internal
                0x000000001000903c       0x86 zephyr/kernel/libkernel.a(events.c.obj)
 .text.event_walk_op
                0x00000000100090c2       0x3c zephyr/kernel/libkernel.a(events.c.obj)
 .text.z_impl_k_event_init
                0x00000000100090fe        0xa zephyr/kernel/libkernel.a(events.c.obj)
                0x00000000100090fe                z_impl_k_event_init
 .text.z_impl_k_event_post
                0x0000000010009108        0x6 zephyr/kernel/libkernel.a(events.c.obj)
                0x0000000010009108                z_impl_k_event_post
 .text.z_impl_k_event_clear
                0x000000001000910e        0x8 zephyr/kernel/libkernel.a(events.c.obj)
                0x000000001000910e                z_impl_k_event_clear
 .text.z_impl_k_event_wait
                0x0000000010009116        0x6 zephyr/kernel/libkernel.a(events.c.obj)
                0x0000000010009116                z_impl_k_event_wait
 .text.k_free   0x000000001000911c        0xe zephyr/kernel/libkernel.a(mempool.c.obj)
                0x000000001000911c                k_free
 .text.memcpy   0x000000001000912a       0x1a /home/amine/zephyr-sdk-0.17.4/arm-zephyr-eabi/bin/../lib/gcc/../../picolibc/arm-zephyr-eabi/lib/thumb/v8-m.main/nofp/libc.a(memcpy.c.o)
                0x000000001000912a                memcpy
                0x000000001000912a                __aeabi_memcpy
                0x000000001000912a                __aeabi_memcpy4
                0x000000001000912a                __aeabi_memcpy8
 .text.memset   0x0000000010009144       0x10 /home/amine/zephyr-sdk-0.17.4/arm-zephyr-eabi/bin/../lib/gcc/../../picolibc/arm-zephyr-eabi/lib/thumb/v8-m.main/nofp/libc.a(memset.c.o)
                0x0000000010009144                memset
 .text.strnlen  0x0000000010009154       0x18 /home/amine/zephyr-sdk-0.17.4/arm-zephyr-eabi/bin/../lib/gcc/../../picolibc/arm-zephyr-eabi/lib/thumb/v8-m.main/nofp/libc.a(libc_string_strnlen.c.o)
                0x0000000010009154                strnlen
 .text.__ultoa_invert
                0x000000001000916c       0xac /home/amine/zephyr-sdk-0.17.4/arm-zephyr-eabi/bin/../lib/gcc/../../picolibc/arm-zephyr-eabi/lib/thumb/v8-m.main/nofp/libc.a(libc_tinystdio_vflprintf.c.o)
 .text.__ultoa_invert.__stub
                0x0000000010009218        0x8 linker stubs
 *(SORT_BY_ALIGNMENT(.gnu.linkonce.t.*))
 *(SORT_BY_ALIGNMENT(.glue_7t))
 .glue_7t       0x0000000010009220        0x0 linker stubs
 *(SORT_BY_ALIGNMENT(.glue_7))
 .glue_7        0x0000000010009220        0x0 linker stubs
 *(SORT_BY_ALIGNMENT(.vfp11_veneer))
 .vfp11_veneer  0x0000000010009220        0x0 linker stubs
 *(SORT_BY_ALIGNMENT(.v4_bx))
 .v4_bx         0x0000000010009220        0x0 linker stubs
                0x0000000010009220                . = ALIGN (0x4)
                0x0000000010009220                __text_region_end = .

.ARM.exidx      0x0000000010009220        0x8
                0x0000000010009220                __exidx_start = .
 *(SORT_BY_ALIGNMENT(.ARM.exidx*) SORT_BY_ALIGNMENT(gnu.linkonce.armexidx.*))
 .ARM.exidx     0x0000000010009220        0x8 /home/amine/zephyr-sdk-0.17.4/arm-zephyr-eabi/bin/../lib/gcc/arm-zephyr-eabi/12.2.0/thumb/v8-m.main/nofp/libgcc.a(_udivmoddi4.o)
                0x0000000010009228                __exidx_end = .
                0x0000000010009228                __rodata_region_start = .

initlevel       0x0000000010009228       0x70
                0x0000000010009228                __init_start = .
                0x0000000010009228                __init_EARLY_start = .
 *(SORT_BY_NAME(SORT_BY_ALIGNMENT(.z_init_EARLY_P_?_*)))
 *(SORT_BY_NAME(SORT_BY_ALIGNMENT(.z_init_EARLY_P_??_*)))
 *(SORT_BY_NAME(SORT_BY_ALIGNMENT(.z_init_EARLY_P_???_*)))
                0x0000000010009228                __init_PRE_KERNEL_1_start = .
 *(SORT_BY_NAME(SORT_BY_ALIGNMENT(.z_init_PRE_KERNEL_1_P_?_*)))
 *(SORT_BY_NAME(SORT_BY_ALIGNMENT(.z_init_PRE_KERNEL_1_P_??_*)))
 .z_init_PRE_KERNEL_1_P_30_SUB_00025_
                0x0000000010009228        0x8 zephyr/drivers/clock_control/libdrivers__clock_control.a(clock_control_rpi_pico.c.obj)
 .z_init_PRE_KERNEL_1_P_30_SUB_0_
                0x0000000010009230        0x8 zephyr/kernel/libkernel.a(kheap.c.obj)
 .z_init_PRE_KERNEL_1_P_30_SUB_0_
                0x0000000010009238        0x8 zephyr/kernel/libkernel.a(mem_slab.c.obj)
 .z_init_PRE_KERNEL_1_P_35_SUB_00027_
                0x0000000010009240        0x8 zephyr/drivers/reset/libdrivers__reset.a(reset_rpi_pico.c.obj)
 .z_init_PRE_KERNEL_1_P_50_SUB_00067_
                0x0000000010009248        0x8 zephyr/drivers/serial/libdrivers__serial.a(uart_pl011.c.obj)
 .z_init_PRE_KERNEL_1_P_50_SUB_00075_
                0x0000000010009250        0x8 zephyr/subsys/usb/device_next/libsubsys__usb__device_next.a(usbd_cdc_acm.c.obj)
 .z_init_PRE_KERNEL_1_P_60_SUB_0_
                0x0000000010009258        0x8 zephyr/drivers/console/libdrivers__console.a(uart_console.c.obj)
 *(SORT_BY_NAME(SORT_BY_ALIGNMENT(.z_init_PRE_KERNEL_1_P_???_*)))
                0x0000000010009260                __init_PRE_KERNEL_2_start = .
 *(SORT_BY_NAME(SORT_BY_ALIGNMENT(.z_init_PRE_KERNEL_2_P_?_*)))
 .z_init_PRE_KERNEL_2_P_0_SUB_0_
                0x0000000010009260        0x8 zephyr/drivers/timer/libdrivers__timer.a(cortex_m_systick.c.obj)
 *(SORT_BY_NAME(SORT_BY_ALIGNMENT(.z_init_PRE_KERNEL_2_P_??_*)))
 *(SORT_BY_NAME(SORT_BY_ALIGNMENT(.z_init_PRE_KERNEL_2_P_???_*)))
                0x0000000010009268                __init_POST_KERNEL_start = .
 *(SORT_BY_NAME(SORT_BY_ALIGNMENT(.z_init_POST_KERNEL_P_?_*)))
 *(SORT_BY_NAME(SORT_BY_ALIGNMENT(.z_init_POST_KERNEL_P_??_*)))
 .z_init_POST_KERNEL_P_35_SUB_0_
                0x0000000010009268        0x8 zephyr/lib/libc/common/liblib__libc__common.a(malloc.c.obj)
 .z_init_POST_KERNEL_P_40_SUB_00034_
                0x0000000010009270        0x8 zephyr/drivers/gpio/libdrivers__gpio.a(gpio_rpi_pico.c.obj)
 .z_init_POST_KERNEL_P_40_SUB_0_
                0x0000000010009278        0x8 zephyr/kernel/libkernel.a(system_work_q.c.obj)
 .z_init_POST_KERNEL_P_50_SUB_00074_
                0x0000000010009280        0x8 zephyr/drivers/usb/udc/libdrivers__usb__udc.a(udc_rpi_pico.c.obj)
 .z_init_POST_KERNEL_P_90_SUB_0_
                0x0000000010009288        0x8 zephyr/subsys/usb/device_next/libsubsys__usb__device_next.a(usbd_core.c.obj)
 *(SORT_BY_NAME(SORT_BY_ALIGNMENT(.z_init_POST_KERNEL_P_???_*)))
                0x0000000010009290                __init_APPLICATION_start = .
 *(SORT_BY_NAME(SORT_BY_ALIGNMENT(.z_init_APPLICATION_P_?_*)))
 *(SORT_BY_NAME(SORT_BY_ALIGNMENT(.z_init_APPLICATION_P_??_*)))
 .z_init_APPLICATION_P_90_SUB_0_
                0x0000000010009290        0x8 zephyr/libzephyr.a(cdc_acm_serial.c.obj)
 *(SORT_BY_NAME(SORT_BY_ALIGNMENT(.z_init_APPLICATION_P_???_*)))
                0x0000000010009298                __init_SMP_start = .
 *(SORT_BY_NAME(SORT_BY_ALIGNMENT(.z_init_SMP_P_?_*)))
 *(SORT_BY_NAME(SORT_BY_ALIGNMENT(.z_init_SMP_P_??_*)))
 *(SORT_BY_NAME(SORT_BY_ALIGNMENT(.z_init_SMP_P_???_*)))
                0x0000000010009298                __init_end = .

device_area     0x0000000010009298       0xa8
                0x0000000010009298                _device_list_start = .
 *(SORT_BY_NAME(SORT_BY_ALIGNMENT(._device.static.*_?_*)))
 *(SORT_BY_NAME(SORT_BY_ALIGNMENT(._device.static.*_??_*)))
 ._device.static.1_30_
                0x0000000010009298       0x1c zephyr/drivers/clock_control/libdrivers__clock_control.a(clock_control_rpi_pico.c.obj)
                0x0000000010009298                __device_dts_ord_25
 ._device.static.1_35_
                0x00000000100092b4       0x1c zephyr/drivers/reset/libdrivers__reset.a(reset_rpi_pico.c.obj)
                0x00000000100092b4                __device_dts_ord_27
 ._device.static.1_50_
                0x00000000100092d0       0x1c zephyr/subsys/usb/device_next/libsubsys__usb__device_next.a(usbd_cdc_acm.c.obj)
                0x00000000100092d0                __device_dts_ord_75
 ._device.static.1_50_
                0x00000000100092ec       0x1c zephyr/drivers/serial/libdrivers__serial.a(uart_pl011.c.obj)
                0x00000000100092ec                __device_dts_ord_67
 ._device.static.3_40_
                0x0000000010009308       0x1c zephyr/drivers/gpio/libdrivers__gpio.a(gpio_rpi_pico.c.obj)